This is LuaHBTeX, Version 1.24.0 (TeX Live 2026)  (format=lualatex 2026.9.17)  29 SEP 2026 01:07
 restricted system commands enabled.
**main.tex
(./main.tex
LaTeX2e <2026-06-01>
L3 programming layer <2026-08-10>
Lua module: luaotfload 2024-12-03 v3.29 Lua based OpenType font support
Lua module: lualibs 2023-07-13 v2.76 ConTeXt Lua standard libraries.
Lua module: lualibs-extended 2023-07-13 v2.76 ConTeXt Lua libraries -- extended 
collection.
luaotfload | conf : Root cache directory is "/home/hisham/texlive/current/texmf-
var/luatex-cache/generic/names".
luaotfload | init : Loading fontloader "fontloader-2023-12-28.lua" from kpse-res
olved path "/home/hisham/texlive/current/texmf-dist/tex/luatex/luaotfload/fontlo
ader-2023-12-28.lua".
Lua-only attribute luaotfload@noligature = 1
luaotfload | init : Context OpenType loader version 3.134
Inserting `luaotfload.node_processor' in `pre_linebreak_filter'.
Inserting `luaotfload.node_processor' in `hpack_filter'.
Inserting `luaotfload.glyph_stream' in `glyph_stream_provider'.
Inserting `luaotfload.define_font' in `define_font'.
Lua-only attribute luaotfload_color_attribute = 2
luaotfload | conf : Root cache directory is "/home/hisham/texlive/current/texmf-
var/luatex-cache/generic/names".
Inserting `luaotfload.harf.strip_prefix' in `find_opentype_file'.
Inserting `luaotfload.harf.strip_prefix' in `find_truetype_file'.
Removing  `luaotfload.glyph_stream' from `glyph_stream_provider'.
Inserting `luaotfload.harf.glyphstream' in `glyph_stream_provider'.
Inserting `luaotfload.harf.finalize_vlist' in `post_linebreak_filter'.
Inserting `luaotfload.harf.finalize_hlist' in `hpack_filter'.
Inserting `luaotfload.cleanup_files' in `wrapup_run'.
Inserting `luaotfload.harf.finalize_unicode' in `finish_pdffile'.
Inserting `luaotfload.glyphinfo' in `glyph_info'.
Lua-only attribute luaotfload.letterspace_done = 3
Inserting `luaotfload.aux.set_sscale_dimens' in `luaotfload.patch_font'.
Inserting `luaotfload.aux.set_font_index' in `luaotfload.patch_font'.
Inserting `luaotfload.aux.patch_cambria_domh' in `luaotfload.patch_font'.
Inserting `luaotfload.aux.fixup_fontdata' in `luaotfload.patch_font_unsafe'.
Inserting `luaotfload.aux.set_capheight' in `luaotfload.patch_font'.
Inserting `luaotfload.aux.set_xheight' in `luaotfload.patch_font'.
Inserting `luaotfload.rewrite_fontname' in `luaotfload.patch_font'.
Inserting `tracingstacklevels' in `input_level_string'. (/home/hisham/texlive/c
urrent/texmf-dist/tex/generic/iftex/iftex.sty
Package: iftex 2024/12/12 v1.0g TeX engine tests
)
(/home/hisham/texlive/current/texmf-dist/tex/latex/base/report.cls
Document Class: report 2025/01/22 v1.4n Standard LaTeX document class
(/home/hisham/texlive/current/texmf-dist/tex/latex/base/size12.clo
File: size12.clo 2025/01/22 v1.4n Standard LaTeX file (size option)
luaotfload | db : Font names database loaded from /home/hisham/texlive/current/t
exmf-var/luatex-cache/generic/names/luaotfload-names.luc.gz)
\c@part=\count274
\c@chapter=\count275
\c@section=\count276
\c@subsection=\count277
\c@subsubsection=\count278
\c@paragraph=\count279
\c@subparagraph=\count280
\c@figure=\count281
\c@table=\count282
\abovecaptionskip=\skip49
\belowcaptionskip=\skip50
\bibindent=\dimen149
)
(/home/hisham/texlive/current/texmf-dist/tex/latex/fontspec/fontspec.sty
Package: fontspec 2026/08/11 v2.9h Font selection for XeLaTeX and LuaLaTeX
Lua module: fontspec 2026/08/11 v2.9h Font selection for XeLaTeX and LuaLaTeX
(/home/hisham/texlive/current/texmf-dist/tex/latex/fontspec/fontspec-luatex.sty
Package: fontspec-luatex 2026/08/11 v2.9h Font selection for XeLaTeX and LuaLaT
eX
\l__fontspec_script_int=\count283
\l__fontspec_language_int=\count284
\l__fontspec_strnum_int=\count285
\l__fontspec_tmp_int=\count286
\l__fontspec_tmpa_int=\count287
\l__fontspec_tmpb_int=\count288
\l__fontspec_tmpc_int=\count289
\l__fontspec_em_int=\count290
\l__fontspec_emdef_int=\count291
\l__fontspec_strong_int=\count292
\l__fontspec_strongdef_int=\count293
\l__fontspec_tmpa_dim=\dimen150
\l__fontspec_tmpb_dim=\dimen151
\l__fontspec_tmpc_dim=\dimen152
(/home/hisham/texlive/current/texmf-dist/tex/latex/base/fontenc.sty
Package: fontenc 2025/07/18 v2.1d Standard LaTeX package
)
(/home/hisham/texlive/current/texmf-dist/tex/latex/fontspec/fontspec.cfg)))
(/home/hisham/texlive/current/texmf-dist/tex/latex/geometry/geometry.sty
Package: geometry 2026/03/07 v6.0 Page Geometry

(/home/hisham/texlive/current/texmf-dist/tex/latex/graphics/keyval.sty
Package: keyval 2026-05-17 v1.15 key=value parser (DPC)
\KV@toks@=\toks17
)
(/home/hisham/texlive/current/texmf-dist/tex/generic/iftex/ifvtex.sty
Package: ifvtex 2019/10/25 v1.7 ifvtex legacy package. Use iftex instead.
)
\Gm@cnth=\count294
\Gm@cntv=\count295
\c@Gm@tempcnt=\count296
\Gm@bindingoffset=\dimen153
\Gm@wd@mp=\dimen154
\Gm@odd@mp=\dimen155
\Gm@even@mp=\dimen156
\Gm@layoutwidth=\dimen157
\Gm@layoutheight=\dimen158
\Gm@layouthoffset=\dimen159
\Gm@layoutvoffset=\dimen160
\Gm@dimlist=\toks18
)
(/home/hisham/texlive/current/texmf-dist/tex/latex/setspace/setspace.sty
Package: setspace 2022/12/04 v6.7b set line spacing
)
(/home/hisham/texlive/current/texmf-dist/tex/latex/parskip/parskip.sty
Package: parskip 2021-03-14 v2.0h non-zero parskip adjustments

(/home/hisham/texlive/current/texmf-dist/tex/latex/kvoptions/kvoptions.sty
Package: kvoptions 2022-06-15 v3.15 Key value format for package options (HO)

(/home/hisham/texlive/current/texmf-dist/tex/generic/ltxcmds/ltxcmds.sty
Package: ltxcmds 2023-12-04 v1.26 LaTeX kernel commands for general use (HO)
)
(/home/hisham/texlive/current/texmf-dist/tex/latex/kvsetkeys/kvsetkeys.sty
Package: kvsetkeys 2022-10-05 v1.19 Key value parser (HO)
))
(/home/hisham/texlive/current/texmf-dist/tex/latex/etoolbox/etoolbox.sty
Package: etoolbox 2025/10/02 v2.5m e-TeX tools for LaTeX (JAW)
\etb@tempcnta=\count297
))
(/home/hisham/texlive/current/texmf-dist/tex/latex/tools/longtable.sty
Package: longtable 2026-01-28 v4.27 Multi-page Table package (DPC)
\LTleft=\skip51
\LTright=\skip52
\LTpre=\skip53
\LTpost=\skip54
\LTchunksize=\count298
\LTcapwidth=\dimen161
\LT@head=\box53
\LT@firsthead=\box54
\LT@foot=\box55
\LT@lastfoot=\box56
\LT@gbox=\box57
\LT@cols=\count299
\LT@rows=\count300
\c@LT@tables=\count301
\c@LT@chunks=\count302
\LT@p@ftn=\toks19
)
(/home/hisham/texlive/current/texmf-dist/tex/latex/xcolor/xcolor.sty
Package: xcolor 2024/09/29 v3.02 LaTeX color extensions (UK)

(/home/hisham/texlive/current/texmf-dist/tex/latex/graphics-cfg/color.cfg
File: color.cfg 2016/01/02 v1.6 sample color configuration
)
Package xcolor Info: Driver file: luatex.def on input line 274.

(/home/hisham/texlive/current/texmf-dist/tex/latex/graphics-def/luatex.def
File: luatex.def 2025/09/29 v1.2f Graphics/color driver for luatex
)
(/home/hisham/texlive/current/texmf-dist/tex/latex/graphics/mathcolor.ltx)
Package xcolor Info: Model `cmy' substituted by `cmy0' on input line 1349.
Package xcolor Info: Model `hsb' substituted by `rgb' on input line 1353.
Package xcolor Info: Model `RGB' extended on input line 1365.
Package xcolor Info: Model `HTML' substituted by `rgb' on input line 1367.
Package xcolor Info: Model `Hsb' substituted by `hsb' on input line 1368.
Package xcolor Info: Model `tHsb' substituted by `hsb' on input line 1369.
Package xcolor Info: Model `HSB' substituted by `hsb' on input line 1370.
Package xcolor Info: Model `Gray' substituted by `gray' on input line 1371.
Package xcolor Info: Model `wave' substituted by `hsb' on input line 1372.
)
(/home/hisham/texlive/current/texmf-dist/tex/latex/titlesec/titlesec.sty
Package: titlesec 2025/01/04 v2.17 Sectioning titles
\ttl@box=\box58
\beforetitleunit=\skip55
\aftertitleunit=\skip56
\ttl@plus=\dimen162
\ttl@minus=\dimen163
\ttl@toksa=\toks20
\titlewidth=\dimen164
\titlewidthlast=\dimen165
\titlewidthfirst=\dimen166
)
(/home/hisham/texlive/current/texmf-dist/tex/latex/graphics/graphicx.sty
Package: graphicx 2026-05-17 v1.2e Enhanced LaTeX Graphics (DPC,SPQR)

(/home/hisham/texlive/current/texmf-dist/tex/latex/graphics/graphics.sty
Package: graphics 2026-05-17 v1.4h Standard LaTeX Graphics (DPC,SPQR)

(/home/hisham/texlive/current/texmf-dist/tex/latex/graphics/trig.sty
Package: trig 2023/12/02 v1.11 sin cos tan (DPC)
)
(/home/hisham/texlive/current/texmf-dist/tex/latex/graphics-cfg/graphics.cfg
File: graphics.cfg 2016/06/04 v1.11 sample graphics configuration
)
Package graphics Info: Driver file: luatex.def on input line 106.
)
\Gin@req@height=\dimen167
\Gin@req@width=\dimen168
) (/home/hisham/texlive/current/texmf-dist/tex/latex/float/float.sty
Package: float 2001/11/08 v1.3d Float enhancements (AL)
\c@float@type=\count303
\float@exts=\toks21
\float@box=\box59
\@float@everytoks=\toks22
\@floatcapt=\box60
)
(/home/hisham/texlive/current/texmf-dist/tex/latex/caption/subcaption.sty
Package: subcaption 2023/07/28 v1.6b Sub-captions (AR)

(/home/hisham/texlive/current/texmf-dist/tex/latex/caption/caption.sty
Package: caption 2023/08/05 v3.6o Customizing captions (AR)

(/home/hisham/texlive/current/texmf-dist/tex/latex/caption/caption3.sty
Package: caption3 2023/07/31 v2.4d caption3 kernel (AR)
\caption@tempdima=\dimen169
\captionmargin=\dimen170
\caption@leftmargin=\dimen171
\caption@rightmargin=\dimen172
\caption@width=\dimen173
\caption@indent=\dimen174
\caption@parindent=\dimen175
\caption@hangindent=\dimen176
Package caption Info: Standard document class detected.
)
\c@caption@flags=\count304
\c@continuedfloat=\count305
Package caption Info: float package is loaded.
Package caption Info: longtable package is loaded.

(/home/hisham/texlive/current/texmf-dist/tex/latex/caption/ltcaption.sty
Package: ltcaption 2021/01/08 v1.4c longtable captions (AR)
))
Package caption Info: New subtype `subfigure' on input line 238.
\c@subfigure=\count306
Package caption Info: New subtype `subtable' on input line 238.
\c@subtable=\count307
)
(/home/hisham/texlive/current/texmf-dist/tex/latex/amsmath/amsmath.sty
Package: amsmath 2026/05/19 v2.18d AMS math features
\@mathmargin=\skip57

For additional information on amsmath, use the `?' option.
(/home/hisham/texlive/current/texmf-dist/tex/latex/amsmath/amstext.sty
Package: amstext 2024/11/17 v2.01 AMS text

(/home/hisham/texlive/current/texmf-dist/tex/latex/amsmath/amsgen.sty
File: amsgen.sty 1999/11/30 v2.0 generic functions
\@emptytoks=\toks23
\ex@=\dimen177
))
(/home/hisham/texlive/current/texmf-dist/tex/latex/amsmath/amsbsy.sty
Package: amsbsy 1999/11/29 v1.2d Bold Symbols
\pmbraise@=\dimen178
)
(/home/hisham/texlive/current/texmf-dist/tex/latex/amsmath/amsopn.sty
Package: amsopn 2022/04/08 v2.04 operator names
)
\inf@bad=\count308
LaTeX Info: Redefining \frac on input line 235.
\uproot@=\count309
\leftroot@=\count310
LaTeX Info: Redefining \overline on input line 398.
LaTeX Info: Redefining \colon on input line 409.
\classnum@=\count311
\DOTSCASE@=\count312
LaTeX Info: Redefining \ldots on input line 495.
LaTeX Info: Redefining \dots on input line 498.
LaTeX Info: Redefining \cdots on input line 619.
\Mathstrutbox@=\box61
\strutbox@=\box62
LaTeX Info: Redefining \big on input line 721.
LaTeX Info: Redefining \Big on input line 722.
LaTeX Info: Redefining \bigg on input line 723.
LaTeX Info: Redefining \Bigg on input line 724.
\big@size=\dimen179
LaTeX Font Info:    Redeclaring font encoding OML on input line 742.
LaTeX Font Info:    Redeclaring font encoding OMS on input line 743.
\macc@depth=\count313
LaTeX Info: Redefining \bmod on input line 904.
LaTeX Info: Redefining \pmod on input line 909.
LaTeX Info: Redefining \smash on input line 939.
LaTeX Info: Redefining \relbar on input line 969.
LaTeX Info: Redefining \Relbar on input line 970.
\c@MaxMatrixCols=\count314
\dotsspace@=\muskip17
\c@parentequation=\count315
\dspbrk@lvl=\count316
\tag@help=\toks24
\row@=\count317
\column@=\count318
\maxfields@=\count319
\andhelp@=\toks25
\eqnshift@=\dimen180
\alignsep@=\dimen181
\tagshift@=\dimen182
\tagwidth@=\dimen183
\totwidth@=\dimen184
\lineht@=\dimen185
\@envbody=\toks26
\multlinegap=\skip58
\multlinetaggap=\skip59
\mathdisplay@stack=\toks27
LaTeX Info: Redefining \[ on input line 2965.
LaTeX Info: Redefining \] on input line 2966.
)
(/home/hisham/texlive/current/texmf-dist/tex/latex/amsfonts/amssymb.sty
Package: amssymb 2013/01/14 v3.01 AMS font symbols

(/home/hisham/texlive/current/texmf-dist/tex/latex/amsfonts/amsfonts.sty
Package: amsfonts 2013/01/14 v3.01 Basic AMSFonts support
\symAMSa=\mathgroup4
\symAMSb=\mathgroup5
LaTeX Font Info:    Redeclaring math symbol \hbar on input line 98.
LaTeX Font Info:    Overwriting math alphabet `\mathfrak' in version `bold'
(Font)                  U/euf/m/n --> U/euf/b/n on input line 106.
))
(/home/hisham/texlive/current/texmf-dist/tex/latex/enumitem/enumitem.sty
Package: enumitem 2025/02/06 v3.11 Customized lists
\labelindent=\skip60
\enit@outerparindent=\dimen186
\enit@toks=\toks28
\enit@inbox=\box63
\enit@count@id=\count320
\enitdp@description=\count321
)
luaotfload | cache : Lookup cache loaded from /home/hisham/texlive/current/texmf
-var/luatex-cache/generic/names/luaotfload-lookup-cache.luc.
luaotfload | db : Reload initiated (formats: otf,ttf,ttc); reason: Font "FreeSer
if" not found.

Package fontspec Info: 
(fontspec)             Font family 'LiberationSerif(0)' created for font
(fontspec)             'Liberation Serif' with options
(fontspec)             [Ligatures=TeX,Ligatures=NoCommon,RawFeature={-tlig;fall
back=thesisfb}].
(fontspec)              
(fontspec)              This font family consists of the following NFSS
(fontspec)             series/shapes:
(fontspec)              
(fontspec)             - 'normal' (m/n) with NFSS spec.: <->"name:Liberation
(fontspec)             Serif:mode=node;script=latn;language=dflt;+tlig;-liga;-t
lig;fallback=thesisfb;"
(fontspec)             - 'bold' (b/n) with NFSS spec.: <->"name:Liberation
(fontspec)             Serif/B:mode=node;script=latn;language=dflt;+tlig;-liga;
-tlig;fallback=thesisfb;"
(fontspec)             - 'italic' (m/it) with NFSS spec.: <->"name:Liberation
(fontspec)             Serif/I:mode=node;script=latn;language=dflt;+tlig;-liga;
-tlig;fallback=thesisfb;"
(fontspec)             - 'bold italic' (b/it) with NFSS spec.:
(fontspec)             <->"name:Liberation
(fontspec)             Serif/BI:mode=node;script=latn;language=dflt;+tlig;-liga
;-tlig;fallback=thesisfb;"


(/home/hisham/texlive/current/texmf-dist/tex/latex/l3kernel/l3backend-luatex.de
f
File: l3backend-luatex.def 2026-08-10 L3 backend support: PDF output (LuaTeX)
\l__color_backend_stack_int=\count322
Inserting `l3color' in `luaotfload.parse_color'.) (./main.aux)
\openout1 = main.aux

LaTeX Font Info:    Checking defaults for OML/cmm/m/it on input line 114.
LaTeX Font Info:    ... okay on input line 114.
LaTeX Font Info:    Checking defaults for OMS/cmsy/m/n on input line 114.
LaTeX Font Info:    ... okay on input line 114.
LaTeX Font Info:    Checking defaults for OT1/cmr/m/n on input line 114.
LaTeX Font Info:    ... okay on input line 114.
LaTeX Font Info:    Checking defaults for T1/cmr/m/n on input line 114.
LaTeX Font Info:    ... okay on input line 114.
LaTeX Font Info:    Checking defaults for TS1/cmr/m/n on input line 114.
LaTeX Font Info:    ... okay on input line 114.
LaTeX Font Info:    Checking defaults for TU/lmr/m/n on input line 114.
LaTeX Font Info:    ... okay on input line 114.
LaTeX Font Info:    Checking defaults for OMX/cmex/m/n on input line 114.
LaTeX Font Info:    ... okay on input line 114.
LaTeX Font Info:    Checking defaults for U/cmr/m/n on input line 114.
LaTeX Font Info:    ... okay on input line 114.

Package fontspec Info: 
(fontspec)             Adjusting the maths setup (use [no-math] to avoid
(fontspec)             this).

\symlegacymaths=\mathgroup6
LaTeX Font Info:    Overwriting symbol font `legacymaths' in version `bold'
(Font)                  OT1/cmr/m/n --> OT1/cmr/bx/n on input line 114.
LaTeX Font Info:    Redeclaring math accent \acute on input line 114.
LaTeX Font Info:    Redeclaring math accent \grave on input line 114.
LaTeX Font Info:    Redeclaring math accent \ddot on input line 114.
LaTeX Font Info:    Redeclaring math accent \tilde on input line 114.
LaTeX Font Info:    Redeclaring math accent \bar on input line 114.
LaTeX Font Info:    Redeclaring math accent \breve on input line 114.
LaTeX Font Info:    Redeclaring math accent \check on input line 114.
LaTeX Font Info:    Redeclaring math accent \hat on input line 114.
LaTeX Font Info:    Redeclaring math accent \dot on input line 114.
LaTeX Font Info:    Redeclaring math accent \mathring on input line 114.
LaTeX Font Info:    Redeclaring math symbol \Gamma on input line 114.
LaTeX Font Info:    Redeclaring math symbol \Delta on input line 114.
LaTeX Font Info:    Redeclaring math symbol \Theta on input line 114.
LaTeX Font Info:    Redeclaring math symbol \Lambda on input line 114.
LaTeX Font Info:    Redeclaring math symbol \Xi on input line 114.
LaTeX Font Info:    Redeclaring math symbol \Pi on input line 114.
LaTeX Font Info:    Redeclaring math symbol \Sigma on input line 114.
LaTeX Font Info:    Redeclaring math symbol \Upsilon on input line 114.
LaTeX Font Info:    Redeclaring math symbol \Phi on input line 114.
LaTeX Font Info:    Redeclaring math symbol \Psi on input line 114.
LaTeX Font Info:    Redeclaring math symbol \Omega on input line 114.
LaTeX Font Info:    Redeclaring math symbol \mathdollar on input line 114.
LaTeX Font Info:    Redeclaring symbol font `operators' on input line 114.
LaTeX Font Info:    Encoding `OT1' has changed to `TU' for symbol font
(Font)              `operators' in the math version `normal' on input line 114.

LaTeX Font Info:    Overwriting symbol font `operators' in version `normal'
(Font)                  OT1/cmr/m/n --> TU/LiberationSerif(0)/m/n on input line
 114.
LaTeX Font Info:    Encoding `OT1' has changed to `TU' for symbol font
(Font)              `operators' in the math version `bold' on input line 114.
LaTeX Font Info:    Overwriting symbol font `operators' in version `bold'
(Font)                  OT1/cmr/bx/n --> TU/LiberationSerif(0)/m/n on input lin
e 114.
LaTeX Font Info:    Overwriting symbol font `operators' in version `normal'
(Font)                  TU/LiberationSerif(0)/m/n --> TU/LiberationSerif(0)/m/n
 on input line 114.
LaTeX Font Info:    Overwriting math alphabet `\mathit' in version `normal'
(Font)                  OT1/cmr/m/it --> TU/LiberationSerif(0)/m/it on input li
ne 114.
LaTeX Font Info:    Overwriting math alphabet `\mathbf' in version `normal'
(Font)                  OT1/cmr/bx/n --> TU/LiberationSerif(0)/b/n on input lin
e 114.
LaTeX Font Info:    Overwriting math alphabet `\mathsf' in version `normal'
(Font)                  OT1/cmss/m/n --> TU/lmss/m/n on input line 114.
LaTeX Font Info:    Overwriting math alphabet `\mathtt' in version `normal'
(Font)                  OT1/cmtt/m/n --> TU/lmtt/m/n on input line 114.
LaTeX Font Info:    Overwriting symbol font `operators' in version `bold'
(Font)                  TU/LiberationSerif(0)/m/n --> TU/LiberationSerif(0)/b/n
 on input line 114.
LaTeX Font Info:    Overwriting math alphabet `\mathit' in version `bold'
(Font)                  OT1/cmr/bx/it --> TU/LiberationSerif(0)/b/it on input l
ine 114.
LaTeX Font Info:    Overwriting math alphabet `\mathsf' in version `bold'
(Font)                  OT1/cmss/bx/n --> TU/lmss/b/n on input line 114.
LaTeX Font Info:    Overwriting math alphabet `\mathtt' in version `bold'
(Font)                  OT1/cmtt/m/n --> TU/lmtt/b/n on input line 114.

*geometry* driver: auto-detecting
*geometry* detected driver: luatex
*geometry* verbose mode - [ preamble ] result:
* driver: luatex
* paper: a4paper
* layout: <same size as paper>
* layoutoffset:(h,v)=(0.0pt,0.0pt)
* modes: 
* h-part:(L,W,R)=(71.13188pt, 455.24411pt, 71.13188pt)
* v-part:(T,H,B)=(56.9055pt, 731.23584pt, 56.9055pt)
* \paperwidth=597.50787pt
* \paperheight=845.04684pt
* \textwidth=455.24411pt
* \textheight=731.23584pt
* \oddsidemargin=-1.1381pt
* \evensidemargin=-1.1381pt
* \topmargin=-52.36449pt
* \headheight=12.0pt
* \headsep=25.0pt
* \topskip=12.0pt
* \footskip=30.0pt
* \marginparwidth=35.0pt
* \marginparsep=10.0pt
* \columnsep=10.0pt
* \skip\footins=10.8pt plus 4.0pt minus 2.0pt
* \hoffset=0.0pt
* \voffset=0.0pt
* \mag=1000
* \@twocolumnfalse
* \@twosidefalse
* \@mparswitchfalse
* \@reversemarginfalse
* (1in=72.27pt=25.4mm, 1cm=28.453pt)

(/home/hisham/texlive/current/texmf-dist/tex/context/base/mkii/supp-pdf.mkii
[Loading MPS to PDF converter (version 2006.09.02).]
\scratchcounter=\count323
\scratchdimen=\dimen187
\scratchbox=\box64
\nofMPsegments=\count324
\nofMParguments=\count325
\everyMPshowfont=\toks29
\MPscratchCnt=\count326
\MPscratchDim=\dimen188
\MPnumerator=\count327
\makeMPintoPDFobject=\count328
\everyMPtoPDFconversion=\toks30
)
(/home/hisham/texlive/current/texmf-dist/tex/latex/epstopdf-pkg/epstopdf-base.s
ty
Package: epstopdf-base 2020-01-24 v2.11 Base part for package epstopdf
Package epstopdf-base Info: Redefining graphics rule for `.eps' on input line 4
85.

(/home/hisham/texlive/current/texmf-dist/tex/latex/latexconfig/epstopdf-sys.cfg
File: epstopdf-sys.cfg 2010/07/13 v1.3 Configuration of (r)epstopdf for TeX Liv
e
))
Package caption Info: Begin \AtBeginDocument code.
Package caption Info: End \AtBeginDocument code.
 [1

{/home/hisham/texlive/current/texmf-var/fonts/map/pdftex/updmap/pdftex.map}] (.
/main.toc
LaTeX Font Info:    Trying to load font information for U+msa on input line 2.

(/home/hisham/texlive/current/texmf-dist/tex/latex/amsfonts/umsa.fd
File: umsa.fd 2013/01/14 v3.01 AMS symbols A
)
LaTeX Font Info:    Trying to load font information for U+msb on input line 2.

(/home/hisham/texlive/current/texmf-dist/tex/latex/amsfonts/umsb.fd
File: umsb.fd 2013/01/14 v3.01 AMS symbols B
) [1

])
\tf@toc=\write3

\openout3 = main.toc

[2] (./sections/01-introduction.tex
Chapter 1.
<figures/fig-multirotors-1.jpg, id=14, 1052.93375pt x 1105.12875pt>
File: figures/fig-multirotors-1.jpg Graphic file (type jpg)
<use figures/fig-multirotors-1.jpg>
Package luatex.def Info: figures/fig-multirotors-1.jpg  used on input line 51.
(luatex.def)             Requested size: 219.08217pt x 284.52747pt.
<figures/fig-multirotors-2.jpg, id=15, 336.25626pt x 599.23875pt>
File: figures/fig-multirotors-2.jpg Graphic file (type jpg)
<use figures/fig-multirotors-2.jpg>
Package luatex.def Info: figures/fig-multirotors-2.jpg  used on input line 53.
(luatex.def)             Requested size: 219.08731pt x 284.53163pt.
[3

] [4<./figures/fig-multirotors-1.jpg><./figures/fig-multirotors-2.jpg>])
(./sections/02-literature-review.tex [5]
Chapter 2.
[6

] [7]) (./sections/03-system-modelling-and-problem-formulation.tex [8]
Chapter 3.
[9

]
<figures/fig-system-model.png, id=37, 1328.965pt x 633.36626pt>
File: figures/fig-system-model.png Graphic file (type png)
<use figures/fig-system-model.png>
Package luatex.def Info: figures/fig-system-model.png  used on input line 55.
(luatex.def)             Requested size: 386.96027pt x 184.41566pt.
 [10<./figures/fig-system-model.png>] [11] [12] [13]
<figures/fig-ccs-pipeline.png, id=61, 1332.98pt x 573.14125pt>
File: figures/fig-ccs-pipeline.png Graphic file (type png)
<use figures/fig-ccs-pipeline.png>
Package luatex.def Info: figures/fig-ccs-pipeline.png  used on input line 314.
(luatex.def)             Requested size: 455.24411pt x 195.73999pt.
 [14] [15<./figures/fig-ccs-pipeline.png>] [16]) (./sections/04-methodology.tex
 [17]
Chapter 4.
[18

] [19] [20] [21] [22] [23] [24] [25] [26]
<figures/fig-bc-dagger-schedule.png, id=104, 831.105pt x 838.332pt>
File: figures/fig-bc-dagger-schedule.png Graphic file (type png)
<use figures/fig-bc-dagger-schedule.png>
Package luatex.def Info: figures/fig-bc-dagger-schedule.png  used on input line
 541.
(luatex.def)             Requested size: 455.24496pt x 398.33975pt.
 [27<./figures/fig-bc-dagger-schedule.png>] [28] [29]
<figures/fig-dataset-management.png, id=115, 903.375pt x 939.51pt>
File: figures/fig-dataset-management.png Graphic file (type png)
<use figures/fig-dataset-management.png>
Package luatex.def Info: figures/fig-dataset-management.png  used on input line
 736.
(luatex.def)             Requested size: 455.24411pt x 473.4668pt.
 [30] [31<./figures/fig-dataset-management.png>] [32]
[33] [34] [35] [36] [37] [38] [39] [40] [41] [42] [43] [44] [45] [46]
<figures/fig-mappo-loop.png, id=170, 903.375pt x 1228.59pt>
File: figures/fig-mappo-loop.png Graphic file (type png)
<use figures/fig-mappo-loop.png>
Package luatex.def Info: figures/fig-mappo-loop.png  used on input line 1588.
(luatex.def)             Requested size: 432.48051pt x 588.17928pt.
)
(./sections/05-results-and-discussion.tex [47<./figures/fig-mappo-loop.png>]
Chapter 5.
<figures/fig-reference-trajectory-x.png, id=175, 663.9204pt x 282.3348pt>
File: figures/fig-reference-trajectory-x.png Graphic file (type png)
<use figures/fig-reference-trajectory-x.png>
Package luatex.def Info: figures/fig-reference-trajectory-x.png  used on input 
line 27.
(luatex.def)             Requested size: 364.19667pt x 154.87534pt.
[48

<./figures/fig-reference-trajectory-x.png>]
<figures/fig-expert-topview.png, id=180, 497.6994pt x 504.9264pt>
File: figures/fig-expert-topview.png Graphic file (type png)
<use figures/fig-expert-topview.png>
Package luatex.def Info: figures/fig-expert-topview.png  used on input line 45.

(luatex.def)             Requested size: 273.14923pt x 277.11713pt.
<figures/fig-expert-lambdas.png, id=181, 667.7748pt x 547.3248pt>
File: figures/fig-expert-lambdas.png Graphic file (type png)
<use figures/fig-expert-lambdas.png>
Package luatex.def Info: figures/fig-expert-lambdas.png  used on input line 52.

(luatex.def)             Requested size: 364.19667pt x 298.50742pt.
<figures/fig-expert-velocities.png, id=182, 666.8112pt x 365.6862pt>
File: figures/fig-expert-velocities.png Graphic file (type png)
<use figures/fig-expert-velocities.png>
Package luatex.def Info: figures/fig-expert-velocities.png  used on input line 
59.
(luatex.def)             Requested size: 364.19667pt x 199.73305pt.
 [49<./figures/fig-expert-topview.png><./figures/fig-expert-lambdas.png>]
<figures/fig-expert-decision-vars.png, id=188, 681.747pt x 421.575pt>
File: figures/fig-expert-decision-vars.png Graphic file (type png)
<use figures/fig-expert-decision-vars.png>
Package luatex.def Info: figures/fig-expert-decision-vars.png  used on input li
ne 67.
(luatex.def)             Requested size: 364.19667pt x 225.21553pt.
 [50<./figures/fig-expert-velocities.png><./figures/fig-expert-decision-vars.png
>]
<figures/fig-sl-lambda.png, id=196, 1110.0672pt x 550.6974pt>
File: figures/fig-sl-lambda.png Graphic file (type png)
<use figures/fig-sl-lambda.png>
Package luatex.def Info: figures/fig-sl-lambda.png  used on input line 84.
(luatex.def)             Requested size: 455.23213pt x 284.52405pt.
<figures/fig-sl-xy-trajectories.png, id=197, 498.006pt x 394.2pt>
File: figures/fig-sl-xy-trajectories.png Graphic file (type png)
<use figures/fig-sl-xy-trajectories.png>
Package luatex.def Info: figures/fig-sl-xy-trajectories.png  used on input line
 98.
(luatex.def)             Requested size: 364.19667pt x 288.2809pt.
 [51<./figures/fig-sl-lambda.png>]
<figures/fig-sl-velocity-norms.png, id=202, 400.113pt x 327.186pt>
File: figures/fig-sl-velocity-norms.png Graphic file (type png)
<use figures/fig-sl-velocity-norms.png>
Package luatex.def Info: figures/fig-sl-velocity-norms.png  used on input line 
115.
(luatex.def)             Requested size: 364.19667pt x 297.82959pt.

[52<./figures/fig-sl-xy-trajectories.png>]
<figures/fig-f1-1trj-lambdas.png, id=207, 667.7748pt x 547.3248pt>
File: figures/fig-f1-1trj-lambdas.png Graphic file (type png)
<use figures/fig-f1-1trj-lambdas.png>
Package luatex.def Info: figures/fig-f1-1trj-lambdas.png  used on input line 13
8.
(luatex.def)             Requested size: 364.19667pt x 298.50742pt.
 [53<./figures/fig-sl-velocity-norms.png>]
<figures/fig-f1-1trj-load-tracking.png, id=212, 679.8198pt x 547.3248pt>
File: figures/fig-f1-1trj-load-tracking.png Graphic file (type png)
<use figures/fig-f1-1trj-load-tracking.png>
Package luatex.def Info: figures/fig-f1-1trj-load-tracking.png  used on input l
ine 150.
(luatex.def)             Requested size: 364.19667pt x 293.21257pt.
 [54<./figures/fig-f1-1trj-lambdas.png>]
<figures/fig-f1-1trj-load-error.png, id=217, 674.0382pt x 310.2792pt>
File: figures/fig-f1-1trj-load-error.png Graphic file (type png)
<use figures/fig-f1-1trj-load-error.png>
Package luatex.def Info: figures/fig-f1-1trj-load-error.png  used on input line
 157.
(luatex.def)             Requested size: 364.19667pt x 167.64769pt.
<figures/fig-f1-1trj-topview.png, id=218, 548.2884pt x 504.9264pt>
File: figures/fig-f1-1trj-topview.png Graphic file (type png)
<use figures/fig-f1-1trj-topview.png>
Package luatex.def Info: figures/fig-f1-1trj-topview.png  used on input line 16
8.
(luatex.def)             Requested size: 409.71692pt x 377.31476pt.
 [55<./figures/fig-f1-1trj-load-tracking.png><./figures/fig-f1-1trj-load-error.p
ng>]
<figures/fig-f1-1trj-xyz.png, id=224, 601.7682pt x 446.6286pt>
File: figures/fig-f1-1trj-xyz.png Graphic file (type png)
<use figures/fig-f1-1trj-xyz.png>
Package luatex.def Info: figures/fig-f1-1trj-xyz.png  used on input line 175.
(luatex.def)             Requested size: 318.66948pt x 236.51439pt.
<figures/fig-f1-1trj-carrier-dev.png, id=225, 680.3016pt x 310.2792pt>
File: figures/fig-f1-1trj-carrier-dev.png Graphic file (type png)
<use figures/fig-f1-1trj-carrier-dev.png>
Package luatex.def Info: figures/fig-f1-1trj-carrier-dev.png  used on input lin
e 186.
(luatex.def)             Requested size: 364.19667pt x 166.109pt.
 [56<./figures/fig-f1-1trj-topview.png><./figures/fig-f1-1trj-xyz.png>]
<figures/fig-f1-1trj-vnorms.png, id=231, 666.8112pt x 365.6862pt>
File: figures/fig-f1-1trj-vnorms.png Graphic file (type png)
<use figures/fig-f1-1trj-vnorms.png>
Package luatex.def Info: figures/fig-f1-1trj-vnorms.png  used on input line 204
.
(luatex.def)             Requested size: 364.19667pt x 199.73305pt.
 [57<./figures/fig-f1-1trj-carrier-dev.png><./figures/fig-f1-1trj-vnorms.png>]
<figures/fig-failure-short-line.png, id=237, 1110.0672pt x 550.6974pt>
File: figures/fig-failure-short-line.png Graphic file (type png)
<use figures/fig-failure-short-line.png>
Package luatex.def Info: figures/fig-failure-short-line.png  used on input line
 271.
(luatex.def)             Requested size: 455.23213pt x 284.52405pt.
 [58]
<figures/fig-failure-prdot-policy.png, id=241, 1110.0672pt x 550.6974pt>
File: figures/fig-failure-prdot-policy.png Graphic file (type png)
<use figures/fig-failure-prdot-policy.png>
Package luatex.def Info: figures/fig-failure-prdot-policy.png  used on input li
ne 278.
(luatex.def)             Requested size: 455.23213pt x 284.52405pt.
<figures/fig-failure-prdot-heldout.png, id=242, 1110.0672pt x 550.6974pt>
File: figures/fig-failure-prdot-heldout.png Graphic file (type png)
<use figures/fig-failure-prdot-heldout.png>
Package luatex.def Info: figures/fig-failure-prdot-heldout.png  used on input l
ine 285.
(luatex.def)             Requested size: 455.23213pt x 284.52405pt.
 [59<./figures/fig-failure-short-line.png><./figures/fig-failure-prdot-policy.pn
g>]
<figures/fig-gen-time-long-load-pos.png, id=248, 681.747pt x 547.3248pt>
File: figures/fig-gen-time-long-load-pos.png Graphic file (type png)
<use figures/fig-gen-time-long-load-pos.png>
Package luatex.def Info: figures/fig-gen-time-long-load-pos.png  used on input 
line 298.
(luatex.def)             Requested size: 364.19667pt x 292.39412pt.
 [60<./figures/fig-failure-prdot-heldout.png>]
<figures/fig-gen-time-long-load-err.png, id=254, 680.3016pt x 310.2792pt>
File: figures/fig-gen-time-long-load-err.png Graphic file (type png)
<use figures/fig-gen-time-long-load-err.png>
Package luatex.def Info: figures/fig-gen-time-long-load-err.png  used on input 
line 305.
(luatex.def)             Requested size: 364.19667pt x 166.109pt.
<figures/fig-gen-time-long-lambda.png, id=255, 667.7748pt x 547.3248pt>
File: figures/fig-gen-time-long-lambda.png Graphic file (type png)
<use figures/fig-gen-time-long-lambda.png>
Package luatex.def Info: figures/fig-gen-time-long-lambda.png  used on input li
ne 312.
(luatex.def)             Requested size: 364.19667pt x 298.50742pt.
 [61<./figures/fig-gen-time-long-load-pos.png><./figures/fig-gen-time-long-load-
err.png>]
<figures/fig-gen-time-long-carrier-dev.png, id=261, 687.0468pt x 310.2792pt>
File: figures/fig-gen-time-long-carrier-dev.png Graphic file (type png)
<use figures/fig-gen-time-long-carrier-dev.png>
Package luatex.def Info: figures/fig-gen-time-long-carrier-dev.png  used on inp
ut line 319.
(luatex.def)             Requested size: 364.19667pt x 164.4756pt.
<figures/fig-gen-time-long-vnorms.png, id=262, 666.8112pt x 365.6862pt>
File: figures/fig-gen-time-long-vnorms.png Graphic file (type png)
<use figures/fig-gen-time-long-vnorms.png>
Package luatex.def Info: figures/fig-gen-time-long-vnorms.png  used on input li
ne 326.
(luatex.def)             Requested size: 364.19667pt x 199.73305pt.
 [62<./figures/fig-gen-time-long-lambda.png><./figures/fig-gen-time-long-carrier
-dev.png>]
<figures/fig-gen-time-long-xyz.png, id=268, 623.4492pt x 446.6286pt>
File: figures/fig-gen-time-long-xyz.png Graphic file (type png)
<use figures/fig-gen-time-long-xyz.png>
Package luatex.def Info: figures/fig-gen-time-long-xyz.png  used on input line 
333.
(luatex.def)             Requested size: 364.19667pt x 260.90526pt.
 [63<./figures/fig-gen-time-long-vnorms.png><./figures/fig-gen-time-long-xyz.png
>]
<figures/fig-gen-time-short-load-pos.png, id=274, 681.747pt x 547.3248pt>
File: figures/fig-gen-time-short-load-pos.png Graphic file (type png)
<use figures/fig-gen-time-short-load-pos.png>
Package luatex.def Info: figures/fig-gen-time-short-load-pos.png  used on input
 line 372.
(luatex.def)             Requested size: 364.19667pt x 292.39412pt.
<figures/fig-gen-time-short-load-err.png, id=275, 680.3016pt x 310.2792pt>
File: figures/fig-gen-time-short-load-err.png Graphic file (type png)
<use figures/fig-gen-time-short-load-err.png>
Package luatex.def Info: figures/fig-gen-time-short-load-err.png  used on input
 line 379.
(luatex.def)             Requested size: 364.19667pt x 166.109pt.
 [64<./figures/fig-gen-time-short-load-pos.png>]
<figures/fig-gen-time-short-lambda.png, id=280, 667.7748pt x 547.3248pt>
File: figures/fig-gen-time-short-lambda.png Graphic file (type png)
<use figures/fig-gen-time-short-lambda.png>
Package luatex.def Info: figures/fig-gen-time-short-lambda.png  used on input l
ine 386.
(luatex.def)             Requested size: 364.19667pt x 298.50742pt.
<figures/fig-gen-time-short-carrier-dev.png, id=281, 680.7834pt x 310.2792pt>
File: figures/fig-gen-time-short-carrier-dev.png Graphic file (type png)
<use figures/fig-gen-time-short-carrier-dev.png>
Package luatex.def Info: figures/fig-gen-time-short-carrier-dev.png  used on in
put line 393.
(luatex.def)             Requested size: 364.19667pt x 165.98589pt.
 [65<./figures/fig-gen-time-short-load-err.png><./figures/fig-gen-time-short-lam
bda.png>]
<figures/fig-gen-time-short-vnorms.png, id=287, 666.8112pt x 365.6862pt>
File: figures/fig-gen-time-short-vnorms.png Graphic file (type png)
<use figures/fig-gen-time-short-vnorms.png>
Package luatex.def Info: figures/fig-gen-time-short-vnorms.png  used on input l
ine 400.
(luatex.def)             Requested size: 364.19667pt x 199.73305pt.
<figures/fig-gen-time-short-xyz.png, id=288, 623.4492pt x 446.6286pt>
File: figures/fig-gen-time-short-xyz.png Graphic file (type png)
<use figures/fig-gen-time-short-xyz.png>
Package luatex.def Info: figures/fig-gen-time-short-xyz.png  used on input line
 407.
(luatex.def)             Requested size: 364.19667pt x 260.90526pt.
 [66<./figures/fig-gen-time-short-carrier-dev.png><./figures/fig-gen-time-short-
vnorms.png>]
<figures/fig-gen-mag-load-pos.png, id=294, 681.747pt x 547.3248pt>
File: figures/fig-gen-mag-load-pos.png Graphic file (type png)
<use figures/fig-gen-mag-load-pos.png>
Package luatex.def Info: figures/fig-gen-mag-load-pos.png  used on input line 4
48.
(luatex.def)             Requested size: 364.19667pt x 292.39412pt.
 [67<./figures/fig-gen-time-short-xyz.png>]
<figures/fig-gen-mag-load-err.png, id=299, 687.0468pt x 310.2792pt>
File: figures/fig-gen-mag-load-err.png Graphic file (type png)
<use figures/fig-gen-mag-load-err.png>
Package luatex.def Info: figures/fig-gen-mag-load-err.png  used on input line 4
55.
(luatex.def)             Requested size: 364.19667pt x 164.4756pt.
<figures/fig-gen-mag-lambda.png, id=300, 667.7748pt x 547.3248pt>
File: figures/fig-gen-mag-lambda.png Graphic file (type png)
<use figures/fig-gen-mag-lambda.png>
Package luatex.def Info: figures/fig-gen-mag-lambda.png  used on input line 462
.
(luatex.def)             Requested size: 364.19667pt x 298.50742pt.

[68<./figures/fig-gen-mag-load-pos.png><./figures/fig-gen-mag-load-err.png>]
<figures/fig-gen-mag-carrier-dev.png, id=306, 684.6378pt x 310.2792pt>
File: figures/fig-gen-mag-carrier-dev.png Graphic file (type png)
<use figures/fig-gen-mag-carrier-dev.png>
Package luatex.def Info: figures/fig-gen-mag-carrier-dev.png  used on input lin
e 469.
(luatex.def)             Requested size: 364.19667pt x 165.0532pt.
<figures/fig-gen-mag-vnorms.png, id=307, 666.8112pt x 365.6862pt>
File: figures/fig-gen-mag-vnorms.png Graphic file (type png)
<use figures/fig-gen-mag-vnorms.png>
Package luatex.def Info: figures/fig-gen-mag-vnorms.png  used on input line 476
.
(luatex.def)             Requested size: 364.19667pt x 199.73305pt.

[69<./figures/fig-gen-mag-lambda.png><./figures/fig-gen-mag-carrier-dev.png>]
<figures/fig-gen-mag-xyz.png, id=313, 631.158pt x 446.6286pt>
File: figures/fig-gen-mag-xyz.png Graphic file (type png)
<use figures/fig-gen-mag-xyz.png>
Package luatex.def Info: figures/fig-gen-mag-xyz.png  used on input line 483.
(luatex.def)             Requested size: 364.19667pt x 257.71584pt.
<figures/fig-gen-mag-xyz-2ndpov.png, id=314, 1321.8183pt x 673.5564pt>
File: figures/fig-gen-mag-xyz-2ndpov.png Graphic file (type png)
<use figures/fig-gen-mag-xyz-2ndpov.png>
Package luatex.def Info: figures/fig-gen-mag-xyz-2ndpov.png  used on input line
 490.
(luatex.def)             Requested size: 455.24411pt x 231.97638pt.

[70<./figures/fig-gen-mag-vnorms.png><./figures/fig-gen-mag-xyz.png>]
<figures/fig-gen-dir1-load-pos.png, id=321, 675.4836pt x 547.3248pt>
File: figures/fig-gen-dir1-load-pos.png Graphic file (type png)
<use figures/fig-gen-dir1-load-pos.png>
Package luatex.def Info: figures/fig-gen-dir1-load-pos.png  used on input line 
531.
(luatex.def)             Requested size: 364.19667pt x 295.1pt.
 [71<./figures/fig-gen-mag-xyz-2ndpov.png>]
<figures/fig-gen-dir1-load-err.png, id=326, 680.3016pt x 310.2792pt>
File: figures/fig-gen-dir1-load-err.png Graphic file (type png)
<use figures/fig-gen-dir1-load-err.png>
Package luatex.def Info: figures/fig-gen-dir1-load-err.png  used on input line 
538.
(luatex.def)             Requested size: 364.19667pt x 166.109pt.
<figures/fig-gen-dir1-load-orient.png, id=327, 675.4836pt x 547.3248pt>
File: figures/fig-gen-dir1-load-orient.png Graphic file (type png)
<use figures/fig-gen-dir1-load-orient.png>
Package luatex.def Info: figures/fig-gen-dir1-load-orient.png  used on input li
ne 545.
(luatex.def)             Requested size: 364.19667pt x 295.1pt.
 [72<./figures/fig-gen-dir1-load-pos.png><./figures/fig-gen-dir1-load-err.png>]
<figures/fig-gen-dir1-lambda.png, id=333, 667.7748pt x 547.3248pt>
File: figures/fig-gen-dir1-lambda.png Graphic file (type png)
<use figures/fig-gen-dir1-lambda.png>
Package luatex.def Info: figures/fig-gen-dir1-lambda.png  used on input line 55
2.
(luatex.def)             Requested size: 364.19667pt x 298.50742pt.
<figures/fig-gen-dir1-carrier-dev.png, id=334, 775.698pt x 310.2792pt>
File: figures/fig-gen-dir1-carrier-dev.png Graphic file (type png)
<use figures/fig-gen-dir1-carrier-dev.png>
Package luatex.def Info: figures/fig-gen-dir1-carrier-dev.png  used on input li
ne 559.
(luatex.def)             Requested size: 364.19667pt x 145.67973pt.
 [73<./figures/fig-gen-dir1-load-orient.png><./figures/fig-gen-dir1-lambda.png>]
<figures/fig-gen-dir1-vnorms.png, id=340, 669.702pt x 365.6862pt>
File: figures/fig-gen-dir1-vnorms.png Graphic file (type png)
<use figures/fig-gen-dir1-vnorms.png>
Package luatex.def Info: figures/fig-gen-dir1-vnorms.png  used on input line 56
6.
(luatex.def)             Requested size: 364.19667pt x 198.86816pt.
<figures/fig-gen-dir1-xyz.png, id=341, 768.471pt x 446.6286pt>
File: figures/fig-gen-dir1-xyz.png Graphic file (type png)
<use figures/fig-gen-dir1-xyz.png>
Package luatex.def Info: figures/fig-gen-dir1-xyz.png  used on input line 573.
(luatex.def)             Requested size: 364.19667pt x 211.66692pt.
 [74<./figures/fig-gen-dir1-carrier-dev.png><./figures/fig-gen-dir1-vnorms.png><
./figures/fig-gen-dir1-xyz.png>]
<figures/fig-gen-dir2-load-pos.png, id=348, 666.8112pt x 547.3248pt>
File: figures/fig-gen-dir2-load-pos.png Graphic file (type png)
<use figures/fig-gen-dir2-load-pos.png>
Package luatex.def Info: figures/fig-gen-dir2-load-pos.png  used on input line 
612.
(luatex.def)             Requested size: 364.19667pt x 298.9417pt.
<figures/fig-gen-dir2-load-err.png, id=349, 680.3016pt x 310.2792pt>
File: figures/fig-gen-dir2-load-err.png Graphic file (type png)
<use figures/fig-gen-dir2-load-err.png>
Package luatex.def Info: figures/fig-gen-dir2-load-err.png  used on input line 
619.
(luatex.def)             Requested size: 364.19667pt x 166.109pt.
 [75<./figures/fig-gen-dir2-load-pos.png>]
<figures/fig-gen-dir2-load-orient.png, id=354, 681.747pt x 547.3248pt>
File: figures/fig-gen-dir2-load-orient.png Graphic file (type png)
<use figures/fig-gen-dir2-load-orient.png>
Package luatex.def Info: figures/fig-gen-dir2-load-orient.png  used on input li
ne 626.
(luatex.def)             Requested size: 364.19667pt x 292.39412pt.
<figures/fig-gen-dir2-lambda.png, id=355, 667.7748pt x 547.3248pt>
File: figures/fig-gen-dir2-lambda.png Graphic file (type png)
<use figures/fig-gen-dir2-lambda.png>
Package luatex.def Info: figures/fig-gen-dir2-lambda.png  used on input line 63
3.
(luatex.def)             Requested size: 364.19667pt x 298.50742pt.
 [76<./figures/fig-gen-dir2-load-err.png><./figures/fig-gen-dir2-load-orient.png
>]
<figures/fig-gen-dir2-carrier-dev.png, id=361, 767.5074pt x 310.2792pt>
File: figures/fig-gen-dir2-carrier-dev.png Graphic file (type png)
<use figures/fig-gen-dir2-carrier-dev.png>
Package luatex.def Info: figures/fig-gen-dir2-carrier-dev.png  used on input li
ne 640.
(luatex.def)             Requested size: 364.19667pt x 147.23265pt.
<figures/fig-gen-dir2-vnorms.png, id=362, 666.8112pt x 365.6862pt>
File: figures/fig-gen-dir2-vnorms.png Graphic file (type png)
<use figures/fig-gen-dir2-vnorms.png>
Package luatex.def Info: figures/fig-gen-dir2-vnorms.png  used on input line 64
7.
(luatex.def)             Requested size: 364.19667pt x 199.73305pt.
 [77<./figures/fig-gen-dir2-lambda.png><./figures/fig-gen-dir2-carrier-dev.png>]
<figures/fig-gen-dir2-xyz.png, id=368, 760.2804pt x 446.6286pt>
File: figures/fig-gen-dir2-xyz.png Graphic file (type png)
<use figures/fig-gen-dir2-xyz.png>
Package luatex.def Info: figures/fig-gen-dir2-xyz.png  used on input line 654.
(luatex.def)             Requested size: 364.19667pt x 213.94994pt.
 [78<./figures/fig-gen-dir2-vnorms.png><./figures/fig-gen-dir2-xyz.png>]) (./se
ctions/06-conclusion-and-future-work.tex
[79] [80]
Chapter 6.
) (./sections/07-references.tex [81

]) [82

] (./main.aux)
 ***********
LaTeX2e <2026-06-01>
L3 programming layer <2026-08-10>
 ***********
)

Here is how much of LuaTeX's memory you used:
 9852 strings out of 475635
 125056,794899 words of node,token memory allocated
 996 words of node memory still in use:
   7 hlist, 2 vlist, 2 rule, 6 glue, 4 kern, 1 glyph, 116 attribute, 59 glue_spe
c, 116 attribute_list, 1 write nodes
   avail lists: 1:2,2:569,3:265,4:118,5:323,6:64,7:8102,8:68,9:710,10:30,11:778
 32381 multiletter control sequences out of 65536+600000
 112 fonts using 41931327 bytes
 67i,16n,92p,1192b,417s stack positions out of 10000i,1000n,20000p,200000b,200000s
</usr/share/fonts/truetype/liberation/LiberationSerif-Bold.ttf></usr/share/fonts
/truetype/liberation/LiberationSerif-Regular.ttf></home/hisham/texlive/current/t
exmf-dist/fonts/type1/public/amsfonts/cm/cmex10.pfb></home/hisham/texlive/curren
t/texmf-dist/fonts/type1/public/amsfonts/cm/cmmi12.pfb></home/hisham/texlive/cur
rent/texmf-dist/fonts/type1/public/amsfonts/cm/cmmi6.pfb></home/hisham/texlive/c
urrent/texmf-dist/fonts/type1/public/amsfonts/cm/cmmi8.pfb></home/hisham/texlive
/current/texmf-dist/fonts/type1/public/amsfonts/cm/cmr12.pfb></home/hisham/texli
ve/current/texmf-dist/fonts/type1/public/amsfonts/cm/cmr6.pfb></home/hisham/texl
ive/current/texmf-dist/fonts/type1/public/amsfonts/cm/cmr8.pfb></home/hisham/tex
live/current/texmf-dist/fonts/type1/public/amsfonts/cm/cmsy10.pfb></home/hisham/
texlive/current/texmf-dist/fonts/type1/public/amsfonts/cm/cmsy8.pfb></home/hisha
m/texlive/current/texmf-dist/fonts/type1/public/amsfonts/symbols/msbm10.pfb>
Output written on main.pdf (83 pages, 9457195 bytes).

PDF statistics: 443 PDF objects out of 1000 (max. 8388607)
 215 compressed objects within 3 object streams
 0 named destinations out of 1000 (max. 1048576)
 1 words of extra memory for PDF output out of 10000 (max. 100000000)

