  built mix dir +x+y+z   |move|=5.0m ramp 16s  dpos (4, 1800, 3)
  built mix dir +x+y-z   |move|=5.0m ramp 16s  dpos (4, 1800, 3)
OVERFIT (feasible curriculum RUNG 3 MIX): warm=residual_mappo_overfit_xyz_2trj_ch.pt  2 dirs @ 5.0m  horizon=18s  (saves -> residual_mappo_overfit*.pt)
eval on 2 trajs ['+x+y+z', '+x+y-z'] (mean = best-net selection metric)
actor warm-started from residual_mappo_overfit_xyz_2trj_ch.pt (+ its obs normalization + critic)
warm-start baseline DET_R -0.391 (seeded best; saves only if beaten)
PARALLEL collection: 93 worker processes (~15053 steps each)
main-process torch threads = 32 (SERIAL update; workers pinned to 1)
iter   1  team_ep_R  -9269.34  sampled_loop 0.448  DET_R -0.394  loop 0.437 [+x+y 0.436 +x+y 0.437]  load 0.086  vmin 0.118  stall% 0.8  swing 0.200  coord 0.262  satL 0.18  satW 0.81  gap +0.012  | critic_loss 0.002  EV +0.97  critB 33339(raw 33339)  gcos +nan  ent 4.005  | 133.5s (coll 99.4 upd 25.2)
iter   2  team_ep_R  -7793.93  sampled_loop 0.448  | critic_loss 0.001  EV +0.98  critB 33853(raw 38475)  gcos +0.97  ent 3.823  | 134.6s (coll 99.4 upd 26.5)
iter   3  team_ep_R  -6753.35  sampled_loop 0.449  | critic_loss 0.001  EV +0.98  critB 35966(raw 54984)  gcos +0.95  ent 3.651  | 134.1s (coll 99.1 upd 26.5)
iter   4  team_ep_R  -5982.12  sampled_loop 0.450  DET_R -0.395  loop 0.439 [+x+y 0.438 +x+y 0.439]  load 0.086  vmin 0.211  stall% 0.8  swing 0.198  coord 0.232  satL 0.16  satW 0.81  gap +0.011  | critic_loss 0.001  EV +0.98  critB 41024(raw 86548)  gcos +0.94  ent 3.499  | 136.1s (coll 101.6 upd 26.1)
iter   5  team_ep_R  -5265.22  sampled_loop 0.449  | critic_loss 0.001  EV +0.99  critB 44836(raw 79146)  gcos +0.91  ent 3.353  | 134.5s (coll 99.5 upd 26.6)
iter   6  team_ep_R  -4782.09  sampled_loop 0.447  | critic_loss 0.000  EV +0.99  critB 49348(raw 89957)  gcos +0.93  ent 3.315  | 133.1s (coll 98.5 upd 25.9)
iter   7  team_ep_R  -4791.06  sampled_loop 0.450  | critic_loss 0.001  EV +0.99  critB 58131(raw 137175)  gcos +0.88  ent 3.317  | 137.4s (coll 99.6 upd 29.1)
iter   8  team_ep_R  -4684.84  sampled_loop 0.448  DET_R -0.400  loop 0.439 [+x+y 0.437 +x+y 0.441]  load 0.088  vmin 0.083  stall% 1.0  swing 0.199  coord 0.199  satL 0.13  satW 0.80  gap +0.009  | critic_loss 0.000  EV +0.99  critB 64999(raw 126807)  gcos +0.89  ent 3.316  | 138.0s (coll 101.7 upd 27.8)
iter   9  team_ep_R  -4746.41  sampled_loop 0.450  | critic_loss 0.001  EV +0.99  critB 76578(raw 180794)  gcos +0.89  ent 3.313  | 142.6s (coll 107.6 upd 26.5)
iter  10  team_ep_R  -4759.62  sampled_loop 0.450  | critic_loss 0.001  EV +0.99  critB 103619(raw 346987)  gcos +0.85  ent 3.310  | 136.1s (coll 100.6 upd 27.0)
iter  11  team_ep_R  -4721.22  sampled_loop 0.451  | critic_loss 0.001  EV +0.99  critB 118886(raw 256286)  gcos +0.84  ent 3.310  | 134.8s (coll 99.5 upd 26.8)
iter  12  team_ep_R  -4622.71  sampled_loop 0.448  DET_R -0.407  loop 0.437 [+x+y 0.436 +x+y 0.439]  load 0.088  vmin 0.054  stall% 1.1  swing 0.198  coord 0.176  satL 0.11  satW 0.80  gap +0.011  | critic_loss 0.001  EV +0.99  critB 136029(raw 290314)  gcos +0.79  ent 3.304  | 134.3s (coll 99.2 upd 26.6)
iter  13  team_ep_R  -4622.61  sampled_loop 0.448  | critic_loss 0.001  EV +0.99  critB 150758(raw 283325)  gcos +0.76  ent 3.298  | 132.1s (coll 97.0 upd 26.6)
iter  14  team_ep_R  -4618.29  sampled_loop 0.448  | critic_loss 0.000  EV +0.99  critB 163223(raw 275410)  gcos +0.86  ent 3.300  | 134.0s (coll 99.1 upd 26.5)
iter  15  team_ep_R  -4748.03  sampled_loop 0.451  | critic_loss 0.001  EV +0.99  critB 183274(raw 363725)  gcos +0.79  ent 3.308  | 132.7s (coll 98.2 upd 26.0)
iter  16  team_ep_R  -4586.77  sampled_loop 0.449  DET_R -0.399  loop 0.440 [+x+y 0.439 +x+y 0.441]  load 0.086  vmin 0.093  stall% 0.8  swing 0.193  coord 0.165  satL 0.10  satW 0.81  gap +0.009  | critic_loss 0.001  EV +0.99  critB 186893(raw 219471)  gcos +0.80  ent 3.306  | 135.1s (coll 99.4 upd 27.2)
iter  17  team_ep_R  -4584.63  sampled_loop 0.449  | critic_loss 0.000  EV +0.99  critB 191142(raw 229375)  gcos +0.82  ent 3.300  | 136.2s (coll 100.1 upd 27.4)
iter  18  team_ep_R  -4582.04  sampled_loop 0.450  | critic_loss 0.001  EV +0.99  critB 198756(raw 267282)  gcos +0.85  ent 3.298  | 135.7s (coll 99.9 upd 27.3)
iter  19  team_ep_R  -4659.11  sampled_loop 0.451  | critic_loss 0.001  EV +0.99  critB 212710(raw 338300)  gcos +0.73  ent 3.293  | 135.0s (coll 99.4 upd 27.0)
iter  20  team_ep_R  -4669.35  sampled_loop 0.451  DET_R -0.401  loop 0.439 [+x+y 0.438 +x+y 0.441]  load 0.085  vmin 0.089  stall% 0.9  swing 0.191  coord 0.158  satL 0.09  satW 0.81  gap +0.011  | critic_loss 0.001  EV +0.99  critB 228698(raw 372589)  gcos +0.77  ent 3.291  | 135.5s (coll 99.6 upd 27.2)
iter  21  team_ep_R  -4669.11  sampled_loop 0.452  | critic_loss 0.001  EV +0.99  critB 251588(raw 457596)  gcos +0.73  ent 3.286  | 134.5s (coll 98.8 upd 27.1)
iter  22  team_ep_R  -4564.35  sampled_loop 0.449  | critic_loss 0.001  EV +0.99  critB 266270(raw 398412)  gcos +0.80  ent 3.283  | 134.2s (coll 99.2 upd 26.6)
iter  23  team_ep_R  -4523.35  sampled_loop 0.449  | critic_loss 0.000  EV +1.00  critB 266754(raw 271110)  gcos +0.74  ent 3.275  | 134.5s (coll 99.0 upd 26.8)
iter  24  team_ep_R  -4481.19  sampled_loop 0.448  DET_R -0.401  loop 0.440 [+x+y 0.436 +x+y 0.444]  load 0.086  vmin 0.141  stall% 0.6  swing 0.196  coord 0.151  satL 0.09  satW 0.81  gap +0.008  | critic_loss 0.000  EV +1.00  critB 261415(raw 213360)  gcos +0.85  ent 3.266  | 134.5s (coll 99.2 upd 26.7)
iter  25  team_ep_R  -4597.73  sampled_loop 0.452  | critic_loss 0.001  EV +0.99  critB 269204(raw 339305)  gcos +0.82  ent 3.264  | 134.2s (coll 98.4 upd 27.2)
iter  26  team_ep_R  -4587.09  sampled_loop 0.451  | critic_loss 0.000  EV +0.99  critB 278705(raw 364217)  gcos +0.80  ent 3.250  | 132.8s (coll 98.5 upd 25.7)
iter  27  team_ep_R  -4559.70  sampled_loop 0.451  | critic_loss 0.000  EV +0.99  critB 275618(raw 247836)  gcos +0.79  ent 3.244  | 136.9s (coll 99.7 upd 28.6)
iter  28  team_ep_R  -4576.37  sampled_loop 0.450  DET_R -0.402  loop 0.440 [+x+y 0.438 +x+y 0.443]  load 0.088  vmin 0.160  stall% 0.7  swing 0.197  coord 0.147  satL 0.09  satW 0.81  gap +0.010  | critic_loss 0.000  EV +0.99  critB 274985(raw 269287)  gcos +0.83  ent 3.239  | 135.9s (coll 98.3 upd 28.9)
iter  29  team_ep_R  -4586.98  sampled_loop 0.449  | critic_loss 0.001  EV +0.99  critB 282062(raw 345759)  gcos +0.80  ent 3.236  | 137.0s (coll 101.5 upd 27.1)
iter  30  team_ep_R  -4570.93  sampled_loop 0.449  | critic_loss 0.000  EV +0.99  critB 285407(raw 315508)  gcos +0.73  ent 3.228  | 136.4s (coll 99.5 upd 28.2)
iter  31  team_ep_R  -4521.04  sampled_loop 0.450  | critic_loss 0.001  EV +0.99  critB 285313(raw 284464)  gcos +0.82  ent 3.224  | 136.5s (coll 99.4 upd 28.5)
iter  32  team_ep_R  -4450.13  sampled_loop 0.448  DET_R -0.399  loop 0.440 [+x+y 0.439 +x+y 0.441]  load 0.087  vmin 0.093  stall% 0.7  swing 0.193  coord 0.147  satL 0.09  satW 0.81  gap +0.008  | critic_loss 0.000  EV +1.00  critB 274576(raw 177945)  gcos +0.78  ent 3.218  | 134.9s (coll 97.8 upd 28.7)
iter  33  team_ep_R  -4638.10  sampled_loop 0.450  | critic_loss 0.001  EV +0.97  critB 341251(raw 941323)  gcos +0.75  ent 3.223  | 136.2s (coll 99.7 upd 28.1)
iter  34  team_ep_R  -4589.31  sampled_loop 0.450  | critic_loss 0.001  EV +0.99  critB 335383(raw 282571)  gcos +0.64  ent 3.221  | 136.5s (coll 99.5 upd 28.6)
iter  35  team_ep_R  -4480.18  sampled_loop 0.448  | critic_loss 0.000  EV +1.00  critB 322685(raw 208407)  gcos +0.81  ent 3.214  | 137.7s (coll 100.7 upd 28.4)
iter  36  team_ep_R  -4543.16  sampled_loop 0.448  DET_R -0.411  loop 0.441 [+x+y 0.440 +x+y 0.443]  load 0.089  vmin 0.095  stall% 0.9  swing 0.194  coord 0.146  satL 0.09  satW 0.80  gap +0.007  | critic_loss 0.001  EV +0.99  critB 323942(raw 335256)  gcos +0.82  ent 3.214  | 153.0s (coll 116.7 upd 27.9)
iter  37  team_ep_R  -4525.27  sampled_loop 0.449  | critic_loss 0.001  EV +0.99  critB 325675(raw 341268)  gcos +0.77  ent 3.212  | 136.7s (coll 99.3 upd 28.6)
iter  38  team_ep_R  -4473.69  sampled_loop 0.447  | critic_loss 0.000  EV +1.00  critB 308838(raw 157307)  gcos +0.84  ent 3.202  | 134.5s (coll 97.5 upd 28.6)
iter  39  team_ep_R  -4543.59  sampled_loop 0.449  | critic_loss 0.001  EV +0.99  critB 299459(raw 215050)  gcos +0.85  ent 3.193  | 136.5s (coll 99.1 upd 28.8)
iter  40  team_ep_R  -4507.14  sampled_loop 0.448  DET_R -0.408  loop 0.439 [+x+y 0.437 +x+y 0.442]  load 0.088  vmin 0.112  stall% 1.0  swing 0.193  coord 0.146  satL 0.09  satW 0.80  gap +0.009  | critic_loss 0.000  EV +1.00  critB 284406(raw 148931)  gcos +0.89  ent 3.187  | 137.3s (coll 100.1 upd 28.4)
iter  41  team_ep_R  -4593.23  sampled_loop 0.448  | critic_loss 0.001  EV +0.99  critB 281138(raw 251723)  gcos +0.85  ent 3.187  | 135.9s (coll 99.0 upd 28.5)
iter  42  team_ep_R  -4601.96  sampled_loop 0.449  | critic_loss 0.001  EV +0.99  critB 308161(raw 551369)  gcos +0.81  ent 3.184  | 135.2s (coll 98.4 upd 28.4)
iter  43  team_ep_R  -4535.92  sampled_loop 0.449  | critic_loss 0.000  EV +0.99  critB 309424(raw 320792)  gcos +0.83  ent 3.177  | 135.0s (coll 99.2 upd 27.3)
iter  44  team_ep_R  -4514.12  sampled_loop 0.449  DET_R -0.406  loop 0.440 [+x+y 0.438 +x+y 0.442]  load 0.088  vmin 0.134  stall% 0.7  swing 0.192  coord 0.142  satL 0.09  satW 0.80  gap +0.009  | critic_loss 0.000  EV +0.99  critB 307351(raw 288695)  gcos +0.82  ent 3.173  | 135.1s (coll 99.6 upd 26.9)
iter  45  team_ep_R  -4540.08  sampled_loop 0.448  | critic_loss 0.001  EV +0.99  critB 311132(raw 345161)  gcos +0.80  ent 3.173  | 132.6s (coll 97.0 upd 27.1)
iter  46  team_ep_R  -4494.87  sampled_loop 0.447  | critic_loss 0.001  EV +0.99  critB 308080(raw 280613)  gcos +0.78  ent 3.165  | 134.5s (coll 99.5 upd 26.5)
iter  47  team_ep_R  -4539.89  sampled_loop 0.448  | critic_loss 0.000  EV +1.00  critB 308576(raw 313035)  gcos +0.78  ent 3.160  | 135.9s (coll 100.5 upd 26.8)
iter  48  team_ep_R  -4498.45  sampled_loop 0.448  DET_R -0.407  loop 0.438 [+x+y 0.439 +x+y 0.437]  load 0.089  vmin 0.111  stall% 1.0  swing 0.195  coord 0.144  satL 0.09  satW 0.81  gap +0.010  | critic_loss 0.001  EV +1.00  critB 303827(raw 261084)  gcos +0.81  ent 3.149  | 140.2s (coll 104.3 upd 27.2)
iter  49  team_ep_R  -4567.29  sampled_loop 0.450  | critic_loss 0.001  EV +0.99  critB 307646(raw 342016)  gcos +0.81  ent 3.149  | 134.4s (coll 99.4 upd 26.5)
iter  50  team_ep_R  -4514.59  sampled_loop 0.449  | critic_loss 0.001  EV +0.99  critB 302608(raw 257271)  gcos +0.78  ent 3.141  | 132.3s (coll 98.1 upd 25.6)
iter  51  team_ep_R  -4499.37  sampled_loop 0.448  | critic_loss 0.000  EV +0.99  critB 297484(raw 251369)  gcos +0.82  ent 3.139  | 136.6s (coll 99.3 upd 28.6)
iter  52  team_ep_R  -4491.58  sampled_loop 0.448  DET_R -0.409  loop 0.441 [+x+y 0.438 +x+y 0.444]  load 0.089  vmin 0.139  stall% 0.8  swing 0.200  coord 0.136  satL 0.08  satW 0.80  gap +0.007  | critic_loss 0.000  EV +0.99  critB 302236(raw 345001)  gcos +0.80  ent 3.143  | 135.6s (coll 97.8 upd 29.4)
iter  53  team_ep_R  -4525.71  sampled_loop 0.448  | critic_loss 0.001  EV +0.99  critB 305643(raw 336312)  gcos +0.81  ent 3.141  | 136.7s (coll 99.7 upd 28.3)
iter  54  team_ep_R  -4442.75  sampled_loop 0.446  | critic_loss 0.000  EV +1.00  critB 291568(raw 164886)  gcos +0.87  ent 3.141  | 134.8s (coll 98.2 upd 27.7)
iter  55  team_ep_R  -4458.36  sampled_loop 0.447  | critic_loss 0.000  EV +0.99  critB 285249(raw 228376)  gcos +0.87  ent 3.137  | 136.0s (coll 98.9 upd 28.4)
iter  56  team_ep_R  -4441.97  sampled_loop 0.447  DET_R -0.401  loop 0.437 [+x+y 0.435 +x+y 0.440]  load 0.087  vmin 0.159  stall% 0.8  swing 0.191  coord 0.139  satL 0.09  satW 0.80  gap +0.009  | critic_loss 0.000  EV +1.00  critB 277625(raw 209011)  gcos +0.83  ent 3.132  | 134.5s (coll 99.7 upd 26.3)
iter  57  team_ep_R  -4476.71  sampled_loop 0.447  | critic_loss 0.001  EV +1.00  critB 273989(raw 241263)  gcos +0.85  ent 3.127  | 134.5s (coll 98.6 upd 27.2)
iter  58  team_ep_R  -4477.32  sampled_loop 0.447  | critic_loss 0.000  EV +0.99  critB 267189(raw 205993)  gcos +0.88  ent 3.123  | 156.6s (coll 121.2 upd 26.4)
iter  59  team_ep_R  -4560.20  sampled_loop 0.449  | critic_loss 0.000  EV +0.99  critB 288377(raw 479067)  gcos +0.73  ent 3.122  | 133.8s (coll 98.3 upd 27.1)
iter  60  team_ep_R  -4468.68  sampled_loop 0.447  DET_R -0.403  loop 0.439 [+x+y 0.438 +x+y 0.439]  load 0.088  vmin 0.147  stall% 0.5  swing 0.192  coord 0.146  satL 0.08  satW 0.80  gap +0.008  | critic_loss 0.000  EV +1.00  critB 282738(raw 231991)  gcos +0.77  ent 3.116  | 133.0s (coll 97.6 upd 26.7)
iter  61  team_ep_R  -4453.30  sampled_loop 0.447  | critic_loss 0.000  EV +1.00  critB 279925(raw 254608)  gcos +0.81  ent 3.110  | 134.5s (coll 99.3 upd 26.7)
iter  62  team_ep_R  -4529.56  sampled_loop 0.448  | critic_loss 0.001  EV +0.99  critB 304515(raw 525823)  gcos +0.82  ent 3.109  | 131.5s (coll 96.5 upd 26.6)
iter  63  team_ep_R  -4483.58  sampled_loop 0.448  | critic_loss 0.000  EV +0.99  critB 299486(raw 254221)  gcos +0.78  ent 3.105  | 130.7s (coll 96.3 upd 25.9)
iter  64  team_ep_R  -4482.75  sampled_loop 0.448  DET_R -0.401  loop 0.437 [+x+y 0.437 +x+y 0.437]  load 0.086  vmin 0.107  stall% 1.2  swing 0.188  coord 0.149  satL 0.09  satW 0.81  gap +0.011  | critic_loss 0.000  EV +0.99  critB 293416(raw 238787)  gcos +0.80  ent 3.097  | 135.4s (coll 99.6 upd 27.1)
iter  65  team_ep_R  -4424.38  sampled_loop 0.446  | critic_loss 0.000  EV +0.99  critB 288196(raw 241221)  gcos +0.82  ent 3.090  | 135.5s (coll 99.2 upd 27.8)
iter  66  team_ep_R  -4457.43  sampled_loop 0.447  | critic_loss 0.000  EV +1.00  critB 280243(raw 208667)  gcos +0.79  ent 3.084  | 136.2s (coll 99.0 upd 28.4)
iter  67  team_ep_R  -4476.44  sampled_loop 0.447  | critic_loss 0.001  EV +0.99  critB 283453(raw 312343)  gcos +0.82  ent 3.080  | 133.9s (coll 97.3 upd 27.9)
iter  68  team_ep_R  -4541.92  sampled_loop 0.448  DET_R -0.407  loop 0.440 [+x+y 0.435 +x+y 0.445]  load 0.089  vmin 0.135  stall% 1.5  swing 0.193  coord 0.148  satL 0.08  satW 0.81  gap +0.008  | critic_loss 0.000  EV +0.99  critB 299091(raw 439826)  gcos +0.70  ent 3.082  | 131.4s (coll 96.9 upd 26.1)
iter  69  team_ep_R  -4450.40  sampled_loop 0.447  | critic_loss 0.001  EV +0.99  critB 302504(raw 333221)  gcos +0.68  ent 3.079  | 130.8s (coll 96.5 upd 25.6)
iter  70  team_ep_R  -4564.49  sampled_loop 0.447  | critic_loss 0.001  EV +0.98  critB 391084(raw 1188306)  gcos +0.63  ent 3.084  | 133.5s (coll 99.0 upd 26.1)
iter  71  team_ep_R  -4433.66  sampled_loop 0.446  | critic_loss 0.001  EV +0.99  critB 386203(raw 342273)  gcos +0.64  ent 3.079  | 132.7s (coll 97.7 upd 26.4)
iter  72  team_ep_R  -4498.58  sampled_loop 0.447  DET_R -0.401  loop 0.439 [+x+y 0.434 +x+y 0.445]  load 0.087  vmin 0.122  stall% 1.6  swing 0.189  coord 0.153  satL 0.09  satW 0.80  gap +0.008  | critic_loss 0.001  EV +0.99  critB 391606(raw 440236)  gcos +0.79  ent 3.074  | 132.0s (coll 97.3 upd 26.3)
iter  73  team_ep_R  -4513.17  sampled_loop 0.447  | critic_loss 0.001  EV +0.99  critB 402627(raw 501818)  gcos +0.72  ent 3.070  | 134.4s (coll 100.1 upd 25.6)
iter  74  team_ep_R  -4431.39  sampled_loop 0.446  | critic_loss 0.001  EV +0.99  critB 388268(raw 259030)  gcos +0.74  ent 3.064  | 133.4s (coll 98.0 upd 26.9)
iter  75  team_ep_R  -4393.72  sampled_loop 0.445  | critic_loss 0.000  EV +0.99  critB 375609(raw 261678)  gcos +0.86  ent 3.053  | 135.6s (coll 99.1 upd 27.8)
iter  76  team_ep_R  -4443.80  sampled_loop 0.446  DET_R -0.405  loop 0.441 [+x+y 0.437 +x+y 0.444]  load 0.088  vmin 0.144  stall% 1.3  swing 0.190  coord 0.152  satL 0.08  satW 0.81  gap +0.005  | critic_loss 0.001  EV +0.99  critB 366246(raw 281980)  gcos +0.83  ent 3.048  | 132.1s (coll 97.6 upd 26.0)
iter  77  team_ep_R  -4492.25  sampled_loop 0.447  | critic_loss 0.000  EV +1.00  critB 362350(raw 327293)  gcos +0.83  ent 3.038  | 133.2s (coll 99.3 upd 25.5)
iter  78  team_ep_R  -4441.98  sampled_loop 0.446  | critic_loss 0.000  EV +0.99  critB 354488(raw 283728)  gcos +0.83  ent 3.032  | 132.8s (coll 98.2 upd 26.0)
iter  79  team_ep_R  -4488.14  sampled_loop 0.447  | critic_loss 0.000  EV +0.99  critB 347247(raw 282079)  gcos +0.80  ent 3.031  | 131.6s (coll 97.4 upd 25.8)
iter  80  team_ep_R  -4572.19  sampled_loop 0.448  DET_R -0.401  loop 0.440 [+x+y 0.438 +x+y 0.443]  load 0.088  vmin 0.136  stall% 0.6  swing 0.193  coord 0.155  satL 0.09  satW 0.81  gap +0.007  | critic_loss 0.001  EV +0.99  critB 352441(raw 399188)  gcos +0.78  ent 3.029  | 132.1s (coll 97.5 upd 26.1)
iter  81  team_ep_R  -4471.73  sampled_loop 0.446  | critic_loss 0.000  EV +1.00  critB 339097(raw 218999)  gcos +0.82  ent 3.026  | 133.3s (coll 98.8 upd 25.9)
iter  82  team_ep_R  -4485.52  sampled_loop 0.447  | critic_loss 0.000  EV +1.00  critB 323722(raw 185351)  gcos +0.86  ent 3.022  | 133.6s (coll 99.5 upd 25.7)
iter  83  team_ep_R  -4540.20  sampled_loop 0.447  | critic_loss 0.001  EV +1.00  critB 317556(raw 262061)  gcos +0.83  ent 3.018  | 131.7s (coll 97.4 upd 25.5)
iter  84  team_ep_R  -4443.69  sampled_loop 0.445  DET_R -0.403  loop 0.440 [+x+y 0.437 +x+y 0.444]  load 0.088  vmin 0.121  stall% 1.3  swing 0.192  coord 0.155  satL 0.08  satW 0.81  gap +0.005  | critic_loss 0.001  EV +0.99  critB 310649(raw 248481)  gcos +0.85  ent 3.014  | 136.3s (coll 101.7 upd 26.0)
iter  85  team_ep_R  -4578.08  sampled_loop 0.448  | critic_loss 0.001  EV +0.99  critB 343685(raw 641012)  gcos +0.76  ent 3.020  | 132.0s (coll 97.4 upd 26.2)
iter  86  team_ep_R  -4608.44  sampled_loop 0.449  | critic_loss 0.001  EV +0.99  critB 371091(raw 617741)  gcos +0.70  ent 3.012  | 131.6s (coll 97.4 upd 25.7)
iter  87  team_ep_R  -4451.35  sampled_loop 0.446  | critic_loss 0.000  EV +1.00  critB 353829(raw 198473)  gcos +0.80  ent 3.009  | 144.5s (coll 110.8 upd 25.2)
iter  88  team_ep_R  -4554.87  sampled_loop 0.448  DET_R -0.405  loop 0.443 [+x+y 0.441 +x+y 0.445]  load 0.089  vmin 0.168  stall% 0.6  swing 0.195  coord 0.153  satL 0.09  satW 0.81  gap +0.005  | critic_loss 0.001  EV +1.00  critB 342632(raw 241863)  gcos +0.81  ent 3.007  | 132.2s (coll 97.8 upd 26.1)
iter  89  team_ep_R  -4535.51  sampled_loop 0.448  | critic_loss 0.001  EV +1.00  critB 333132(raw 247625)  gcos +0.82  ent 3.000  | 135.7s (coll 101.3 upd 25.7)
iter  90  team_ep_R  -4485.84  sampled_loop 0.446  | critic_loss 0.001  EV +0.99  critB 328337(raw 285190)  gcos +0.78  ent 2.995  | 131.8s (coll 97.5 upd 25.8)
iter  91  team_ep_R  -4428.80  sampled_loop 0.446  | critic_loss 0.000  EV +1.00  critB 318191(raw 226875)  gcos +0.84  ent 2.985  | 135.8s (coll 100.2 upd 27.1)
iter  92  team_ep_R  -4499.03  sampled_loop 0.447  DET_R -0.402  loop 0.439 [+x+y 0.440 +x+y 0.439]  load 0.088  vmin 0.176  stall% 0.8  swing 0.193  coord 0.149  satL 0.09  satW 0.81  gap +0.007  | critic_loss 0.000  EV +1.00  critB 312406(raw 260340)  gcos +0.83  ent 2.988  | 133.1s (coll 97.0 upd 27.5)
iter  93  team_ep_R  -4353.61  sampled_loop 0.444  | critic_loss 0.000  EV +1.00  critB 290784(raw 96182)  gcos +0.87  ent 2.986  | 132.1s (coll 96.6 upd 27.1)
iter  94  team_ep_R  -4395.80  sampled_loop 0.445  | critic_loss 0.000  EV +1.00  critB 274485(raw 127797)  gcos +0.92  ent 2.980  | 131.9s (coll 96.1 upd 27.2)
iter  95  team_ep_R  -4384.99  sampled_loop 0.444  | critic_loss 0.000  EV +0.99  critB 261595(raw 145588)  gcos +0.89  ent 2.978  | 139.0s (coll 103.0 upd 27.2)
iter  96  team_ep_R  -4416.44  sampled_loop 0.446  DET_R -0.407  loop 0.441 [+x+y 0.441 +x+y 0.441]  load 0.090  vmin 0.189  stall% 0.6  swing 0.200  coord 0.154  satL 0.08  satW 0.81  gap +0.004  | critic_loss 0.000  EV +0.99  critB 254894(raw 194585)  gcos +0.87  ent 2.975  | 135.0s (coll 97.6 upd 28.8)
iter  97  team_ep_R  -4464.81  sampled_loop 0.445  | critic_loss 0.000  EV +0.99  critB 255702(raw 262976)  gcos +0.82  ent 2.967  | 139.8s (coll 102.1 upd 28.9)
iter  98  team_ep_R  -4374.30  sampled_loop 0.444  | critic_loss 0.000  EV +0.99  critB 245172(raw 150401)  gcos +0.82  ent 2.960  | 133.0s (coll 96.2 upd 28.3)
iter  99  team_ep_R  -4491.48  sampled_loop 0.447  | critic_loss 0.000  EV +0.99  critB 244100(raw 234451)  gcos +0.83  ent 2.960  | 143.2s (coll 106.4 upd 28.0)
iter 100  team_ep_R  -4428.93  sampled_loop 0.446  DET_R -0.404  loop 0.442 [+x+y 0.445 +x+y 0.438]  load 0.088  vmin 0.214  stall% 0.8  swing 0.196  coord 0.155  satL 0.09  satW 0.81  gap +0.004  | critic_loss 0.000  EV +1.00  critB 244212(raw 245220)  gcos +0.82  ent 2.951  | 133.9s (coll 98.4 upd 26.9)
iter 101  team_ep_R  -4396.61  sampled_loop 0.445  | critic_loss 0.000  EV +1.00  critB 239387(raw 195959)  gcos +0.81  ent 2.946  | 133.1s (coll 97.4 upd 27.3)
iter 102  team_ep_R  -4437.65  sampled_loop 0.445  | critic_loss 0.001  EV +0.99  critB 254009(raw 385612)  gcos +0.84  ent 2.945  | 134.2s (coll 99.2 upd 26.5)
iter 103  team_ep_R  -4484.25  sampled_loop 0.446  | critic_loss 0.000  EV +0.99  critB 284735(raw 561262)  gcos +0.72  ent 2.942  | 134.8s (coll 99.5 upd 26.8)
iter 104  team_ep_R  -4456.46  sampled_loop 0.446  DET_R -0.401  loop 0.442 [+x+y 0.444 +x+y 0.440]  load 0.088  vmin 0.237  stall% 0.6  swing 0.195  coord 0.154  satL 0.08  satW 0.81  gap +0.004  | critic_loss 0.000  EV +1.00  critB 300932(raw 446706)  gcos +0.75  ent 2.933  | 134.6s (coll 99.2 upd 27.0)
iter 105  team_ep_R  -4389.38  sampled_loop 0.445  | critic_loss 0.001  EV +1.00  critB 298817(raw 279787)  gcos +0.81  ent 2.927  | 134.9s (coll 98.3 upd 27.9)
iter 106  team_ep_R  -4472.63  sampled_loop 0.446  | critic_loss 0.000  EV +0.99  critB 326616(raw 576807)  gcos +0.81  ent 2.928  | 136.3s (coll 101.0 upd 26.8)
iter 107  team_ep_R  -4413.24  sampled_loop 0.444  | critic_loss 0.001  EV +1.00  critB 333408(raw 394535)  gcos +0.68  ent 2.923  | 134.6s (coll 98.7 upd 27.5)
iter 108  team_ep_R  -4408.68  sampled_loop 0.444  DET_R -0.400  loop 0.441 [+x+y 0.443 +x+y 0.439]  load 0.088  vmin 0.240  stall% 0.5  swing 0.196  coord 0.154  satL 0.08  satW 0.81  gap +0.003  | critic_loss 0.000  EV +1.00  critB 325798(raw 257306)  gcos +0.73  ent 2.920  | 133.6s (coll 97.4 upd 27.6)
iter 109  team_ep_R  -4385.55  sampled_loop 0.443  | critic_loss 0.000  EV +1.00  critB 322138(raw 289200)  gcos +0.83  ent 2.917  | 133.8s (coll 97.5 upd 27.7)
iter 110  team_ep_R  -4340.10  sampled_loop 0.442  | critic_loss 0.000  EV +1.00  critB 309672(raw 197481)  gcos +0.85  ent 2.911  | 133.4s (coll 97.9 upd 27.0)
iter 111  team_ep_R  -4407.12  sampled_loop 0.444  | critic_loss 0.001  EV +1.00  critB 314408(raw 357031)  gcos +0.84  ent 2.909  | 134.0s (coll 97.7 upd 27.6)
iter 112  team_ep_R  -4437.08  sampled_loop 0.444  DET_R -0.397  loop 0.439 [+x+y 0.440 +x+y 0.438]  load 0.087  vmin 0.247  stall% 0.8  swing 0.194  coord 0.154  satL 0.08  satW 0.80  gap +0.005  | critic_loss 0.001  EV +1.00  critB 318024(raw 350567)  gcos +0.75  ent 2.915  | 132.3s (coll 97.2 upd 26.7)
iter 113  team_ep_R  -4312.94  sampled_loop 0.441  | critic_loss 0.000  EV +1.00  critB 310493(raw 242714)  gcos +0.83  ent 2.903  | 135.3s (coll 97.8 upd 28.9)
iter 114  team_ep_R  -4360.66  sampled_loop 0.442  | critic_loss 0.000  EV +1.00  critB 310401(raw 309575)  gcos +0.85  ent 2.899  | 137.3s (coll 100.0 upd 28.5)
iter 115  team_ep_R  -4475.03  sampled_loop 0.445  | critic_loss 0.001  EV +1.00  critB 319753(raw 403918)  gcos +0.77  ent 2.893  | 135.5s (coll 97.0 upd 29.6)
iter 116  team_ep_R  -4443.27  sampled_loop 0.444  DET_R -0.399  loop 0.438 [+x+y 0.437 +x+y 0.439]  load 0.088  vmin 0.250  stall% 0.8  swing 0.197  coord 0.155  satL 0.09  satW 0.81  gap +0.006  | critic_loss 0.000  EV +0.99  critB 324239(raw 364613)  gcos +0.80  ent 2.889  | 135.1s (coll 97.6 upd 29.1)
iter 117  team_ep_R  -4412.90  sampled_loop 0.444  | critic_loss 0.001  EV +1.00  critB 320335(raw 285205)  gcos +0.80  ent 2.888  | 151.1s (coll 113.2 upd 29.4)
iter 118  team_ep_R  -4369.85  sampled_loop 0.444  | critic_loss 0.000  EV +1.00  critB 305460(raw 171583)  gcos +0.83  ent 2.890  | 132.6s (coll 96.7 upd 27.1)
iter 119  team_ep_R  -4519.35  sampled_loop 0.445  | critic_loss 0.000  EV +1.00  critB 304064(raw 291496)  gcos +0.85  ent 2.886  | 135.5s (coll 100.1 upd 27.0)
iter 120  team_ep_R  -4386.18  sampled_loop 0.444  DET_R -0.396  loop 0.439 [+x+y 0.440 +x+y 0.439]  load 0.087  vmin 0.217  stall% 1.0  swing 0.197  coord 0.150  satL 0.09  satW 0.82  gap +0.005  | critic_loss 0.000  EV +1.00  critB 289784(raw 161265)  gcos +0.85  ent 2.876  | 134.5s (coll 98.9 upd 26.7)
iter 121  team_ep_R  -4348.27  sampled_loop 0.443  | critic_loss 0.000  EV +1.00  critB 274358(raw 135522)  gcos +0.91  ent 2.870  | 134.0s (coll 97.9 upd 27.5)
iter 122  team_ep_R  -4462.48  sampled_loop 0.445  | critic_loss 0.000  EV +1.00  critB 265988(raw 190664)  gcos +0.85  ent 2.866  | 135.3s (coll 99.6 upd 27.2)
iter 123  team_ep_R  -4361.13  sampled_loop 0.443  | critic_loss 0.001  EV +1.00  critB 255143(raw 157537)  gcos +0.84  ent 2.855  | 132.3s (coll 96.6 upd 26.6)
iter 124  team_ep_R  -4350.46  sampled_loop 0.444  DET_R -0.395  loop 0.439 [+x+y 0.440 +x+y 0.438]  load 0.087  vmin 0.219  stall% 1.2  swing 0.196  coord 0.157  satL 0.09  satW 0.81  gap +0.005  | critic_loss 0.001  EV +1.00  critB 243796(raw 141667)  gcos +0.88  ent 2.844  | 140.1s (coll 103.8 upd 27.8)
iter 125  team_ep_R  -4367.40  sampled_loop 0.443  | critic_loss 0.000  EV +1.00  critB 237272(raw 178556)  gcos +0.85  ent 2.845  | 142.0s (coll 106.2 upd 27.2)
iter 126  team_ep_R  -4375.51  sampled_loop 0.444  | critic_loss 0.000  EV +0.99  critB 237845(raw 243000)  gcos +0.85  ent 2.842  | 134.1s (coll 97.9 upd 27.6)
iter 127  team_ep_R  -4390.25  sampled_loop 0.443  | critic_loss 0.000  EV +1.00  critB 236184(raw 221243)  gcos +0.87  ent 2.835  | 131.8s (coll 97.2 upd 26.2)
iter 128  team_ep_R  -4429.67  sampled_loop 0.443  DET_R -0.394  loop 0.439 [+x+y 0.441 +x+y 0.437]  load 0.087  vmin 0.210  stall% 1.0  swing 0.195  coord 0.156  satL 0.08  satW 0.81  gap +0.004  | critic_loss 0.000  EV +0.99  critB 251257(raw 386910)  gcos +0.82  ent 2.836  | 135.7s (coll 97.5 upd 29.7)
iter 129  team_ep_R  -4374.12  sampled_loop 0.443  | critic_loss 0.000  EV +1.00  critB 254921(raw 287900)  gcos +0.73  ent 2.824  | 133.4s (coll 97.6 upd 27.2)
iter 130  team_ep_R  -4432.43  sampled_loop 0.443  | critic_loss 0.001  EV +0.99  critB 278703(raw 492736)  gcos +0.75  ent 2.822  | 133.4s (coll 97.3 upd 27.3)
iter 131  team_ep_R  -4386.71  sampled_loop 0.444  | critic_loss 0.000  EV +1.00  critB 278670(raw 278376)  gcos +0.69  ent 2.814  | 136.9s (coll 100.5 upd 27.6)
iter 132  team_ep_R  -4419.55  sampled_loop 0.444  DET_R -0.405  loop 0.439 [+x+y 0.440 +x+y 0.437]  load 0.088  vmin 0.165  stall% 2.1  swing 0.194  coord 0.148  satL 0.08  satW 0.81  gap +0.006  | critic_loss 0.001  EV +0.99  critB 295672(raw 448690)  gcos +0.76  ent 2.807  | 151.6s (coll 115.8 upd 27.4)
iter 133  team_ep_R  -4354.83  sampled_loop 0.442  | critic_loss 0.000  EV +0.99  critB 305828(raw 397236)  gcos +0.77  ent 2.799  | 135.1s (coll 98.6 upd 27.8)
iter 134  team_ep_R  -4356.65  sampled_loop 0.443  | critic_loss 0.000  EV +1.00  critB 303427(raw 281816)  gcos +0.80  ent 2.798  | 133.3s (coll 96.8 upd 27.6)
iter 135  team_ep_R  -4389.12  sampled_loop 0.443  | critic_loss 0.000  EV +1.00  critB 311340(raw 382555)  gcos +0.80  ent 2.793  | 134.3s (coll 97.9 upd 27.6)
iter 136  team_ep_R  -4307.66  sampled_loop 0.442  DET_R -0.399  loop 0.440 [+x+y 0.441 +x+y 0.440]  load 0.087  vmin 0.182  stall% 1.8  swing 0.194  coord 0.150  satL 0.08  satW 0.81  gap +0.002  | critic_loss 0.000  EV +1.00  critB 300700(raw 204937)  gcos +0.74  ent 2.792  | 133.3s (coll 97.1 upd 27.6)
iter 137  team_ep_R  -4323.72  sampled_loop 0.442  | critic_loss 0.000  EV +0.99  critB 296580(raw 259509)  gcos +0.84  ent 2.789  | 138.0s (coll 101.9 upd 27.5)
iter 138  team_ep_R  -4299.24  sampled_loop 0.442  | critic_loss 0.000  EV +1.00  critB 291178(raw 242559)  gcos +0.81  ent 2.781  | 133.8s (coll 97.8 upd 27.2)
iter 139  team_ep_R  -4309.90  sampled_loop 0.441  | critic_loss 0.000  EV +0.99  critB 294723(raw 326624)  gcos +0.80  ent 2.783  | 134.9s (coll 98.2 upd 28.1)
iter 140  team_ep_R  -4293.27  sampled_loop 0.442  DET_R -0.398  loop 0.441 [+x+y 0.442 +x+y 0.441]  load 0.087  vmin 0.191  stall% 2.1  swing 0.197  coord 0.151  satL 0.08  satW 0.81  gap +0.000  | critic_loss 0.000  EV +1.00  critB 286175(raw 209243)  gcos +0.78  ent 2.774  | 132.9s (coll 97.1 upd 27.3)
iter 141  team_ep_R  -4367.37  sampled_loop 0.443  | critic_loss 0.000  EV +0.99  critB 295231(raw 376733)  gcos +0.82  ent 2.773  | 132.9s (coll 96.9 upd 27.0)
iter 142  team_ep_R  -4400.61  sampled_loop 0.444  | critic_loss 0.000  EV +0.99  critB 297704(raw 319959)  gcos +0.78  ent 2.774  | 133.1s (coll 97.3 upd 27.0)
iter 143  team_ep_R  -4416.02  sampled_loop 0.444  | critic_loss 0.001  EV +1.00  critB 308584(raw 406512)  gcos +0.80  ent 2.766  | 133.8s (coll 97.5 upd 27.7)
iter 144  team_ep_R  -4403.85  sampled_loop 0.443  DET_R -0.388  loop 0.439 [+x+y 0.440 +x+y 0.438]  load 0.085  vmin 0.236  stall% 1.3  swing 0.192  coord 0.153  satL 0.09  satW 0.81  gap +0.004  (new best -0.388 -> saved)  | critic_loss 0.000  EV +1.00  critB 319451(raw 417248)  gcos +0.76  ent 2.763  | 133.1s (coll 97.6 upd 26.8)
iter 145  team_ep_R  -4314.22  sampled_loop 0.442  | critic_loss 0.000  EV +1.00  critB 315015(raw 275090)  gcos +0.81  ent 2.755  | 137.0s (coll 101.4 upd 26.6)
iter 146  team_ep_R  -4343.11  sampled_loop 0.443  | critic_loss 0.000  EV +1.00  critB 315880(raw 323672)  gcos +0.75  ent 2.752  | 139.8s (coll 103.3 upd 27.7)
iter 147  team_ep_R  -4405.22  sampled_loop 0.443  | critic_loss 0.000  EV +0.99  critB 328065(raw 437722)  gcos +0.74  ent 2.751  | 132.0s (coll 95.4 upd 28.0)
iter 148  team_ep_R  -4362.98  sampled_loop 0.443  DET_R -0.394  loop 0.439 [+x+y 0.438 +x+y 0.439]  load 0.086  vmin 0.177  stall% 1.5  swing 0.196  coord 0.147  satL 0.08  satW 0.81  gap +0.004  | critic_loss 0.000  EV +1.00  critB 336999(raw 417410)  gcos +0.61  ent 2.743  | 134.9s (coll 98.5 upd 27.9)
iter 149  team_ep_R  -4376.81  sampled_loop 0.443  | critic_loss 0.000  EV +1.00  critB 336108(raw 328088)  gcos +0.75  ent 2.737  | 133.4s (coll 97.3 upd 27.4)
iter 150  team_ep_R  -4380.76  sampled_loop 0.442  DET_R -0.387  loop 0.438 [+x+y 0.437 +x+y 0.439]  load 0.086  vmin 0.258  stall% 1.4  swing 0.194  coord 0.147  satL 0.08  satW 0.81  gap +0.004  (new best -0.387 -> saved)  | critic_loss 0.000  EV +1.00  critB 344776(raw 422786)  gcos +0.76  ent 2.736  | 131.9s (coll 95.9 upd 27.5)
best (deploy) -> residual_mappo.pt (BEST DET_R -0.387);  resume -> residual_mappo_last.pt
saved mappo_training_4960725.png
