  built mix dir +x+y+z   |move|=5.0m ramp 16s  dpos (4, 1800, 3)
  built mix dir +x+y-z   |move|=5.0m ramp 16s  dpos (4, 1800, 3)
OVERFIT (feasible curriculum RUNG 3 MIX): warm=residual_mappo_overfit_xyz_2trj_ch3.pt  2 dirs @ 5.0m  horizon=18s  (saves -> residual_mappo_overfit*.pt)
eval on 2 trajs ['+x+y+z', '+x+y-z'] (mean = best-net selection metric)
actor warm-started from residual_mappo_overfit_xyz_2trj_ch3.pt (+ its obs normalization + critic)
warm-start baseline DET_R -0.537 (seeded best; saves only if beaten)
PARALLEL collection: 90 worker processes (~14444 steps each)
main-process torch threads = 32 (SERIAL update; workers pinned to 1)
iter   1  team_ep_R -10314.73  sampled_loop 0.486  DET_R -0.531  loop 0.491 [+x+y 0.457 +x+y 0.524]  load 0.111  vmin 0.143  stall% 0.4  swing 0.204  coord 0.182  satL 0.18  satW 0.76  gap -0.005  (new best -0.531 -> saved)  | critic_loss 0.002  EV +0.96  critB 26482(raw 26482)  gcos +nan  ent 4.008  | 171.3s (coll 133.4 upd 28.8)
iter   2  team_ep_R  -8948.77  sampled_loop 0.488  | critic_loss 0.002  EV +0.97  critB 27406(raw 35721)  gcos +0.97  ent 3.842  | 160.6s (coll 123.2 upd 29.0)
iter   3  team_ep_R  -7793.81  sampled_loop 0.485  | critic_loss 0.001  EV +0.97  critB 30141(raw 54756)  gcos +0.96  ent 3.688  | 143.7s (coll 106.5 upd 28.7)
iter   4  team_ep_R  -7211.14  sampled_loop 0.488  DET_R -0.533  loop 0.490 [+x+y 0.457 +x+y 0.522]  load 0.112  vmin 0.118  stall% 0.3  swing 0.209  coord 0.167  satL 0.16  satW 0.75  gap -0.002  | critic_loss 0.002  EV +0.97  critB 39190(raw 120630)  gcos +0.94  ent 3.546  | 136.0s (coll 99.4 upd 28.1)
iter   5  team_ep_R  -6420.52  sampled_loop 0.482  | critic_loss 0.001  EV +0.98  critB 43606(raw 83347)  gcos +0.93  ent 3.416  | 141.1s (coll 104.5 upd 28.2)
iter   6  team_ep_R  -6149.85  sampled_loop 0.488  | critic_loss 0.002  EV +0.98  critB 53752(raw 145071)  gcos +0.92  ent 3.321  | 139.9s (coll 104.2 upd 27.4)
iter   7  team_ep_R  -5960.55  sampled_loop 0.489  | critic_loss 0.001  EV +0.98  critB 63996(raw 156187)  gcos +0.89  ent 3.322  | 139.6s (coll 103.1 upd 28.0)
iter   8  team_ep_R  -5906.49  sampled_loop 0.487  DET_R -0.529  loop 0.493 [+x+y 0.462 +x+y 0.523]  load 0.111  vmin 0.125  stall% 0.3  swing 0.202  coord 0.149  satL 0.14  satW 0.76  gap -0.005  (new best -0.529 -> saved)  | critic_loss 0.002  EV +0.98  critB 78511(raw 209147)  gcos +0.89  ent 3.330  | 141.7s (coll 105.7 upd 27.2)
iter   9  team_ep_R  -5823.00  sampled_loop 0.488  | critic_loss 0.001  EV +0.99  critB 84886(raw 142268)  gcos +0.90  ent 3.325  | 139.6s (coll 103.4 upd 27.9)
iter  10  team_ep_R  -5871.20  sampled_loop 0.488  | critic_loss 0.001  EV +0.98  critB 100107(raw 237095)  gcos +0.88  ent 3.329  | 140.7s (coll 105.6 upd 26.5)
iter  11  team_ep_R  -5727.56  sampled_loop 0.485  | critic_loss 0.001  EV +0.99  critB 103129(raw 130328)  gcos +0.89  ent 3.324  | 135.8s (coll 99.2 upd 28.0)
iter  12  team_ep_R  -5846.51  sampled_loop 0.487  DET_R -0.518  loop 0.486 [+x+y 0.461 +x+y 0.512]  load 0.108  vmin 0.137  stall% 0.3  swing 0.206  coord 0.139  satL 0.13  satW 0.75  gap +0.001  (new best -0.518 -> saved)  | critic_loss 0.001  EV +0.98  critB 112215(raw 193990)  gcos +0.91  ent 3.324  | 140.6s (coll 103.8 upd 28.2)
iter  13  team_ep_R  -5728.49  sampled_loop 0.484  | critic_loss 0.001  EV +0.98  critB 122461(raw 214670)  gcos +0.87  ent 3.329  | 146.2s (coll 109.4 upd 28.1)
iter  14  team_ep_R  -5672.90  sampled_loop 0.484  | critic_loss 0.001  EV +0.99  critB 132857(raw 226426)  gcos +0.88  ent 3.327  | 139.1s (coll 102.9 upd 27.8)
iter  15  team_ep_R  -5760.50  sampled_loop 0.485  | critic_loss 0.001  EV +0.99  critB 144278(raw 247059)  gcos +0.85  ent 3.328  | 148.7s (coll 111.3 upd 28.4)
iter  16  team_ep_R  -5767.78  sampled_loop 0.485  DET_R -0.521  loop 0.483 [+x+y 0.461 +x+y 0.505]  load 0.109  vmin 0.177  stall% 0.3  swing 0.206  coord 0.140  satL 0.11  satW 0.76  gap +0.002  | critic_loss 0.001  EV +0.99  critB 164730(raw 348797)  gcos +0.85  ent 3.327  | 134.8s (coll 98.7 upd 27.5)
iter  17  team_ep_R  -5847.16  sampled_loop 0.486  | critic_loss 0.002  EV +0.99  critB 195116(raw 468591)  gcos +0.81  ent 3.334  | 139.9s (coll 103.7 upd 27.9)
iter  18  team_ep_R  -5725.38  sampled_loop 0.485  | critic_loss 0.001  EV +0.99  critB 205921(raw 303168)  gcos +0.73  ent 3.338  | 157.1s (coll 121.4 upd 27.3)
iter  19  team_ep_R  -5598.33  sampled_loop 0.482  | critic_loss 0.001  EV +0.99  critB 206106(raw 207768)  gcos +0.82  ent 3.336  | 150.2s (coll 113.8 upd 28.2)
iter  20  team_ep_R  -5742.09  sampled_loop 0.483  DET_R -0.508  loop 0.477 [+x+y 0.462 +x+y 0.493]  load 0.106  vmin 0.179  stall% 0.3  swing 0.192  coord 0.141  satL 0.10  satW 0.75  gap +0.006  (new best -0.508 -> saved)  | critic_loss 0.002  EV +0.99  critB 237244(raw 517485)  gcos +0.79  ent 3.337  | 144.1s (coll 107.9 upd 27.6)
iter  21  team_ep_R  -5503.51  sampled_loop 0.478  | critic_loss 0.001  EV +0.99  critB 234921(raw 214018)  gcos +0.81  ent 3.335  | 139.1s (coll 103.2 upd 27.3)
iter  22  team_ep_R  -5611.75  sampled_loop 0.481  | critic_loss 0.001  EV +0.99  critB 236406(raw 249768)  gcos +0.81  ent 3.340  | 135.9s (coll 99.9 upd 27.6)
iter  23  team_ep_R  -5349.71  sampled_loop 0.476  | critic_loss 0.001  EV +0.99  critB 233632(raw 208670)  gcos +0.87  ent 3.339  | 146.8s (coll 111.1 upd 27.3)
iter  24  team_ep_R  -5501.52  sampled_loop 0.478  DET_R -0.489  loop 0.474 [+x+y 0.455 +x+y 0.493]  load 0.103  vmin 0.193  stall% 0.3  swing 0.187  coord 0.138  satL 0.09  satW 0.76  gap +0.004  (new best -0.489 -> saved)  | critic_loss 0.001  EV +0.99  critB 238642(raw 283732)  gcos +0.81  ent 3.340  | 138.1s (coll 102.0 upd 27.5)
iter  25  team_ep_R  -5606.55  sampled_loop 0.480  | critic_loss 0.001  EV +0.99  critB 252117(raw 373392)  gcos +0.77  ent 3.339  | 135.7s (coll 99.3 upd 28.0)
iter  26  team_ep_R  -5358.05  sampled_loop 0.476  | critic_loss 0.001  EV +1.00  critB 247113(raw 202073)  gcos +0.82  ent 3.341  | 158.8s (coll 122.5 upd 27.6)
iter  27  team_ep_R  -5546.89  sampled_loop 0.478  | critic_loss 0.001  EV +0.99  critB 267007(raw 446057)  gcos +0.80  ent 3.343  | 138.4s (coll 102.2 upd 27.9)
iter  28  team_ep_R  -5391.66  sampled_loop 0.475  DET_R -0.481  loop 0.466 [+x+y 0.451 +x+y 0.482]  load 0.105  vmin 0.171  stall% 1.5  swing 0.199  coord 0.140  satL 0.10  satW 0.76  gap +0.008  (new best -0.481 -> saved)  | critic_loss 0.001  EV +0.99  critB 265463(raw 251566)  gcos +0.79  ent 3.338  | 136.2s (coll 101.5 upd 26.3)
best (deploy) -> residual_mappo.pt (BEST DET_R -0.481);  resume -> residual_mappo_last.pt
saved mappo_training_4960544.png
