  built mix dir +x+y+z   |move|=5.0m ramp 16s  dpos (4, 1800, 3)
  built mix dir +x+y-z   |move|=5.0m ramp 16s  dpos (4, 1800, 3)
  built mix dir +.2x-y-z |move|=5.0m ramp 16s  dpos (4, 1800, 3)
OVERFIT (feasible curriculum RUNG 3 MIX): warm=residual_mappo_overfit_interp075.pt  3 dirs @ 5.0m  horizon=18s  (saves -> residual_mappo_overfit*.pt)
eval on 3 trajs ['+x+y+z', '+x+y-z', '+.2x-y-z'] (mean = best-net selection metric)
actor warm-started from residual_mappo_overfit_interp075.pt (+ its obs normalization + critic)
warm-start baseline DET_R -0.593 (seeded best; saves only if beaten)
PARALLEL collection: 93 worker processes (~15053 steps each)
main-process torch threads = 32 (SERIAL update; workers pinned to 1)
iter   1  team_ep_R -12541.06  sampled_loop 0.498  DET_R -0.673  loop 0.530 [+x+y 0.435 +x+y 0.442 +.2x 0.713]  load 0.099  vmin 0.222  stall% 0.8  swing 0.203  coord 0.135  satL 0.11  satW 0.81  gap -0.032  | critic_loss 0.343  EV +0.74  critB 7155616(raw 7155616)  gcos +nan  gnorm 9.74e-02  gcos@1/2/4/8 +nan/+nan/+nan/+nan  R +1.000  ent 4.152  | 134.0s (coll 100.0 upd 24.9)
iter   2  team_ep_R -12625.90  sampled_loop 0.504  | critic_loss 0.122  EV +0.86  critB 6893206(raw 4531517)  gcos +0.26  gnorm 9.62e-02  gcos@1/2/4/8 +0.26/+nan/+nan/+nan  R +0.795  ent 4.127  | 137.5s (coll 100.0 upd 29.0)
iter   3  team_ep_R -12121.41  sampled_loop 0.499  | critic_loss 0.094  EV +0.88  critB 6893206(raw nan)  gcos -0.06  gnorm 8.05e-02  gcos@1/2/4/8 -0.06/+0.16/+nan/+nan  R +0.650  ent 4.082  | 135.5s (coll 99.0 upd 27.5)
iter   4  team_ep_R -11745.51  sampled_loop 0.502  DET_R -0.567  loop 0.501 [+x+y 0.438 +x+y 0.439 +.2x 0.627]  load 0.098  vmin 0.222  stall% 1.0  swing 0.200  coord 0.132  satL 0.10  satW 0.80  gap +0.001  (new best -0.567 -> saved)  | critic_loss 0.063  EV +0.89  critB 9735365(raw 35314797)  gcos +0.30  gnorm 9.03e-02  gcos@1/2/4/8 +0.30/-0.01/+nan/+nan  R +0.564  ent 4.027  | 139.2s (coll 102.4 upd 28.3)
iter   5  team_ep_R -11130.75  sampled_loop 0.498  | critic_loss 0.058  EV +0.90  critB 9630254(raw 8684249)  gcos +0.01  gnorm 9.13e-02  gcos@1/2/4/8 +0.01/+0.31/+0.21/+nan  R +0.552  ent 3.975  | 136.0s (coll 99.0 upd 28.2)
iter   6  team_ep_R -10989.64  sampled_loop 0.499  | critic_loss 0.044  EV +0.92  critB 13852511(raw 51852823)  gcos +0.53  gnorm 8.76e-02  gcos@1/2/4/8 +0.53/+0.13/+0.20/+nan  R +0.552  ent 3.918  | 138.8s (coll 101.9 upd 28.5)
iter   7  team_ep_R -10323.28  sampled_loop 0.494  | critic_loss 0.044  EV +0.93  critB 12696686(raw 2294261)  gcos +0.33  gnorm 1.06e-01  gcos@1/2/4/8 +0.33/+0.24/+0.47/+nan  R +0.547  ent 3.848  | 136.9s (coll 101.5 upd 26.9)
iter   8  team_ep_R -10491.46  sampled_loop 0.503  DET_R -0.651  loop 0.532 [+x+y 0.439 +x+y 0.439 +.2x 0.719]  load 0.098  vmin 0.175  stall% 1.1  swing 0.198  coord 0.126  satL 0.11  satW 0.80  gap -0.030  | critic_loss 0.031  EV +0.95  critB 11594385(raw 1673683)  gcos +0.29  gnorm 1.25e-01  gcos@1/2/4/8 +0.29/+0.34/+0.17/+nan  R +0.554  ent 3.777  | 136.6s (coll 99.3 upd 28.7)
iter   9  team_ep_R -10447.82  sampled_loop 0.506  | critic_loss 0.035  EV +0.96  critB 10566935(raw 1319886)  gcos +0.54  gnorm 1.25e-01  gcos@1/2/4/8 +0.54/+0.41/+0.33/-0.12  R +0.561  ent 3.700  | 134.5s (coll 98.9 upd 27.0)
iter  10  team_ep_R  -9692.07  sampled_loop 0.504  | critic_loss 0.024  EV +0.97  critB 9635572(raw 1253302)  gcos +0.61  gnorm 1.32e-01  gcos@1/2/4/8 +0.61/+0.35/+0.04/+0.16  R +0.551  ent 3.615  | 151.4s (coll 116.8 upd 26.1)
iter  11  team_ep_R  -9060.89  sampled_loop 0.503  | critic_loss 0.019  EV +0.98  critB 8842286(raw 1702708)  gcos +0.63  gnorm 1.30e-01  gcos@1/2/4/8 +0.63/+0.69/+0.42/+0.46  R +0.571  ent 3.554  | 139.1s (coll 103.1 upd 27.4)
iter  12  team_ep_R  -8909.70  sampled_loop 0.499  DET_R -0.662  loop 0.537 [+x+y 0.438 +x+y 0.440 +.2x 0.734]  load 0.098  vmin 0.155  stall% 1.2  swing 0.202  coord 0.122  satL 0.11  satW 0.81  gap -0.039  | critic_loss 0.020  EV +0.98  critB 8142279(raw 1842215)  gcos +0.59  gnorm 1.22e-01  gcos@1/2/4/8 +0.59/+0.35/+0.33/+0.29  R +0.580  ent 3.546  | 133.7s (coll 99.3 upd 25.9)
iter  13  team_ep_R  -8793.60  sampled_loop 0.498  | critic_loss 0.017  EV +0.99  critB 7423845(raw 957939)  gcos +0.54  gnorm 1.47e-01  gcos@1/2/4/8 +0.54/+0.68/+0.67/+0.29  R +0.593  ent 3.544  | 135.7s (coll 99.7 upd 27.2)
iter  14  team_ep_R  -9467.64  sampled_loop 0.503  | critic_loss 0.016  EV +0.99  critB 6765193(raw 837324)  gcos +0.59  gnorm 1.47e-01  gcos@1/2/4/8 +0.59/+0.49/+0.56/+0.16  R +0.599  ent 3.544  | 132.4s (coll 97.8 upd 26.1)
iter  15  team_ep_R  -9526.65  sampled_loop 0.501  | critic_loss 0.021  EV +0.99  critB 6177735(raw 890614)  gcos +0.53  gnorm 1.51e-01  gcos@1/2/4/8 +0.53/+0.71/+0.59/+0.34  R +0.606  ent 3.538  blowups 1  | 138.6s (coll 101.0 upd 28.7)
iter  16  team_ep_R  -8610.06  sampled_loop 0.496  DET_R -0.532  loop 0.487 [+x+y 0.438 +x+y 0.440 +.2x 0.583]  load 0.098  vmin 0.221  stall% 1.1  swing 0.203  coord 0.123  satL 0.11  satW 0.81  gap +0.009  (new best -0.532 -> saved)  | critic_loss 0.012  EV +0.99  critB 5612484(raw 525230)  gcos +0.72  gnorm 1.85e-01  gcos@1/2/4/8 +0.72/+0.54/+0.62/+0.44  R +0.629  ent 3.537  | 136.5s (coll 100.4 upd 27.7)
iter  17  team_ep_R  -8788.41  sampled_loop 0.501  | critic_loss 0.011  EV +0.99  critB 5107892(raw 566558)  gcos +0.72  gnorm 1.73e-01  gcos@1/2/4/8 +0.72/+0.62/+0.71/+0.69  R +0.644  ent 3.539  | 135.3s (coll 98.5 upd 28.2)
iter  18  team_ep_R  -9083.29  sampled_loop 0.503  | critic_loss 0.012  EV +0.99  critB 4681856(raw 847536)  gcos +0.60  gnorm 1.51e-01  gcos@1/2/4/8 +0.60/+0.74/+0.45/+0.41  R +0.650  ent 3.527  | 132.8s (coll 98.2 upd 26.0)
iter  19  team_ep_R  -9006.96  sampled_loop 0.504  | critic_loss 0.012  EV +0.99  critB 4305702(raw 920315)  gcos +0.56  gnorm 1.54e-01  gcos@1/2/4/8 +0.56/+0.66/+0.61/+0.61  R +0.655  ent 3.524  | 140.7s (coll 104.8 upd 27.4)
iter  20  team_ep_R  -8855.08  sampled_loop 0.503  DET_R -0.531  loop 0.485 [+x+y 0.439 +x+y 0.439 +.2x 0.577]  load 0.098  vmin 0.211  stall% 1.7  swing 0.206  coord 0.126  satL 0.10  satW 0.81  gap +0.018  (new best -0.531 -> saved)  | critic_loss 0.013  EV +0.99  critB 3966603(raw 914713)  gcos +0.58  gnorm 1.48e-01  gcos@1/2/4/8 +0.58/+0.67/+0.67/+0.55  R +0.660  ent 3.514  | 135.2s (coll 100.6 upd 26.0)
iter  21  team_ep_R  -8521.53  sampled_loop 0.497  | critic_loss 0.012  EV +0.99  critB 3697333(raw 1273904)  gcos +0.61  gnorm 1.40e-01  gcos@1/2/4/8 +0.61/+0.58/+0.57/+0.50  R +0.661  ent 3.511  | 133.0s (coll 98.7 upd 25.8)
iter  22  team_ep_R  -8695.94  sampled_loop 0.498  | critic_loss 0.014  EV +0.99  critB 3461631(raw 1340316)  gcos +0.52  gnorm 1.31e-01  gcos@1/2/4/8 +0.52/+0.58/+0.51/+0.18  R +0.654  ent 3.506  | 134.2s (coll 99.1 upd 26.5)
iter  23  team_ep_R  -8901.67  sampled_loop 0.499  | critic_loss 0.008  EV +0.99  critB 3209431(raw 939627)  gcos +0.49  gnorm 1.43e-01  gcos@1/2/4/8 +0.49/+0.57/+0.55/+0.48  R +0.654  ent 3.501  | 136.0s (coll 100.4 upd 26.9)
iter  24  team_ep_R  -8518.55  sampled_loop 0.496  DET_R -0.678  loop 0.541 [+x+y 0.440 +x+y 0.438 +.2x 0.747]  load 0.097  vmin 0.137  stall% 1.2  swing 0.195  coord 0.115  satL 0.09  satW 0.81  gap -0.046  | critic_loss 0.007  EV +0.99  critB 2975707(raw 872195)  gcos +0.63  gnorm 1.52e-01  gcos@1/2/4/8 +0.63/+0.39/+0.67/+0.63  R +0.659  ent 3.495  | 134.6s (coll 98.8 upd 27.2)
iter  25  team_ep_R  -8815.18  sampled_loop 0.497  | critic_loss 0.011  EV +0.99  critB 2824351(raw 1462145)  gcos +0.55  gnorm 1.25e-01  gcos@1/2/4/8 +0.55/+0.44/+0.45/+0.51  R +0.660  ent 3.486  | 135.7s (coll 100.7 upd 26.5)
iter  26  team_ep_R  -9034.40  sampled_loop 0.496  | critic_loss 0.008  EV +0.99  critB 2728358(raw 1864424)  gcos +0.52  gnorm 1.19e-01  gcos@1/2/4/8 +0.52/+0.56/+0.40/+0.64  R +0.662  ent 3.480  | 133.6s (coll 98.6 upd 26.4)
iter  27  team_ep_R  -9170.70  sampled_loop 0.500  | critic_loss 0.011  EV +0.99  critB 2577570(raw 1220472)  gcos +0.51  gnorm 1.31e-01  gcos@1/2/4/8 +0.51/+0.49/+0.57/+0.52  R +0.662  ent 3.475  | 135.8s (coll 99.5 upd 27.6)
iter  28  team_ep_R  -9081.29  sampled_loop 0.504  DET_R -0.636  loop 0.526 [+x+y 0.440 +x+y 0.438 +.2x 0.700]  load 0.098  vmin 0.201  stall% 0.8  swing 0.193  coord 0.109  satL 0.09  satW 0.81  gap -0.022  | critic_loss 0.009  EV +1.00  critB 2474375(raw 1545621)  gcos +0.45  gnorm 1.31e-01  gcos@1/2/4/8 +0.45/+0.34/+0.48/+0.41  R +0.658  ent 3.472  | 136.4s (coll 99.8 upd 27.9)
iter  29  team_ep_R  -8964.54  sampled_loop 0.496  | critic_loss 0.013  EV +1.00  critB 2361924(raw 1349871)  gcos +0.47  gnorm 1.50e-01  gcos@1/2/4/8 +0.47/+0.37/+0.58/+0.36  R +0.653  ent 3.462  | 139.2s (coll 102.5 upd 28.2)
iter  30  team_ep_R  -9253.64  sampled_loop 0.505  | critic_loss 0.009  EV +1.00  critB 2199007(raw 732753)  gcos +0.52  gnorm 1.55e-01  gcos@1/2/4/8 +0.52/+0.53/+0.37/+0.28  R +0.652  ent 3.462  | 134.2s (coll 99.2 upd 26.2)
iter  31  team_ep_R  -9297.75  sampled_loop 0.502  | critic_loss 0.008  EV +1.00  critB 2153188(raw 1740813)  gcos +0.23  gnorm 1.23e-01  gcos@1/2/4/8 +0.23/+0.47/+0.41/+0.45  R +0.649  ent 3.451  | 134.8s (coll 98.7 upd 27.2)
iter  32  team_ep_R  -9645.09  sampled_loop 0.501  DET_R -0.566  loop 0.501 [+x+y 0.440 +x+y 0.439 +.2x 0.624]  load 0.097  vmin 0.283  stall% 0.5  swing 0.197  coord 0.108  satL 0.08  satW 0.82  gap +0.000  | critic_loss 0.009  EV +1.00  critB 2067003(raw 1291336)  gcos +0.41  gnorm 1.35e-01  gcos@1/2/4/8 +0.41/+0.51/+0.42/+0.65  R +0.651  ent 3.444  | 134.8s (coll 99.7 upd 26.6)
iter  33  team_ep_R  -9053.59  sampled_loop 0.495  | critic_loss 0.008  EV +1.00  critB 2013501(raw 1531990)  gcos +0.53  gnorm 1.32e-01  gcos@1/2/4/8 +0.53/+0.40/+0.26/+0.54  R +0.654  ent 3.442  | 134.5s (coll 98.9 upd 26.7)
iter  34  team_ep_R  -9454.41  sampled_loop 0.498  | critic_loss 0.011  EV +1.00  critB 1977840(raw 1656883)  gcos +0.42  gnorm 1.18e-01  gcos@1/2/4/8 +0.42/+0.61/+0.45/+0.54  R +0.655  ent 3.433  | 134.2s (coll 97.6 upd 28.0)
iter  35  team_ep_R  -9167.53  sampled_loop 0.500  | critic_loss 0.008  EV +1.00  critB 1956597(raw 1765417)  gcos +0.35  gnorm 1.19e-01  gcos@1/2/4/8 +0.35/+0.37/+0.39/+0.36  R +0.651  ent 3.425  blowups 1  | 134.8s (coll 99.0 upd 27.3)
iter  36  team_ep_R  -8898.88  sampled_loop 0.491  DET_R -0.548  loop 0.494 [+x+y 0.441 +x+y 0.441 +.2x 0.600]  load 0.098  vmin 0.225  stall% 0.7  swing 0.201  coord 0.110  satL 0.08  satW 0.82  gap -0.003  | critic_loss 0.009  EV +1.00  critB 1846736(raw 857983)  gcos +0.32  gnorm 1.49e-01  gcos@1/2/4/8 +0.32/+0.41/+0.48/+0.32  R +0.650  ent 3.423  | 134.7s (coll 97.5 upd 28.5)
iter  37  team_ep_R  -9144.23  sampled_loop 0.494  | critic_loss 0.007  EV +1.00  critB 1932363(raw 2703004)  gcos +0.47  gnorm 1.11e-01  gcos@1/2/4/8 +0.47/+0.28/+0.31/+0.37  R +0.646  ent 3.421  | 136.2s (coll 100.8 upd 26.7)
iter  38  team_ep_R  -9040.26  sampled_loop 0.496  | critic_loss 0.007  EV +0.99  critB 1846070(raw 1069438)  gcos +0.42  gnorm 1.40e-01  gcos@1/2/4/8 +0.42/+0.59/+0.50/+0.50  R +0.644  ent 3.415  | 133.4s (coll 98.5 upd 26.3)
iter  39  team_ep_R  -9302.23  sampled_loop 0.498  | critic_loss 0.010  EV +1.00  critB 1831593(raw 1701300)  gcos +0.49  gnorm 1.22e-01  gcos@1/2/4/8 +0.49/+0.51/+0.40/+0.42  R +0.643  ent 3.415  | 135.1s (coll 98.8 upd 27.8)
iter  40  team_ep_R  -9054.14  sampled_loop 0.492  DET_R -0.558  loop 0.498 [+x+y 0.438 +x+y 0.443 +.2x 0.612]  load 0.098  vmin 0.264  stall% 0.4  swing 0.203  coord 0.118  satL 0.08  satW 0.81  gap -0.006  | critic_loss 0.007  EV +1.00  critB 1886506(raw 2380723)  gcos +0.45  gnorm 1.19e-01  gcos@1/2/4/8 +0.45/+0.25/+0.20/+0.36  R +0.638  ent 3.404  | 136.2s (coll 99.5 upd 27.9)
iter  41  team_ep_R  -8681.56  sampled_loop 0.490  | critic_loss 0.010  EV +1.00  critB 1830315(raw 1324598)  gcos +0.37  gnorm 1.25e-01  gcos@1/2/4/8 +0.37/+0.39/+0.30/+0.32  R +0.635  ent 3.400  | 134.6s (coll 98.1 upd 27.7)
iter  42  team_ep_R  -8945.31  sampled_loop 0.492  | critic_loss 0.009  EV +1.00  critB 1731024(raw 837407)  gcos +0.53  gnorm 1.44e-01  gcos@1/2/4/8 +0.53/+0.43/+0.34/+0.56  R +0.634  ent 3.391  | 135.3s (coll 100.1 upd 26.4)
iter  43  team_ep_R  -9379.63  sampled_loop 0.493  | critic_loss 0.011  EV +1.00  critB 1655093(raw 971711)  gcos +0.64  gnorm 1.40e-01  gcos@1/2/4/8 +0.64/+0.59/+0.46/+0.41  R +0.635  ent 3.381  | 134.5s (coll 98.8 upd 27.3)
iter  44  team_ep_R  -9475.40  sampled_loop 0.497  DET_R -0.531  loop 0.486 [+x+y 0.436 +x+y 0.439 +.2x 0.582]  load 0.097  vmin 0.219  stall% 0.4  swing 0.202  coord 0.116  satL 0.09  satW 0.81  gap +0.011  | critic_loss 0.008  EV +1.00  critB 1642414(raw 1528304)  gcos +0.57  gnorm 1.27e-01  gcos@1/2/4/8 +0.57/+0.56/+0.35/+0.38  R +0.634  ent 3.372  | 152.7s (coll 116.8 upd 27.4)
iter  45  team_ep_R  -9055.29  sampled_loop 0.490  | critic_loss 0.008  EV +1.00  critB 1555775(raw 776022)  gcos +0.58  gnorm 1.54e-01  gcos@1/2/4/8 +0.58/+0.66/+0.50/+0.40  R +0.635  ent 3.363  | 136.5s (coll 99.7 upd 28.2)
iter  46  team_ep_R  -8980.34  sampled_loop 0.488  | critic_loss 0.007  EV +1.00  critB 1485365(raw 851672)  gcos +0.66  gnorm 1.46e-01  gcos@1/2/4/8 +0.66/+0.60/+0.67/+0.49  R +0.637  ent 3.352  | 133.8s (coll 99.0 upd 25.9)
iter  47  team_ep_R  -8990.00  sampled_loop 0.487  | critic_loss 0.008  EV +1.00  critB 1445164(raw 1083362)  gcos +0.58  gnorm 1.47e-01  gcos@1/2/4/8 +0.58/+0.63/+0.56/+0.44  R +0.637  ent 3.340  | 132.3s (coll 98.3 upd 25.4)
iter  48  team_ep_R  -9032.48  sampled_loop 0.487  DET_R -0.760  loop 0.543 [+x+y 0.440 +x+y 0.440 +.2x 0.748]  load 0.098  vmin 0.034  stall% 1.5  swing 0.198  coord 0.123  satL 0.09  satW 0.81  gap -0.055  | critic_loss 0.007  EV +0.99  critB 1400965(raw 1003174)  gcos +0.63  gnorm 1.45e-01  gcos@1/2/4/8 +0.63/+0.63/+0.42/+0.32  R +0.636  ent 3.340  | 132.5s (coll 99.4 upd 24.5)
iter  49  team_ep_R  -9425.00  sampled_loop 0.494  | critic_loss 0.008  EV +1.00  critB 1320868(raw 599989)  gcos +0.61  gnorm 1.75e-01  gcos@1/2/4/8 +0.61/+0.55/+0.62/+0.52  R +0.637  ent 3.335  | 135.3s (coll 99.0 upd 27.7)
iter  50  team_ep_R  -9611.73  sampled_loop 0.495  | critic_loss 0.007  EV +1.00  critB 1238706(raw 499247)  gcos +0.69  gnorm 1.87e-01  gcos@1/2/4/8 +0.69/+0.62/+0.62/+0.62  R +0.635  ent 3.328  | 133.9s (coll 98.1 upd 27.3)
iter  51  team_ep_R  -9568.69  sampled_loop 0.500  | critic_loss 0.012  EV +1.00  critB 1291548(raw 1767128)  gcos +0.62  gnorm 1.28e-01  gcos@1/2/4/8 +0.62/+0.61/+0.42/+0.65  R +0.635  ent 3.324  | 132.6s (coll 98.6 upd 25.5)
iter  52  team_ep_R  -9203.63  sampled_loop 0.494  DET_R -0.798  loop 0.543 [+x+y 0.437 +x+y 0.436 +.2x 0.758]  load 0.096  vmin 0.136  stall% 1.0  swing 0.192  coord 0.126  satL 0.11  satW 0.81  gap -0.050  | critic_loss 0.007  EV +1.00  critB 1203229(raw 408357)  gcos +0.73  gnorm 1.91e-01  gcos@1/2/4/8 +0.73/+0.75/+0.64/+0.47  R +0.635  ent 3.321  | 132.4s (coll 98.2 upd 25.7)
iter  53  team_ep_R  -8795.47  sampled_loop 0.483  | critic_loss 0.006  EV +1.00  critB 1125931(raw 430255)  gcos +0.77  gnorm 1.88e-01  gcos@1/2/4/8 +0.77/+0.62/+0.63/+0.56  R +0.635  ent 3.314  | 135.1s (coll 98.2 upd 28.2)
iter  54  team_ep_R  -8606.65  sampled_loop 0.484  | critic_loss 0.006  EV +1.00  critB 1081016(raw 676779)  gcos +0.72  gnorm 1.65e-01  gcos@1/2/4/8 +0.72/+0.76/+0.72/+0.72  R +0.637  ent 3.310  | 134.5s (coll 97.3 upd 28.2)
iter  55  team_ep_R  -9436.62  sampled_loop 0.491  | critic_loss 0.008  EV +1.00  critB 1038751(raw 658367)  gcos +0.71  gnorm 1.65e-01  gcos@1/2/4/8 +0.71/+0.68/+0.68/+0.57  R +0.640  ent 3.303  | 133.0s (coll 97.9 upd 26.5)
iter  56  team_ep_R  -8680.00  sampled_loop 0.481  DET_R -0.633  loop 0.520 [+x+y 0.437 +x+y 0.435 +.2x 0.688]  load 0.098  vmin 0.210  stall% 0.8  swing 0.197  coord 0.120  satL 0.08  satW 0.81  gap -0.039  | critic_loss 0.005  EV +1.00  critB 1012240(raw 773639)  gcos +0.74  gnorm 1.55e-01  gcos@1/2/4/8 +0.74/+0.70/+0.66/+0.52  R +0.643  ent 3.293  | 135.4s (coll 99.1 upd 27.9)
iter  57  team_ep_R  -9298.34  sampled_loop 0.484  | critic_loss 0.007  EV +1.00  critB 1036064(raw 1250475)  gcos +0.52  gnorm 1.27e-01  gcos@1/2/4/8 +0.52/+0.56/+0.54/+0.49  R +0.642  ent 3.287  | 132.5s (coll 98.6 upd 25.4)
iter  58  team_ep_R  -9040.20  sampled_loop 0.480  | critic_loss 0.007  EV +1.00  critB 1024609(raw 921519)  gcos +0.56  gnorm 1.42e-01  gcos@1/2/4/8 +0.56/+0.58/+0.60/+0.53  R +0.644  ent 3.277  | 136.5s (coll 100.8 upd 27.1)
iter  59  team_ep_R  -9014.82  sampled_loop 0.481  | critic_loss 0.007  EV +1.00  critB 1129613(raw 2074646)  gcos +0.45  gnorm 1.17e-01  gcos@1/2/4/8 +0.45/+0.50/+0.61/+0.51  R +0.643  ent 3.268  | 134.5s (coll 100.3 upd 25.6)
iter  60  team_ep_R  -9266.40  sampled_loop 0.486  DET_R -0.508  loop 0.474 [+x+y 0.435 +x+y 0.435 +.2x 0.550]  load 0.095  vmin 0.138  stall% 1.6  swing 0.196  coord 0.129  satL 0.09  satW 0.81  gap +0.012  (new best -0.508 -> saved)  | critic_loss 0.006  EV +1.00  critB 1258026(raw 2413750)  gcos +0.54  gnorm 1.13e-01  gcos@1/2/4/8 +0.54/+0.45/+0.47/+0.56  R +0.642  ent 3.256  | 142.3s (coll 106.4 upd 27.4)
iter  61  team_ep_R  -8677.00  sampled_loop 0.479  | critic_loss 0.005  EV +1.00  critB 1234953(raw 1027291)  gcos +0.49  gnorm 1.32e-01  gcos@1/2/4/8 +0.49/+0.44/+0.39/+0.47  R +0.643  ent 3.246  | 135.4s (coll 99.7 upd 27.0)
iter  62  team_ep_R  -9147.29  sampled_loop 0.487  | critic_loss 0.005  EV +1.00  critB 1160993(raw 495356)  gcos +0.50  gnorm 1.74e-01  gcos@1/2/4/8 +0.50/+0.55/+0.46/+0.70  R +0.644  ent 3.241  | 134.1s (coll 99.6 upd 26.0)
iter  63  team_ep_R  -9824.23  sampled_loop 0.497  | critic_loss 0.007  EV +1.00  critB 1105764(raw 608702)  gcos +0.71  gnorm 1.75e-01  gcos@1/2/4/8 +0.71/+0.63/+0.51/+0.71  R +0.647  ent 3.237  | 147.2s (coll 112.0 upd 26.7)
iter  64  team_ep_R  -9119.07  sampled_loop 0.491  DET_R -0.538  loop 0.487 [+x+y 0.436 +x+y 0.434 +.2x 0.590]  load 0.098  vmin 0.061  stall% 1.0  swing 0.202  coord 0.133  satL 0.10  satW 0.81  gap +0.004  | critic_loss 0.006  EV +1.00  critB 1039406(raw 442179)  gcos +0.73  gnorm 1.95e-01  gcos@1/2/4/8 +0.73/+0.78/+0.57/+0.69  R +0.651  ent 3.230  | 136.2s (coll 101.0 upd 26.6)
iter  65  team_ep_R  -9713.09  sampled_loop 0.495  | critic_loss 0.016  EV +1.00  critB 978820(raw 433547)  gcos +0.76  gnorm 1.80e-01  gcos@1/2/4/8 +0.76/+0.79/+0.58/+0.50  R +0.652  ent 3.221  | 133.4s (coll 97.8 upd 27.0)
iter  66  team_ep_R  -9216.01  sampled_loop 0.488  | critic_loss 0.011  EV +1.00  critB 929270(raw 483323)  gcos +0.72  gnorm 1.86e-01  gcos@1/2/4/8 +0.72/+0.80/+0.79/+0.50  R +0.654  ent 3.217  | 133.4s (coll 98.1 upd 26.6)
iter  67  team_ep_R  -9261.41  sampled_loop 0.485  | critic_loss 0.006  EV +1.00  critB 914971(raw 786277)  gcos +0.76  gnorm 1.55e-01  gcos@1/2/4/8 +0.76/+0.72/+0.70/+0.54  R +0.655  ent 3.211  | 151.3s (coll 115.8 upd 26.9)
iter  68  team_ep_R  -9126.33  sampled_loop 0.485  DET_R -0.487  loop 0.463 [+x+y 0.438 +x+y 0.434 +.2x 0.518]  load 0.095  vmin 0.054  stall% 1.4  swing 0.205  coord 0.123  satL 0.10  satW 0.82  gap +0.022  (new best -0.487 -> saved)  | critic_loss 0.006  EV +1.00  critB 888410(raw 649358)  gcos +0.75  gnorm 1.65e-01  gcos@1/2/4/8 +0.75/+0.73/+0.67/+0.71  R +0.657  ent 3.200  | 135.8s (coll 98.9 upd 28.3)
iter  69  team_ep_R  -9298.69  sampled_loop 0.487  | critic_loss 0.006  EV +1.00  critB 860786(raw 612171)  gcos +0.64  gnorm 1.63e-01  gcos@1/2/4/8 +0.64/+0.69/+0.58/+0.45  R +0.657  ent 3.194  | 133.8s (coll 97.3 upd 27.7)
iter  70  team_ep_R  -9679.31  sampled_loop 0.488  | critic_loss 0.006  EV +1.00  critB 820003(raw 452957)  gcos +0.62  gnorm 1.87e-01  gcos@1/2/4/8 +0.62/+0.79/+0.75/+0.76  R +0.658  ent 3.187  | 136.2s (coll 100.3 upd 26.9)
iter  71  team_ep_R  -9286.32  sampled_loop 0.486  | critic_loss 0.006  EV +1.00  critB 791221(raw 532182)  gcos +0.77  gnorm 1.70e-01  gcos@1/2/4/8 +0.77/+0.66/+0.72/+0.67  R +0.660  ent 3.179  | 135.7s (coll 98.7 upd 28.4)
iter  72  team_ep_R  -9219.42  sampled_loop 0.485  DET_R -0.471  loop 0.462 [+x+y 0.436 +x+y 0.434 +.2x 0.517]  load 0.095  vmin 0.233  stall% 0.4  swing 0.205  coord 0.119  satL 0.09  satW 0.82  gap +0.023  (new best -0.471 -> saved)  | critic_loss 0.008  EV +1.00  critB 765490(raw 533918)  gcos +0.79  gnorm 1.82e-01  gcos@1/2/4/8 +0.79/+0.78/+0.79/+0.73  R +0.662  ent 3.177  | 157.2s (coll 120.3 upd 28.3)
iter  73  team_ep_R  -9043.69  sampled_loop 0.480  | critic_loss 0.007  EV +1.00  critB 758299(raw 693574)  gcos +0.72  gnorm 1.64e-01  gcos@1/2/4/8 +0.72/+0.60/+0.69/+0.65  R +0.663  ent 3.173  | 134.0s (coll 97.2 upd 28.3)
iter  74  team_ep_R  -9331.22  sampled_loop 0.484  | critic_loss 0.007  EV +1.00  critB 765057(raw 825877)  gcos +0.73  gnorm 1.53e-01  gcos@1/2/4/8 +0.73/+0.69/+0.69/+0.72  R +0.665  ent 3.169  | 132.6s (coll 97.9 upd 26.1)
iter  75  team_ep_R  -9078.55  sampled_loop 0.482  | critic_loss 0.007  EV +1.00  critB 755455(raw 669040)  gcos +0.65  gnorm 1.73e-01  gcos@1/2/4/8 +0.65/+0.60/+0.78/+0.69  R +0.666  ent 3.164  | 134.0s (coll 97.7 upd 27.6)
iter  76  team_ep_R  -9034.67  sampled_loop 0.484  DET_R -0.596  loop 0.512 [+x+y 0.435 +x+y 0.435 +.2x 0.666]  load 0.097  vmin 0.130  stall% 0.7  swing 0.199  coord 0.119  satL 0.09  satW 0.82  gap -0.028  | critic_loss 0.008  EV +1.00  critB 796600(raw 1166904)  gcos +0.55  gnorm 1.44e-01  gcos@1/2/4/8 +0.55/+0.71/+0.59/+0.57  R +0.667  ent 3.154  | 133.7s (coll 97.4 upd 27.8)
iter  77  team_ep_R  -9300.36  sampled_loop 0.481  | critic_loss 0.005  EV +1.00  critB 787694(raw 707541)  gcos +0.53  gnorm 1.60e-01  gcos@1/2/4/8 +0.53/+0.69/+0.59/+0.44  R +0.668  ent 3.147  blowups 1  | 135.1s (coll 99.4 upd 27.2)
iter  78  team_ep_R  -8995.87  sampled_loop 0.481  | critic_loss 0.006  EV +1.00  critB 866171(raw 1572464)  gcos +0.56  gnorm 1.28e-01  gcos@1/2/4/8 +0.56/+0.63/+0.64/+0.54  R +0.669  ent 3.143  | 133.4s (coll 97.7 upd 27.2)
iter  79  team_ep_R  -8954.03  sampled_loop 0.480  | critic_loss 0.005  EV +1.00  critB 865921(raw 863676)  gcos +0.68  gnorm 1.48e-01  gcos@1/2/4/8 +0.68/+0.54/+0.45/+0.48  R +0.668  ent 3.140  | 134.3s (coll 98.1 upd 27.7)
iter  80  team_ep_R  -8868.01  sampled_loop 0.478  DET_R -0.483  loop 0.463 [+x+y 0.432 +x+y 0.435 +.2x 0.521]  load 0.097  vmin 0.222  stall% 0.3  swing 0.207  coord 0.116  satL 0.09  satW 0.82  gap +0.015  | critic_loss 0.005  EV +1.00  critB 846143(raw 668136)  gcos +0.58  gnorm 1.64e-01  gcos@1/2/4/8 +0.58/+0.65/+0.54/+0.55  R +0.667  ent 3.130  | 133.4s (coll 98.1 upd 26.8)
iter  81  team_ep_R  -9807.76  sampled_loop 0.486  | critic_loss 0.006  EV +1.00  critB 846654(raw 851254)  gcos +0.70  gnorm 1.52e-01  gcos@1/2/4/8 +0.70/+0.63/+0.49/+0.42  R +0.667  ent 3.119  | 132.1s (coll 97.1 upd 26.5)
iter  82  team_ep_R  -9203.92  sampled_loop 0.478  | critic_loss 0.006  EV +1.00  critB 818857(raw 568684)  gcos +0.69  gnorm 1.81e-01  gcos@1/2/4/8 +0.69/+0.64/+0.67/+0.45  R +0.666  ent 3.103  | 132.8s (coll 97.8 upd 26.3)
iter  83  team_ep_R  -9376.92  sampled_loop 0.484  | critic_loss 0.007  EV +1.00  critB 833105(raw 961336)  gcos +0.73  gnorm 1.49e-01  gcos@1/2/4/8 +0.73/+0.67/+0.62/+0.40  R +0.666  ent 3.098  | 133.4s (coll 98.8 upd 26.0)
iter  84  team_ep_R  -9404.57  sampled_loop 0.480  DET_R -0.525  loop 0.484 [+x+y 0.433 +x+y 0.436 +.2x 0.583]  load 0.095  vmin 0.171  stall% 0.8  swing 0.195  coord 0.118  satL 0.08  satW 0.82  gap -0.004  | critic_loss 0.006  EV +1.00  critB 814237(raw 644429)  gcos +0.68  gnorm 1.70e-01  gcos@1/2/4/8 +0.68/+0.70/+0.69/+0.51  R +0.667  ent 3.095  | 133.7s (coll 98.8 upd 26.3)
iter  85  team_ep_R  -9079.14  sampled_loop 0.473  | critic_loss 0.005  EV +1.00  critB 801032(raw 682183)  gcos +0.74  gnorm 1.58e-01  gcos@1/2/4/8 +0.74/+0.66/+0.71/+0.57  R +0.668  ent 3.087  | 130.3s (coll 95.6 upd 25.9)
iter  86  team_ep_R  -9224.92  sampled_loop 0.478  | critic_loss 0.006  EV +1.00  critB 851332(raw 1304035)  gcos +0.55  gnorm 1.36e-01  gcos@1/2/4/8 +0.55/+0.56/+0.60/+0.49  R +0.667  ent 3.079  | 132.8s (coll 97.2 upd 27.0)
iter  87  team_ep_R  -8845.30  sampled_loop 0.471  | critic_loss 0.006  EV +1.00  critB 902437(raw 1362377)  gcos +0.43  gnorm 1.32e-01  gcos@1/2/4/8 +0.43/+0.57/+0.53/+0.55  R +0.666  ent 3.073  | 132.9s (coll 97.7 upd 26.5)
iter  88  team_ep_R  -9280.22  sampled_loop 0.477  DET_R -0.556  loop 0.498 [+x+y 0.436 +x+y 0.439 +.2x 0.620]  load 0.096  vmin 0.176  stall% 0.6  swing 0.195  coord 0.112  satL 0.08  satW 0.81  gap -0.022  | critic_loss 0.005  EV +1.00  critB 962790(raw 1505967)  gcos +0.46  gnorm 1.36e-01  gcos@1/2/4/8 +0.46/+0.45/+0.64/+0.65  R +0.666  ent 3.067  | 134.5s (coll 100.4 upd 25.5)
iter  89  team_ep_R  -8528.84  sampled_loop 0.468  | critic_loss 0.005  EV +1.00  critB 973640(raw 1071290)  gcos +0.59  gnorm 1.45e-01  gcos@1/2/4/8 +0.59/+0.51/+0.56/+0.60  R +0.668  ent 3.062  | 133.4s (coll 97.9 upd 26.7)
iter  90  team_ep_R  -9253.20  sampled_loop 0.476  | critic_loss 0.005  EV +1.00  critB 1106908(raw 2306324)  gcos +0.50  gnorm 1.20e-01  gcos@1/2/4/8 +0.50/+0.47/+0.20/+0.30  R +0.666  ent 3.051  | 133.4s (coll 98.0 upd 26.8)
iter  91  team_ep_R  -9225.49  sampled_loop 0.477  | critic_loss 0.004  EV +1.00  critB 1234114(raw 2378967)  gcos +0.38  gnorm 1.17e-01  gcos@1/2/4/8 +0.38/+0.32/+0.23/+0.26  R +0.664  ent 3.038  | 135.5s (coll 98.2 upd 28.7)
iter  92  team_ep_R  -9415.20  sampled_loop 0.482  DET_R -0.497  loop 0.473 [+x+y 0.436 +x+y 0.442 +.2x 0.541]  load 0.096  vmin 0.197  stall% 0.6  swing 0.195  coord 0.115  satL 0.07  satW 0.82  gap +0.010  | critic_loss 0.006  EV +1.00  critB 1211475(raw 1007728)  gcos +0.50  gnorm 1.53e-01  gcos@1/2/4/8 +0.50/+0.34/+0.20/+0.24  R +0.660  ent 3.033  | 135.6s (coll 97.7 upd 29.3)
iter  93  team_ep_R  -8887.54  sampled_loop 0.478  | critic_loss 0.005  EV +1.00  critB 1222854(raw 1325259)  gcos +0.16  gnorm 1.33e-01  gcos@1/2/4/8 +0.16/+0.28/+0.52/+0.48  R +0.660  ent 3.026  | 134.9s (coll 98.2 upd 28.1)
iter  94  team_ep_R  -9291.44  sampled_loop 0.478  | critic_loss 0.007  EV +1.00  critB 1259096(raw 1585281)  gcos +0.43  gnorm 1.26e-01  gcos@1/2/4/8 +0.43/+0.53/+0.34/+0.47  R +0.658  ent 3.018  | 139.7s (coll 104.0 upd 27.0)
iter  95  team_ep_R  -8536.39  sampled_loop 0.467  | critic_loss 0.005  EV +1.00  critB 1306980(raw 1737929)  gcos +0.46  gnorm 1.23e-01  gcos@1/2/4/8 +0.46/+0.47/+0.41/+0.49  R +0.655  ent 3.008  | 132.7s (coll 97.6 upd 26.3)
iter  96  team_ep_R  -9343.33  sampled_loop 0.477  DET_R -0.520  loop 0.481 [+x+y 0.438 +x+y 0.440 +.2x 0.564]  load 0.098  vmin 0.164  stall% 0.7  swing 0.199  coord 0.114  satL 0.08  satW 0.82  gap -0.003  | critic_loss 0.004  EV +1.00  critB 1337841(raw 1615594)  gcos +0.54  gnorm 1.30e-01  gcos@1/2/4/8 +0.54/+0.39/+0.28/+0.53  R +0.654  ent 3.006  | 136.2s (coll 100.5 upd 26.8)
iter  97  team_ep_R  -9081.00  sampled_loop 0.474  | critic_loss 0.006  EV +1.00  critB 1282687(raw 786305)  gcos +0.41  gnorm 1.50e-01  gcos@1/2/4/8 +0.41/+0.46/+0.50/+0.56  R +0.654  ent 2.998  | 136.0s (coll 99.5 upd 27.8)
iter  98  team_ep_R  -8925.62  sampled_loop 0.474  | critic_loss 0.005  EV +1.00  critB 1377388(raw 2229694)  gcos +0.30  gnorm 1.16e-01  gcos@1/2/4/8 +0.30/+0.57/+0.29/+0.41  R +0.654  ent 2.990  | 132.5s (coll 97.3 upd 26.3)
iter  99  team_ep_R  -8906.36  sampled_loop 0.469  | critic_loss 0.004  EV +1.00  critB 1394730(raw 1550802)  gcos +0.55  gnorm 1.32e-01  gcos@1/2/4/8 +0.55/+0.37/+0.34/+0.39  R +0.653  ent 2.983  | 140.6s (coll 104.1 upd 27.9)
iter 100  team_ep_R  -9057.27  sampled_loop 0.474  DET_R -0.490  loop 0.469 [+x+y 0.439 +x+y 0.440 +.2x 0.528]  load 0.097  vmin 0.178  stall% 0.6  swing 0.199  coord 0.113  satL 0.07  satW 0.81  gap +0.005  | critic_loss 0.005  EV +1.00  critB 1329458(raw 742014)  gcos +0.40  gnorm 1.49e-01  gcos@1/2/4/8 +0.40/+0.43/+0.33/+0.34  R +0.653  ent 2.974  | 132.9s (coll 97.5 upd 26.9)
iter 101  team_ep_R  -8936.29  sampled_loop 0.468  | critic_loss 0.004  EV +1.00  critB 1334431(raw 1379188)  gcos +0.51  gnorm 1.28e-01  gcos@1/2/4/8 +0.51/+0.46/+0.42/+0.49  R +0.653  ent 2.968  | 136.5s (coll 101.8 upd 26.2)
iter 102  team_ep_R  -8995.11  sampled_loop 0.472  | critic_loss 0.004  EV +1.00  critB 1320280(raw 1192918)  gcos +0.48  gnorm 1.40e-01  gcos@1/2/4/8 +0.48/+0.41/+0.42/+0.38  R +0.651  ent 2.959  | 132.9s (coll 98.2 upd 26.2)
iter 103  team_ep_R  -8966.35  sampled_loop 0.468  | critic_loss 0.004  EV +1.00  critB 1307710(raw 1194587)  gcos +0.42  gnorm 1.42e-01  gcos@1/2/4/8 +0.42/+0.44/+0.50/+0.46  R +0.649  ent 2.953  | 137.9s (coll 103.0 upd 26.2)
iter 104  team_ep_R  -8928.43  sampled_loop 0.469  DET_R -0.499  loop 0.472 [+x+y 0.437 +x+y 0.441 +.2x 0.538]  load 0.096  vmin 0.057  stall% 1.2  swing 0.199  coord 0.125  satL 0.07  satW 0.81  gap -0.003  | critic_loss 0.004  EV +1.00  critB 1278900(raw 1019603)  gcos +0.57  gnorm 1.43e-01  gcos@1/2/4/8 +0.57/+0.56/+0.50/+0.45  R +0.650  ent 2.948  | 137.8s (coll 101.7 upd 27.5)
iter 105  team_ep_R  -9154.73  sampled_loop 0.473  | critic_loss 0.015  EV +1.00  critB 1396877(raw 2458671)  gcos +0.55  gnorm 1.21e-01  gcos@1/2/4/8 +0.55/+0.46/+0.46/+0.41  R +0.649  ent 2.941  | 135.7s (coll 98.9 upd 27.8)
iter 106  team_ep_R  -8866.76  sampled_loop 0.466  | critic_loss 0.006  EV +1.00  critB 1354398(raw 972093)  gcos +0.48  gnorm 1.48e-01  gcos@1/2/4/8 +0.48/+0.44/+0.46/+0.53  R +0.650  ent 2.930  | 142.0s (coll 105.9 upd 27.6)
iter 107  team_ep_R  -9268.37  sampled_loop 0.473  | critic_loss 0.004  EV +1.00  critB 1367008(raw 1480498)  gcos +0.49  gnorm 1.31e-01  gcos@1/2/4/8 +0.49/+0.44/+0.34/+0.23  R +0.650  ent 2.926  | 162.6s (coll 126.7 upd 27.2)
iter 108  team_ep_R  -9324.56  sampled_loop 0.479  DET_R -0.487  loop 0.470 [+x+y 0.438 +x+y 0.438 +.2x 0.533]  load 0.095  vmin 0.038  stall% 1.3  swing 0.197  coord 0.136  satL 0.07  satW 0.81  gap +0.009  | critic_loss 0.005  EV +1.00  critB 1348287(raw 1179790)  gcos +0.40  gnorm 1.35e-01  gcos@1/2/4/8 +0.40/+0.48/+0.42/+0.37  R +0.649  ent 2.917  | 134.1s (coll 98.8 upd 26.9)
iter 109  team_ep_R  -8969.78  sampled_loop 0.470  | critic_loss 0.006  EV +1.00  critB 1346018(raw 1325602)  gcos +0.56  gnorm 1.33e-01  gcos@1/2/4/8 +0.56/+0.47/+0.60/+0.46  R +0.650  ent 2.906  | 132.4s (coll 97.1 upd 26.8)
iter 110  team_ep_R  -9172.64  sampled_loop 0.473  | critic_loss 0.005  EV +1.00  critB 1344136(raw 1327200)  gcos +0.56  gnorm 1.36e-01  gcos@1/2/4/8 +0.56/+0.46/+0.52/+0.33  R +0.651  ent 2.902  | 131.5s (coll 97.2 upd 25.7)
iter 111  team_ep_R  -9264.29  sampled_loop 0.477  | critic_loss 0.004  EV +1.00  critB 1299850(raw 901275)  gcos +0.66  gnorm 1.54e-01  gcos@1/2/4/8 +0.66/+0.50/+0.57/+0.34  R +0.652  ent 2.897  | 129.2s (coll 95.1 upd 25.5)
iter 112  team_ep_R  -8618.94  sampled_loop 0.467  DET_R -0.500  loop 0.481 [+x+y 0.435 +x+y 0.439 +.2x 0.569]  load 0.096  vmin 0.215  stall% 0.6  swing 0.198  coord 0.120  satL 0.08  satW 0.82  gap -0.014  | critic_loss 0.004  EV +1.00  critB 1259821(raw 899562)  gcos +0.62  gnorm 1.59e-01  gcos@1/2/4/8 +0.62/+0.56/+0.51/+0.41  R +0.652  ent 2.893  | 131.9s (coll 97.7 upd 25.3)
iter 113  team_ep_R  -9234.69  sampled_loop 0.475  | critic_loss 0.005  EV +1.00  critB 1237034(raw 1031946)  gcos +0.67  gnorm 1.47e-01  gcos@1/2/4/8 +0.67/+0.72/+0.59/+0.47  R +0.654  ent 2.883  | 132.5s (coll 98.3 upd 25.7)
iter 114  team_ep_R  -9114.87  sampled_loop 0.472  | critic_loss 0.004  EV +1.00  critB 1223927(raw 1105964)  gcos +0.55  gnorm 1.41e-01  gcos@1/2/4/8 +0.55/+0.54/+0.62/+0.62  R +0.654  ent 2.882  | 136.4s (coll 100.9 upd 27.0)
iter 115  team_ep_R  -8593.22  sampled_loop 0.460  | critic_loss 0.006  EV +1.00  critB 1233319(raw 1317850)  gcos +0.59  gnorm 1.36e-01  gcos@1/2/4/8 +0.59/+0.54/+0.45/+0.50  R +0.654  ent 2.874  | 132.8s (coll 97.1 upd 27.1)
iter 116  team_ep_R  -8870.52  sampled_loop 0.467  DET_R -0.493  loop 0.475 [+x+y 0.434 +x+y 0.440 +.2x 0.552]  load 0.095  vmin 0.188  stall% 0.5  swing 0.193  coord 0.115  satL 0.08  satW 0.81  gap -0.008  | critic_loss 0.005  EV +1.00  critB 1302654(raw 1926666)  gcos +0.61  gnorm 1.25e-01  gcos@1/2/4/8 +0.61/+0.56/+0.47/+0.47  R +0.654  ent 2.870  blowups 1  | 131.2s (coll 95.2 upd 27.3)
iter 117  team_ep_R  -8440.58  sampled_loop 0.462  | critic_loss 0.006  EV +1.00  critB 1270494(raw 981058)  gcos +0.65  gnorm 1.39e-01  gcos@1/2/4/8 +0.65/+0.53/+0.49/+0.45  R +0.653  ent 2.862  | 131.8s (coll 97.3 upd 25.9)
iter 118  team_ep_R  -8665.89  sampled_loop 0.466  | critic_loss 0.005  EV +1.00  critB 1212562(raw 691170)  gcos +0.64  gnorm 1.52e-01  gcos@1/2/4/8 +0.64/+0.59/+0.49/+0.50  R +0.652  ent 2.858  | 130.4s (coll 95.3 upd 26.5)
iter 119  team_ep_R  -8837.15  sampled_loop 0.465  | critic_loss 0.005  EV +1.00  critB 1188548(raw 972425)  gcos +0.56  gnorm 1.45e-01  gcos@1/2/4/8 +0.56/+0.61/+0.52/+0.41  R +0.651  ent 2.857  | 133.0s (coll 97.7 upd 26.8)
iter 120  team_ep_R  -8539.92  sampled_loop 0.461  DET_R -0.487  loop 0.470 [+x+y 0.432 +x+y 0.441 +.2x 0.536]  load 0.097  vmin 0.112  stall% 1.2  swing 0.201  coord 0.117  satL 0.08  satW 0.81  gap -0.009  | critic_loss 0.004  EV +1.00  critB 1203146(raw 1334525)  gcos +0.56  gnorm 1.36e-01  gcos@1/2/4/8 +0.56/+0.48/+0.54/+0.42  R +0.651  ent 2.855  | 133.6s (coll 97.4 upd 27.8)
iter 121  team_ep_R  -8491.96  sampled_loop 0.465  | critic_loss 0.005  EV +1.00  critB 1238336(raw 1555044)  gcos +0.51  gnorm 1.31e-01  gcos@1/2/4/8 +0.51/+0.47/+0.39/+0.43  R +0.651  ent 2.852  | 139.2s (coll 104.7 upd 25.9)
iter 122  team_ep_R  -9131.48  sampled_loop 0.470  | critic_loss 0.005  EV +1.00  critB 1287776(raw 1732734)  gcos +0.48  gnorm 1.29e-01  gcos@1/2/4/8 +0.48/+0.60/+0.43/+0.42  R +0.650  ent 2.853  | 132.6s (coll 97.2 upd 26.7)
iter 123  team_ep_R  -8967.73  sampled_loop 0.467  | critic_loss 0.006  EV +1.00  critB 1242687(raw 836889)  gcos +0.51  gnorm 1.54e-01  gcos@1/2/4/8 +0.51/+0.35/+0.35/+0.48  R +0.652  ent 2.853  | 132.6s (coll 98.9 upd 25.3)
iter 124  team_ep_R  -8500.70  sampled_loop 0.458  DET_R -0.451  loop 0.458 [+x+y 0.433 +x+y 0.440 +.2x 0.499]  load 0.092  vmin 0.233  stall% 0.6  swing 0.191  coord 0.116  satL 0.08  satW 0.82  gap +0.001  (new best -0.451 -> saved)  | critic_loss 0.004  EV +1.00  critB 1198221(raw 798031)  gcos +0.74  gnorm 1.62e-01  gcos@1/2/4/8 +0.74/+0.63/+0.61/+0.56  R +0.653  ent 2.851  | 132.1s (coll 97.4 upd 25.8)
iter 125  team_ep_R  -8548.60  sampled_loop 0.460  | critic_loss 0.004  EV +1.00  critB 1144277(raw 658781)  gcos +0.54  gnorm 1.68e-01  gcos@1/2/4/8 +0.54/+0.47/+0.46/+0.44  R +0.653  ent 2.849  | 131.4s (coll 97.2 upd 25.7)
iter 126  team_ep_R  -9082.81  sampled_loop 0.466  | critic_loss 0.004  EV +1.00  critB 1130322(raw 1004720)  gcos +0.50  gnorm 1.50e-01  gcos@1/2/4/8 +0.50/+0.40/+0.32/+0.29  R +0.652  ent 2.844  | 134.7s (coll 100.4 upd 25.8)
iter 127  team_ep_R  -8571.41  sampled_loop 0.464  | critic_loss 0.003  EV +1.00  critB 1146735(raw 1294455)  gcos +0.50  gnorm 1.31e-01  gcos@1/2/4/8 +0.50/+0.53/+0.47/+0.44  R +0.652  ent 2.844  | 131.5s (coll 97.6 upd 25.6)
iter 128  team_ep_R  -8614.09  sampled_loop 0.459  DET_R -0.466  loop 0.460 [+x+y 0.433 +x+y 0.442 +.2x 0.506]  load 0.095  vmin 0.221  stall% 0.2  swing 0.198  coord 0.118  satL 0.08  satW 0.81  gap -0.001  | critic_loss 0.005  EV +1.00  critB 1136012(raw 1039509)  gcos +0.61  gnorm 1.50e-01  gcos@1/2/4/8 +0.61/+0.55/+0.45/+0.33  R +0.651  ent 2.840  | 131.3s (coll 97.3 upd 25.5)
iter 129  team_ep_R  -8876.84  sampled_loop 0.459  | critic_loss 0.005  EV +1.00  critB 1145459(raw 1230480)  gcos +0.46  gnorm 1.42e-01  gcos@1/2/4/8 +0.46/+0.54/+0.35/+0.19  R +0.650  ent 2.837  | 134.8s (coll 100.7 upd 25.7)
iter 130  team_ep_R  -8919.51  sampled_loop 0.460  | critic_loss 0.004  EV +1.00  critB 1147017(raw 1161036)  gcos +0.53  gnorm 1.40e-01  gcos@1/2/4/8 +0.53/+0.46/+0.39/+0.45  R +0.651  ent 2.834  | 139.6s (coll 105.1 upd 26.0)
iter 131  team_ep_R  -8631.97  sampled_loop 0.462  | critic_loss 0.004  EV +1.00  critB 1193425(raw 1611103)  gcos +0.49  gnorm 1.36e-01  gcos@1/2/4/8 +0.49/+0.52/+0.60/+0.52  R +0.651  ent 2.833  | 142.5s (coll 108.1 upd 26.0)
iter 132  team_ep_R  -8637.47  sampled_loop 0.458  DET_R -0.885  loop 0.484 [+x+y 0.435 +x+y 0.440 +.2x 0.577]  load 0.130  vmin 0.212  stall% 0.5  swing 0.272  coord 0.493  satL 0.09  satW 0.82  gap -0.026  | critic_loss 0.004  EV +1.00  critB 1154295(raw 802122)  gcos +0.54  gnorm 1.49e-01  gcos@1/2/4/8 +0.54/+0.46/+0.50/+0.53  R +0.650  ent 2.832  | 131.1s (coll 96.9 upd 25.9)
iter 133  team_ep_R  -8373.86  sampled_loop 0.456  | critic_loss 0.010  EV +1.00  critB 1119773(raw 809076)  gcos +0.67  gnorm 1.50e-01  gcos@1/2/4/8 +0.67/+0.47/+0.54/+0.51  R +0.649  ent 2.827  | 131.8s (coll 97.2 upd 26.3)
iter 134  team_ep_R  -8511.82  sampled_loop 0.458  | critic_loss 0.003  EV +1.00  critB 1094717(raw 869216)  gcos +0.68  gnorm 1.47e-01  gcos@1/2/4/8 +0.68/+0.63/+0.40/+0.67  R +0.648  ent 2.827  | 132.3s (coll 97.5 upd 26.3)
iter 135  team_ep_R  -8699.39  sampled_loop 0.461  | critic_loss 0.005  EV +1.00  critB 1090200(raw 1049544)  gcos +0.64  gnorm 1.53e-01  gcos@1/2/4/8 +0.64/+0.72/+0.58/+0.70  R +0.647  ent 2.828  | 131.5s (coll 97.6 upd 25.4)
iter 136  team_ep_R  -8193.47  sampled_loop 0.459  DET_R -0.488  loop 0.472 [+x+y 0.435 +x+y 0.440 +.2x 0.542]  load 0.096  vmin 0.254  stall% 0.4  swing 0.197  coord 0.127  satL 0.08  satW 0.81  gap -0.014  | critic_loss 0.003  EV +1.00  critB 1066020(raw 848397)  gcos +0.58  gnorm 1.56e-01  gcos@1/2/4/8 +0.58/+0.56/+0.54/+0.61  R +0.647  ent 2.826  | 132.3s (coll 97.7 upd 26.2)
iter 137  team_ep_R  -8640.05  sampled_loop 0.458  | critic_loss 0.003  EV +1.00  critB 1160182(raw 2007647)  gcos +0.60  gnorm 1.24e-01  gcos@1/2/4/8 +0.60/+0.60/+0.56/+0.46  R +0.647  ent 2.824  | 131.7s (coll 97.3 upd 25.9)
iter 138  team_ep_R  -8849.27  sampled_loop 0.461  | critic_loss 0.004  EV +1.00  critB 1124777(raw 806123)  gcos +0.66  gnorm 1.65e-01  gcos@1/2/4/8 +0.66/+0.57/+0.63/+0.57  R +0.648  ent 2.822  blowups 1  | 134.5s (coll 97.7 upd 28.3)
iter 139  team_ep_R  -8212.09  sampled_loop 0.454  | critic_loss 0.003  EV +1.00  critB 1133582(raw 1212828)  gcos +0.67  gnorm 1.45e-01  gcos@1/2/4/8 +0.67/+0.55/+0.38/+0.54  R +0.648  ent 2.820  | 131.6s (coll 97.2 upd 25.9)
iter 140  team_ep_R  -8346.65  sampled_loop 0.454  DET_R -0.453  loop 0.457 [+x+y 0.433 +x+y 0.441 +.2x 0.497]  load 0.094  vmin 0.233  stall% 0.5  swing 0.200  coord 0.132  satL 0.08  satW 0.81  gap -0.004  | critic_loss 0.003  EV +1.00  critB 1071467(raw 512438)  gcos +0.60  gnorm 1.86e-01  gcos@1/2/4/8 +0.60/+0.62/+0.45/+0.34  R +0.649  ent 2.815  | 132.1s (coll 97.6 upd 26.1)
iter 141  team_ep_R  -8470.96  sampled_loop 0.455  | critic_loss 0.005  EV +1.00  critB 1108955(raw 1446341)  gcos +0.58  gnorm 1.44e-01  gcos@1/2/4/8 +0.58/+0.64/+0.49/+0.38  R +0.650  ent 2.814  | 133.1s (coll 97.5 upd 27.1)
iter 142  team_ep_R  -8536.89  sampled_loop 0.457  | critic_loss 0.004  EV +1.00  critB 1067156(raw 690968)  gcos +0.58  gnorm 1.65e-01  gcos@1/2/4/8 +0.58/+0.72/+0.70/+0.53  R +0.650  ent 2.814  | 132.6s (coll 96.6 upd 27.6)
iter 143  team_ep_R  -8318.00  sampled_loop 0.454  | critic_loss 0.003  EV +1.00  critB 1003924(raw 434834)  gcos +0.77  gnorm 1.90e-01  gcos@1/2/4/8 +0.77/+0.58/+0.62/+0.32  R +0.650  ent 2.810  | 130.4s (coll 96.0 upd 25.8)
iter 144  team_ep_R  -8121.57  sampled_loop 0.449  DET_R -0.430  loop 0.446 [+x+y 0.432 +x+y 0.441 +.2x 0.464]  load 0.092  vmin 0.225  stall% 1.1  swing 0.197  coord 0.143  satL 0.09  satW 0.81  gap +0.003  (new best -0.430 -> saved)  | critic_loss 0.003  EV +1.00  critB 941364(raw 378322)  gcos +0.68  gnorm 2.02e-01  gcos@1/2/4/8 +0.68/+0.64/+0.72/+0.46  R +0.650  ent 2.809  | 133.1s (coll 99.0 upd 25.5)
iter 145  team_ep_R  -7854.78  sampled_loop 0.445  | critic_loss 0.008  EV +1.00  critB 877967(raw 307401)  gcos +0.75  gnorm 2.31e-01  gcos@1/2/4/8 +0.75/+0.74/+0.70/+0.48  R +0.651  ent 2.809  | 134.2s (coll 98.2 upd 27.5)
iter 146  team_ep_R  -8246.70  sampled_loop 0.450  | critic_loss 0.005  EV +0.99  critB 888451(raw 982810)  gcos +0.73  gnorm 1.55e-01  gcos@1/2/4/8 +0.73/+0.61/+0.59/+0.67  R +0.651  ent 2.809  | 130.7s (coll 96.9 upd 25.4)
iter 147  team_ep_R  -8616.24  sampled_loop 0.453  | critic_loss 0.003  EV +1.00  critB 835694(raw 360873)  gcos +0.65  gnorm 2.20e-01  gcos@1/2/4/8 +0.65/+0.70/+0.69/+0.62  R +0.652  ent 2.808  | 133.2s (coll 97.8 upd 26.8)
iter 148  team_ep_R  -8587.80  sampled_loop 0.451  DET_R -0.426  loop 0.448 [+x+y 0.431 +x+y 0.442 +.2x 0.469]  load 0.090  vmin 0.229  stall% 1.0  swing 0.192  coord 0.136  satL 0.10  satW 0.81  gap +0.003  (new best -0.426 -> saved)  | critic_loss 0.003  EV +1.00  critB 803753(raw 516284)  gcos +0.65  gnorm 1.91e-01  gcos@1/2/4/8 +0.65/+0.77/+0.57/+0.71  R +0.653  ent 2.810  | 134.6s (coll 98.6 upd 27.5)
iter 149  team_ep_R  -8141.65  sampled_loop 0.441  | critic_loss 0.003  EV +1.00  critB 750950(raw 275725)  gcos +0.80  gnorm 2.43e-01  gcos@1/2/4/8 +0.80/+0.78/+0.82/+0.65  R +0.655  ent 2.806  blowups 1  | 138.6s (coll 102.5 upd 27.6)
iter 150  team_ep_R  -7902.73  sampled_loop 0.446  DET_R -0.475  loop 0.471 [+x+y 0.432 +x+y 0.443 +.2x 0.538]  load 0.093  vmin 0.218  stall% 0.4  swing 0.190  coord 0.109  satL 0.08  satW 0.81  gap -0.025  | critic_loss 0.003  EV +1.00  critB 724299(raw 484440)  gcos +0.70  gnorm 1.90e-01  gcos@1/2/4/8 +0.70/+0.74/+0.66/+0.61  R +0.656  ent 2.800  blowups 1  | 131.7s (coll 96.8 upd 26.4)
best (deploy) -> residual_mappo.pt (BEST DET_R -0.426);  resume -> residual_mappo_last.pt
saved mappo_training_4961590.png
