  built mix dir +x+y+z   |move|=5.0m ramp 16s  dpos (4, 1800, 3)
  built mix dir +x+y-z   |move|=5.0m ramp 16s  dpos (4, 1800, 3)
OVERFIT (feasible curriculum RUNG 3 MIX): warm=residual_mappo_overfit_xyz_2trj_ch3.pt  2 dirs @ 5.0m  horizon=18s  (saves -> residual_mappo_overfit*.pt)
eval on 2 trajs ['+x+y+z', '+x+y-z'] (mean = best-net selection metric)
actor warm-started from residual_mappo_overfit_xyz_2trj_ch3.pt (+ its obs normalization + critic)
warm-start baseline DET_R -0.537 (seeded best; saves only if beaten)
PARALLEL collection: 90 worker processes (~13333 steps each)
main-process torch threads = 32 (SERIAL update; workers pinned to 1)
iter   1  team_ep_R -10380.92  sampled_loop 0.487  DET_R -0.538  loop 0.490 [+x+y 0.454 +x+y 0.525]  load 0.112  vmin 0.075  stall% 0.3  swing 0.204  coord 0.183  satL 0.18  satW 0.76  gap -0.003  | critic_loss 0.002  EV +0.95  critB 36926(raw 36926)  gcos +nan  ent 4.012  | 156.4s (coll 121.1 upd 27.2)
iter   2  team_ep_R  -9007.68  sampled_loop 0.488  | critic_loss 0.002  EV +0.96  critB 37205(raw 39714)  gcos +0.96  ent 3.848  | 141.0s (coll 103.8 upd 29.9)
iter   3  team_ep_R  -7946.58  sampled_loop 0.484  | critic_loss 0.002  EV +0.97  critB 40757(raw 72722)  gcos +0.95  ent 3.698  | 130.7s (coll 94.2 upd 28.8)
iter   4  team_ep_R  -7012.35  sampled_loop 0.485  DET_R -0.540  loop 0.488 [+x+y 0.456 +x+y 0.520]  load 0.113  vmin 0.036  stall% 0.3  swing 0.206  coord 0.162  satL 0.15  satW 0.76  gap -0.003  | critic_loss 0.003  EV +0.98  critB 40919(raw 42374)  gcos +0.94  ent 3.547  | 122.7s (coll 88.0 upd 27.3)
iter   5  team_ep_R  -6441.18  sampled_loop 0.483  | critic_loss 0.001  EV +0.98  critB 48753(raw 119265)  gcos +0.94  ent 3.418  | 128.5s (coll 94.3 upd 26.7)
iter   6  team_ep_R  -5927.28  sampled_loop 0.484  | critic_loss 0.002  EV +0.99  critB 54540(raw 106619)  gcos +0.92  ent 3.314  | 146.1s (coll 109.9 upd 28.8)
iter   7  team_ep_R  -5707.50  sampled_loop 0.483  | critic_loss 0.001  EV +0.99  critB 62447(raw 133610)  gcos +0.89  ent 3.316  | 125.6s (coll 91.1 upd 27.2)
iter   8  team_ep_R  -5629.76  sampled_loop 0.482  DET_R -0.548  loop 0.490 [+x+y 0.456 +x+y 0.525]  load 0.114  vmin 0.055  stall% 0.4  swing 0.215  coord 0.139  satL 0.13  satW 0.76  gap -0.008  | critic_loss 0.001  EV +0.99  critB 68612(raw 124093)  gcos +0.90  ent 3.316  | 126.5s (coll 90.3 upd 28.4)
iter   9  team_ep_R  -5865.78  sampled_loop 0.484  | critic_loss 0.001  EV +0.98  critB 87946(raw 261954)  gcos +0.84  ent 3.321  | 122.6s (coll 88.3 upd 26.9)
iter  10  team_ep_R  -5838.68  sampled_loop 0.484  | critic_loss 0.002  EV +0.99  critB 105610(raw 264589)  gcos +0.81  ent 3.321  | 143.8s (coll 108.5 upd 27.9)
iter  11  team_ep_R  -5917.02  sampled_loop 0.485  | critic_loss 0.002  EV +0.99  critB 150149(raw 551002)  gcos +0.69  ent 3.324  | 125.5s (coll 90.7 upd 27.2)
iter  12  team_ep_R  -5733.00  sampled_loop 0.481  DET_R -0.543  loop 0.486 [+x+y 0.453 +x+y 0.520]  load 0.113  vmin 0.044  stall% 0.7  swing 0.212  coord 0.139  satL 0.12  satW 0.76  gap -0.005  | critic_loss 0.001  EV +0.98  critB 169947(raw 348130)  gcos +0.72  ent 3.329  | 124.7s (coll 90.6 upd 26.5)
best (deploy) -> residual_mappo.pt (BEST DET_R -0.537);  resume -> residual_mappo_last.pt
saved mappo_training_4960412.png
