  built mix dir +x+y+z   |move|=5.0m ramp 16s  dpos (4, 1800, 3)
  built mix dir +x+y-z   |move|=5.0m ramp 16s  dpos (4, 1800, 3)
OVERFIT (feasible curriculum RUNG 3 MIX): warm=residual_mappo_overfit_xyz_2trj_ch3.pt  2 dirs @ 5.0m  horizon=18s  (saves -> residual_mappo_overfit*.pt)
eval on 2 trajs ['+x+y+z', '+x+y-z'] (mean = best-net selection metric)
actor warm-started from residual_mappo_overfit_xyz_2trj_ch3.pt (+ its obs normalization + critic)
warm-start baseline DET_R -0.537 (seeded best; saves only if beaten)
PARALLEL collection: 90 worker processes (~1022 steps each)
main-process torch threads = 16 (SERIAL update; workers pinned to 1)
iter   1  team_ep_R -10048.72  sampled_loop 0.481  DET_R -0.546  loop 0.494 [+x+y 0.455 +x+y 0.533]  load 0.114  vmin 0.137  stall% 0.5  swing 0.204  coord 0.181  satL 0.18  satW 0.76  gap -0.013  | critic_loss 0.001  EV +0.99  critB 14123(raw 14123)  gcos +nan  ent 4.008  | 33.9s (coll 11.3 upd 21.3)
iter   2  team_ep_R  -8673.77  sampled_loop 0.483  | critic_loss 0.001  EV +0.99  critB 14011(raw 13000)  gcos +0.92  ent 3.858  | 33.6s (coll 12.7 upd 19.8)
iter   3  team_ep_R  -8098.42  sampled_loop 0.489  | critic_loss 0.001  EV +0.95  critB 18442(raw 58321)  gcos +0.80  ent 3.727  | 33.3s (coll 11.7 upd 20.5)
iter   4  team_ep_R  -7351.17  sampled_loop 0.490  DET_R -0.546  loop 0.495 [+x+y 0.460 +x+y 0.530]  load 0.113  vmin 0.116  stall% 0.6  swing 0.205  coord 0.161  satL 0.16  satW 0.76  gap -0.005  | critic_loss 0.001  EV +0.94  critB 27168(raw 105699)  gcos +0.71  ent 3.614  | 32.8s (coll 11.4 upd 20.2)
iter   5  team_ep_R  -7003.72  sampled_loop 0.497  | critic_loss 0.001  EV +0.93  critB 39909(raw 154579)  gcos +0.56  ent 3.521  | 32.7s (coll 11.1 upd 20.5)
iter   6  team_ep_R  -6431.55  sampled_loop 0.490  | critic_loss 0.001  EV +0.96  critB 68374(raw 324558)  gcos +0.40  ent 3.435  | 32.5s (coll 11.1 upd 20.2)
iter   7  team_ep_R  -5756.92  sampled_loop 0.488  | critic_loss 0.004  EV +0.95  critB 83954(raw 224179)  gcos +0.42  ent 3.354  | 32.4s (coll 11.2 upd 20.0)
iter   8  team_ep_R  -5480.75  sampled_loop 0.491  DET_R -0.573  loop 0.503 [+x+y 0.464 +x+y 0.542]  load 0.114  vmin 0.068  stall% 1.0  swing 0.212  coord 0.159  satL 0.16  satW 0.76  gap -0.012  | critic_loss 0.000  EV +0.99  critB 83237(raw 76780)  gcos +0.58  ent 3.267  | 33.0s (coll 11.3 upd 20.6)
iter   9  team_ep_R  -5498.28  sampled_loop 0.493  | critic_loss 0.000  EV +0.97  critB 104166(raw 292529)  gcos +0.49  ent 3.200  | 33.9s (coll 11.5 upd 21.3)
iter  10  team_ep_R  -5635.65  sampled_loop 0.497  DET_R -0.568  loop 0.501 [+x+y 0.464 +x+y 0.537]  load 0.115  vmin 0.155  stall% 0.7  swing 0.212  coord 0.150  satL 0.16  satW 0.76  gap -0.004  | critic_loss 0.001  EV +0.96  critB 148045(raw 542953)  gcos +0.28  ent 3.148  | 33.9s (coll 11.1 upd 21.6)
best (deploy) -> residual_mappo.pt (BEST DET_R -0.537);  resume -> residual_mappo_last.pt
saved mappo_training_4960180.png
