  built mix dir +x+y+z   |move|= 15.0m (scale 10.0) ramp   29s  dpos (4, 3100, 3)
OVERFIT (feasible curriculum RUNG 3 MIX): warm=residual_mappo_overfit.pt  1 dirs @ per-dir scale/ramp  horizon=31s  (saves -> residual_mappo_overfit*.pt)
eval on 1 trajs ['+x+y+z'] (mean = best-net selection metric)
actor warm-started from residual_mappo_overfit.pt + its obs normalization + critic
warm-start baseline DET_R -0.814 (seeded best; saves only if beaten)
PARALLEL collection: 93 worker processes (~15053 steps each)
main-process torch threads = 32 (SERIAL update; workers pinned to 1)
iter   1  team_ep_R -105910.34  sampled_loop 0.952  DET_R -0.799  loop 0.698 [+x+y 0.698]  load 0.094  vmin 0.064  stall% 1.5  swing 0.178  coord 0.191  satL 0.11  satW 0.64  gap +0.253  (new best -0.799 -> saved)  | critic_loss 2.764  EV +0.97  critB 9325340(raw 9325340)  gcos +nan  gnorm 1.08e-01  gcos@1/2/4/8 +nan/+nan/+nan/+nan  R +1.000  ent 4.150  blowups 44  | 143.4s (coll 106.1 upd 28.2)
iter   2  team_ep_R -107130.90  sampled_loop 0.940  | critic_loss 1.850  EV +0.98  critB 8705143(raw 3123370)  gcos +0.20  gnorm 1.22e-01  gcos@1/2/4/8 +0.20/+nan/+nan/+nan  R +0.777  ent 4.105  blowups 35  | 140.3s (coll 103.9 upd 27.8)
iter   3  team_ep_R -99506.47  sampled_loop 0.927  | critic_loss 1.490  EV +0.98  critB 8618468(raw 7838390)  gcos +0.25  gnorm 1.16e-01  gcos@1/2/4/8 +0.25/+0.09/+nan/+nan  R +0.676  ent 4.066  blowups 39  | 141.3s (coll 103.3 upd 29.5)
iter   4  team_ep_R -102773.68  sampled_loop 0.934  DET_R -0.813  loop 0.701 [+x+y 0.701]  load 0.097  vmin 0.095  stall% 1.3  swing 0.189  coord 0.208  satL 0.11  satW 0.64  gap +0.233  | critic_loss 1.552  EV +0.98  critB 8049881(raw 2932606)  gcos +0.30  gnorm 1.26e-01  gcos@1/2/4/8 +0.30/+0.44/+nan/+nan  R +0.649  ent 4.023  blowups 50  | 142.0s (coll 104.9 upd 28.6)
iter   5  team_ep_R -102773.02  sampled_loop 0.927  | critic_loss 1.505  EV +0.98  critB 10287890(raw 30429967)  gcos +0.12  gnorm 1.08e-01  gcos@1/2/4/8 +0.12/+0.20/+0.21/+nan  R +0.608  ent 3.991  blowups 43  | 141.5s (coll 103.9 upd 28.8)
iter   6  team_ep_R -98751.61  sampled_loop 0.922  | critic_loss 1.453  EV +0.98  critB 10481202(raw 12221016)  gcos +0.34  gnorm 1.09e-01  gcos@1/2/4/8 +0.34/+0.21/+0.26/+nan  R +0.596  ent 3.948  blowups 42  | 132.5s (coll 96.7 upd 27.5)
iter   7  team_ep_R -94432.26  sampled_loop 0.914  | critic_loss 1.388  EV +0.98  critB 10258901(raw 8258187)  gcos +0.27  gnorm 1.10e-01  gcos@1/2/4/8 +0.27/-0.04/+0.11/+nan  R +0.561  ent 3.906  blowups 52  | 141.5s (coll 105.4 upd 27.4)
iter   8  team_ep_R -95477.07  sampled_loop 0.930  DET_R -0.819  loop 0.699 [+x+y 0.699]  load 0.097  vmin 0.093  stall% 1.7  swing 0.187  coord 0.199  satL 0.11  satW 0.64  gap +0.231  | critic_loss 1.213  EV +0.98  critB 9821884(raw 5888734)  gcos +0.09  gnorm 1.11e-01  gcos@1/2/4/8 +0.09/+0.18/+0.26/+nan  R +0.547  ent 3.866  blowups 45  | 142.0s (coll 105.8 upd 27.6)
iter   9  team_ep_R -89168.75  sampled_loop 0.899  | critic_loss 0.855  EV +0.99  critB 9468142(raw 6284466)  gcos +0.31  gnorm 1.16e-01  gcos@1/2/4/8 +0.31/+0.15/+0.21/+0.11  R +0.535  ent 3.827  blowups 41  | 140.8s (coll 103.9 upd 28.1)
iter  10  team_ep_R -95496.60  sampled_loop 0.929  | critic_loss 1.201  EV +0.99  critB 9506999(raw 9856706)  gcos +0.19  gnorm 1.07e-01  gcos@1/2/4/8 +0.19/+0.15/+0.31/+0.24  R +0.531  ent 3.795  blowups 40  | 135.4s (coll 97.5 upd 29.3)
iter  11  team_ep_R -95211.09  sampled_loop 0.916  | critic_loss 0.261  EV +0.99  critB 8889302(raw 3330027)  gcos +0.21  gnorm 1.27e-01  gcos@1/2/4/8 +0.21/+0.21/+0.27/+0.28  R +0.532  ent 3.761  blowups 27  | 140.8s (coll 104.2 upd 28.0)
iter  12  team_ep_R -90316.84  sampled_loop 0.909  DET_R -0.853  loop 0.698 [+x+y 0.698]  load 0.105  vmin 0.109  stall% 2.1  swing 0.210  coord 0.242  satL 0.11  satW 0.63  gap +0.211  | critic_loss 0.866  EV +0.99  critB 8381161(raw 3807897)  gcos +0.22  gnorm 1.23e-01  gcos@1/2/4/8 +0.22/+0.19/+0.29/+0.22  R +0.525  ent 3.719  blowups 37  | 139.6s (coll 102.6 upd 28.2)
iter  13  team_ep_R -94987.67  sampled_loop 0.929  | critic_loss 0.677  EV +0.99  critB 7985096(raw 4420510)  gcos -0.12  gnorm 1.16e-01  gcos@1/2/4/8 -0.12/-0.01/+0.21/+0.02  R +0.506  ent 3.682  blowups 46  | 139.9s (coll 103.9 upd 27.4)
iter  14  team_ep_R -96215.00  sampled_loop 0.929  | critic_loss 0.976  EV +0.99  critB 8210550(raw 10239638)  gcos +0.32  gnorm 1.15e-01  gcos@1/2/4/8 +0.32/+0.29/+0.15/+0.38  R +0.507  ent 3.647  blowups 45  | 142.6s (coll 107.6 upd 26.4)
iter  15  team_ep_R -90657.54  sampled_loop 0.909  | critic_loss 0.915  EV +0.99  critB 8629800(raw 12403046)  gcos +0.20  gnorm 1.07e-01  gcos@1/2/4/8 +0.20/+0.22/+0.21/+0.18  R +0.502  ent 3.610  blowups 40  | 146.9s (coll 112.1 upd 26.4)
iter  16  team_ep_R -92422.51  sampled_loop 0.922  DET_R -1.370  loop 0.806 [+x+y 0.806]  load 0.121  vmin 0.072  stall% 2.6  swing 0.243  coord 0.402  satL 0.13  satW 0.66  gap +0.116  | critic_loss 0.986  EV +0.99  critB 8943764(raw 11769437)  gcos +0.17  gnorm 1.12e-01  gcos@1/2/4/8 +0.17/+0.28/+0.25/+0.19  R +0.501  ent 3.574  blowups 36  | 138.7s (coll 103.8 upd 26.4)
iter  17  team_ep_R -92001.55  sampled_loop 0.913  | critic_loss 0.981  EV +0.99  critB 8262572(raw 2131846)  gcos +0.33  gnorm 1.35e-01  gcos@1/2/4/8 +0.33/+0.08/+0.04/+0.12  R +0.504  ent 3.536  blowups 33  | 135.6s (coll 100.2 upd 27.0)
iter  18  team_ep_R -94599.43  sampled_loop 0.923  | critic_loss 1.444  EV +0.99  critB 7840450(raw 4041354)  gcos +0.34  gnorm 1.19e-01  gcos@1/2/4/8 +0.34/+0.21/+0.18/+0.32  R +0.505  ent 3.510  blowups 51  | 141.4s (coll 105.6 upd 26.9)
iter  19  team_ep_R -83035.31  sampled_loop 0.884  | critic_loss 1.067  EV +0.99  critB 7514228(raw 4578231)  gcos +0.30  gnorm 1.21e-01  gcos@1/2/4/8 +0.30/+0.07/+0.28/+0.24  R +0.500  ent 3.472  blowups 42  | 131.5s (coll 96.7 upd 26.1)
iter  20  team_ep_R -91160.61  sampled_loop 0.916  DET_R -1.259  loop 0.795 [+x+y 0.795]  load 0.117  vmin 0.065  stall% 2.4  swing 0.231  coord 0.328  satL 0.14  satW 0.65  gap +0.121  | critic_loss 1.477  EV +0.99  critB 7047679(raw 2848736)  gcos +0.13  gnorm 1.32e-01  gcos@1/2/4/8 +0.13/+0.22/+0.28/+0.25  R +0.501  ent 3.449  blowups 44  | 144.1s (coll 108.7 upd 26.9)
iter  21  team_ep_R -83413.42  sampled_loop 0.890  | critic_loss 0.953  EV +0.99  critB 6638167(raw 2952565)  gcos +0.26  gnorm 1.32e-01  gcos@1/2/4/8 +0.26/+0.37/+0.10/+0.40  R +0.501  ent 3.436  blowups 39  | 133.9s (coll 98.8 upd 26.4)
iter  22  team_ep_R -84184.81  sampled_loop 0.897  | critic_loss 0.829  EV +0.99  critB 6188858(raw 2145073)  gcos +0.41  gnorm 1.36e-01  gcos@1/2/4/8 +0.41/+0.23/+0.18/+0.33  R +0.501  ent 3.428  blowups 33  | 180.0s (coll 96.1 upd 75.4)
iter  23  team_ep_R -90922.23  sampled_loop 0.911  | critic_loss 0.694  EV +0.99  critB 5961778(raw 3918060)  gcos +0.16  gnorm 1.24e-01  gcos@1/2/4/8 +0.16/+0.20/+0.18/+0.27  R +0.498  ent 3.418  blowups 44  | 141.9s (coll 104.9 upd 28.5)
iter  24  team_ep_R -90647.12  sampled_loop 0.915  DET_R -10.840  loop 1.152 [+x+y 1.152]  load 0.432  vmin 0.051  stall% 1.0  swing 1.025  coord 2.825  satL 0.13  satW 0.75  gap -0.237  | critic_loss 0.883  EV +0.99  critB 5715181(raw 3495802)  gcos +0.29  gnorm 1.28e-01  gcos@1/2/4/8 +0.29/+0.29/+0.32/+0.40  R +0.503  ent 3.412  blowups 32  | 132.7s (coll 97.4 upd 26.6)
iter  25  team_ep_R -87771.22  sampled_loop 0.899  | critic_loss 0.605  EV +0.99  critB 5473488(raw 3298252)  gcos +0.37  gnorm 1.24e-01  gcos@1/2/4/8 +0.37/+0.39/+0.09/+0.38  R +0.499  ent 3.407  blowups 35  | 132.6s (coll 96.1 upd 27.8)
