  built mix dir +x+y+z   |move|= 15.0m (scale 10.0) ramp   29s  dpos (4, 3100, 3)
OVERFIT (feasible curriculum RUNG 3 MIX): warm=residual_mappo_overfit.pt  1 dirs @ per-dir scale/ramp  horizon=31s  (saves -> residual_mappo_overfit*.pt)
eval on 1 trajs ['+x+y+z'] (mean = best-net selection metric)
actor warm-started from residual_mappo_overfit.pt + its obs normalization + critic
warm-start baseline DET_R -0.814 (seeded best; saves only if beaten)
PARALLEL collection: 93 worker processes (~64516 steps each)
main-process torch threads = 24 (SERIAL update; workers pinned to 1)
iter   1  team_ep_R -102955.94  sampled_loop 0.931  DET_R -0.813  loop 0.693 [+x+y 0.693]  load 0.102  vmin 0.035  stall% 2.2  swing 0.199  coord 0.245  satL 0.10  satW 0.64  gap +0.238  (new best -0.813 -> saved)  | critic_loss 1.964  EV +0.97  critB 5066509(raw 5066509)  gcos +nan  gnorm 7.29e-02  gcos@1/2/4/8 +nan/+nan/+nan/+nan  R +1.000  ent 4.137  blowups 176  | 551.9s (coll 408.1 upd 106.8)
iter   2  team_ep_R -104078.47  sampled_loop 0.937  | critic_loss 1.198  EV +0.98  critB 5084609(raw 5247507)  gcos +0.65  gnorm 7.81e-02  gcos@1/2/4/8 +0.65/+nan/+nan/+nan  R +0.909  ent 4.091  blowups 183  | 547.7s (coll 410.7 upd 100.3)
iter   3  team_ep_R -96854.89  sampled_loop 0.917  | critic_loss 1.544  EV +0.98  critB 5405052(raw 8289042)  gcos +0.46  gnorm 6.71e-02  gcos@1/2/4/8 +0.46/+0.57/+nan/+nan  R +0.841  ent 4.037  blowups 153  | 553.4s (coll 413.5 upd 102.9)
iter   4  team_ep_R -98889.57  sampled_loop 0.931  DET_R -1.174  loop 0.731 [+x+y 0.731]  load 0.138  vmin 0.052  stall% 1.7  swing 0.275  coord 0.493  satL 0.12  satW 0.66  gap +0.200  | critic_loss 1.443  EV +0.99  critB 5353877(raw 4893303)  gcos +0.55  gnorm 8.21e-02  gcos@1/2/4/8 +0.55/+0.67/+nan/+nan  R +0.831  ent 3.986  blowups 187  | 531.9s (coll 400.8 upd 93.9)
iter   5  team_ep_R -91523.81  sampled_loop 0.908  | critic_loss 1.406  EV +0.99  critB 5267459(raw 4489699)  gcos +0.58  gnorm 7.78e-02  gcos@1/2/4/8 +0.58/+0.59/+0.54/+nan  R +0.814  ent 3.935  blowups 155  | 535.2s (coll 404.1 upd 94.2)
iter   6  team_ep_R -91288.83  sampled_loop 0.915  | critic_loss 1.054  EV +0.99  critB 5224488(raw 4837744)  gcos +0.61  gnorm 7.50e-02  gcos@1/2/4/8 +0.61/+0.61/+0.65/+nan  R +0.808  ent 3.886  blowups 157  | 547.0s (coll 411.5 upd 97.9)
iter   7  team_ep_R -91226.22  sampled_loop 0.918  | critic_loss 1.019  EV +0.99  critB 5135826(raw 4337873)  gcos +0.57  gnorm 7.84e-02  gcos@1/2/4/8 +0.57/+0.68/+0.61/+nan  R +0.804  ent 3.840  blowups 183  | 543.6s (coll 407.8 upd 99.3)
iter   8  team_ep_R -89618.79  sampled_loop 0.915  DET_R -0.848  loop 0.693 [+x+y 0.693]  load 0.108  vmin 0.104  stall% 3.2  swing 0.219  coord 0.259  satL 0.13  satW 0.64  gap +0.223  | critic_loss 0.940  EV +0.99  critB 4884647(raw 2624030)  gcos +0.68  gnorm 9.72e-02  gcos@1/2/4/8 +0.68/+0.67/+0.64/+nan  R +0.807  ent 3.790  blowups 148  | 545.9s (coll 413.0 upd 95.2)
iter   9  team_ep_R -88401.95  sampled_loop 0.911  | critic_loss 1.250  EV +0.99  critB 4656046(raw 2598636)  gcos +0.70  gnorm 8.96e-02  gcos@1/2/4/8 +0.70/+0.60/+0.64/+0.49  R +0.806  ent 3.744  blowups 160  | 544.2s (coll 411.4 upd 95.3)
iter  10  team_ep_R -86007.48  sampled_loop 0.912  | critic_loss 0.705  EV +0.99  critB 4521922(raw 3314813)  gcos +0.67  gnorm 8.31e-02  gcos@1/2/4/8 +0.67/+0.54/+0.59/+0.64  R +0.801  ent 3.696  blowups 143  | 558.3s (coll 421.6 upd 98.4)
iter  11  team_ep_R -83954.65  sampled_loop 0.910  | critic_loss 1.029  EV +0.99  critB 4844669(raw 7749389)  gcos +0.46  gnorm 6.98e-02  gcos@1/2/4/8 +0.46/+0.59/+0.52/+0.49  R +0.789  ent 3.654  blowups 156  | 533.4s (coll 397.7 upd 98.2)
iter  12  team_ep_R -85818.26  sampled_loop 0.906  DET_R -1.167  loop 0.726 [+x+y 0.726]  load 0.136  vmin 0.037  stall% 2.4  swing 0.270  coord 0.486  satL 0.13  satW 0.66  gap +0.180  | critic_loss 0.852  EV +0.99  critB 4766206(raw 4060043)  gcos +0.61  gnorm 8.09e-02  gcos@1/2/4/8 +0.61/+0.59/+0.55/+0.57  R +0.783  ent 3.614  blowups 161  | 544.0s (coll 405.4 upd 101.2)
iter  13  team_ep_R -86436.95  sampled_loop 0.909  | critic_loss 1.013  EV +0.99  critB 4681993(raw 3924075)  gcos +0.52  gnorm 8.23e-02  gcos@1/2/4/8 +0.52/+0.46/+0.65/+0.66  R +0.782  ent 3.567  blowups 146  | 541.6s (coll 402.5 upd 101.9)
iter  14  team_ep_R -85813.08  sampled_loop 0.908  | critic_loss 0.908  EV +0.99  critB 4431140(raw 2173465)  gcos +0.56  gnorm 9.82e-02  gcos@1/2/4/8 +0.56/+0.49/+0.55/+0.53  R +0.779  ent 3.524  blowups 185  | 549.9s (coll 411.5 upd 101.5)
iter  15  team_ep_R -84469.77  sampled_loop 0.903  | critic_loss 0.691  EV +0.99  critB 4269558(raw 2815312)  gcos +0.70  gnorm 9.35e-02  gcos@1/2/4/8 +0.70/+0.66/+0.63/+0.68  R +0.783  ent 3.482  blowups 143  | 546.1s (coll 405.5 upd 103.7)
iter  16  team_ep_R -82232.52  sampled_loop 0.900  DET_R -1.064  loop 0.689 [+x+y 0.689]  load 0.140  vmin 0.108  stall% 2.7  swing 0.290  coord 0.487  satL 0.16  satW 0.66  gap +0.211  | critic_loss 0.964  EV +0.99  critB 4222711(raw 3801090)  gcos +0.69  gnorm 8.59e-02  gcos@1/2/4/8 +0.69/+0.61/+0.59/+0.70  R +0.784  ent 3.454  blowups 160  | 550.3s (coll 414.3 upd 96.4)
iter  17  team_ep_R -82933.53  sampled_loop 0.898  | critic_loss 0.533  EV +0.99  critB 3978587(raw 1781473)  gcos +0.75  gnorm 1.03e-01  gcos@1/2/4/8 +0.75/+0.71/+0.69/+0.62  R +0.789  ent 3.442  blowups 138  | 539.2s (coll 403.1 upd 99.4)
iter  18  team_ep_R -85808.28  sampled_loop 0.906  | critic_loss 1.681  EV +0.99  critB 3721508(raw 1407794)  gcos +0.79  gnorm 1.19e-01  gcos@1/2/4/8 +0.79/+0.75/+0.68/+0.70  R +0.796  ent 3.433  blowups 151  | 537.0s (coll 408.6 upd 91.2)
iter  19  team_ep_R -83665.19  sampled_loop 0.901  | critic_loss 0.983  EV +0.99  critB 3591767(raw 2424098)  gcos +0.78  gnorm 9.71e-02  gcos@1/2/4/8 +0.78/+0.74/+0.70/+0.52  R +0.798  ent 3.428  blowups 158  | 532.5s (coll 402.2 upd 93.4)
iter  20  team_ep_R -80340.24  sampled_loop 0.895  DET_R -0.863  loop 0.666 [+x+y 0.666]  load 0.119  vmin 0.087  stall% 2.8  swing 0.249  coord 0.333  satL 0.14  satW 0.64  gap +0.230  | critic_loss 0.638  EV +0.99  critB 3459978(raw 2273877)  gcos +0.72  gnorm 1.03e-01  gcos@1/2/4/8 +0.72/+0.78/+0.69/+0.62  R +0.800  ent 3.418  blowups 137  | 538.9s (coll 407.3 upd 94.6)
iter  21  team_ep_R -84494.10  sampled_loop 0.910  | critic_loss 1.129  EV +0.99  critB 3326163(raw 2121828)  gcos +0.73  gnorm 1.01e-01  gcos@1/2/4/8 +0.73/+0.71/+0.70/+0.59  R +0.802  ent 3.404  blowups 164  | 538.0s (coll 401.0 upd 99.4)
iter  22  team_ep_R -85871.30  sampled_loop 0.908  | critic_loss 0.798  EV +0.99  critB 3216665(raw 2231189)  gcos +0.77  gnorm 9.57e-02  gcos@1/2/4/8 +0.77/+0.76/+0.77/+0.61  R +0.804  ent 3.390  blowups 178  | 545.5s (coll 413.1 upd 94.3)
iter  23  team_ep_R -83182.78  sampled_loop 0.893  | critic_loss 0.674  EV +0.99  critB 3317734(raw 4227350)  gcos +0.72  gnorm 8.63e-02  gcos@1/2/4/8 +0.72/+0.70/+0.64/+0.65  R +0.804  ent 3.378  blowups 164  | 538.0s (coll 403.3 upd 96.2)
iter  24  team_ep_R -81498.93  sampled_loop 0.903  DET_R -0.705  loop 0.640 [+x+y 0.640]  load 0.096  vmin 0.092  stall% 2.1  swing 0.197  coord 0.187  satL 0.14  satW 0.65  gap +0.263  (new best -0.705 -> saved)  | critic_loss 0.819  EV +0.99  critB 3366026(raw 3800654)  gcos +0.53  gnorm 8.31e-02  gcos@1/2/4/8 +0.53/+0.65/+0.59/+0.52  R +0.799  ent 3.367  blowups 171  | 530.6s (coll 401.8 upd 91.1)
iter  25  team_ep_R -80718.76  sampled_loop 0.893  | critic_loss 0.779  EV +0.99  critB 3315661(raw 2862372)  gcos +0.54  gnorm 8.98e-02  gcos@1/2/4/8 +0.54/+0.58/+0.62/+0.72  R +0.798  ent 3.358  blowups 157  | 536.2s (coll 400.1 upd 98.6)
iter  26  team_ep_R -77674.02  sampled_loop 0.886  | critic_loss 0.847  EV +0.99  critB 3389795(raw 4057001)  gcos +0.52  gnorm 8.16e-02  gcos@1/2/4/8 +0.52/+0.65/+0.64/+0.66  R +0.794  ent 3.354  blowups 147  | 536.3s (coll 400.4 upd 99.0)
iter  27  team_ep_R -77670.45  sampled_loop 0.890  | critic_loss 0.590  EV +0.99  critB 3445732(raw 3949168)  gcos +0.58  gnorm 8.49e-02  gcos@1/2/4/8 +0.58/+0.69/+0.56/+0.67  R +0.794  ent 3.345  blowups 140  | 532.4s (coll 404.5 upd 90.6)
iter  28  team_ep_R -78390.86  sampled_loop 0.887  DET_R -0.688  loop 0.637 [+x+y 0.637]  load 0.093  vmin 0.038  stall% 1.7  swing 0.185  coord 0.136  satL 0.14  satW 0.65  gap +0.250  (new best -0.688 -> saved)  | critic_loss 0.561  EV +0.99  critB 3451960(raw 3508018)  gcos +0.63  gnorm 8.78e-02  gcos@1/2/4/8 +0.63/+0.64/+0.61/+0.65  R +0.794  ent 3.340  blowups 137  | 528.8s (coll 397.0 upd 94.1)
iter  29  team_ep_R -77363.93  sampled_loop 0.886  | critic_loss 0.752  EV +0.99  critB 3377731(raw 2709664)  gcos +0.63  gnorm 8.71e-02  gcos@1/2/4/8 +0.63/+0.68/+0.69/+0.66  R +0.793  ent 3.334  blowups 153  | 523.8s (coll 394.6 upd 92.2)
iter  30  team_ep_R -78522.75  sampled_loop 0.884  | critic_loss 1.242  EV +0.99  critB 4061562(raw 10216043)  gcos +0.62  gnorm 6.91e-02  gcos@1/2/4/8 +0.62/+0.63/+0.55/+0.67  R +0.791  ent 3.328  blowups 173  | 541.1s (coll 407.9 upd 96.4)
iter  31  team_ep_R -75890.81  sampled_loop 0.877  | critic_loss 0.524  EV +0.99  critB 4029593(raw 3741869)  gcos +0.60  gnorm 8.33e-02  gcos@1/2/4/8 +0.60/+0.61/+0.48/+0.57  R +0.789  ent 3.319  blowups 147  | 532.6s (coll 399.3 upd 95.9)
iter  32  team_ep_R -76052.10  sampled_loop 0.875  DET_R -0.673  loop 0.635 [+x+y 0.635]  load 0.091  vmin 0.078  stall% 1.5  swing 0.180  coord 0.146  satL 0.13  satW 0.65  gap +0.240  (new best -0.673 -> saved)  | critic_loss 0.688  EV +0.99  critB 4171314(raw 5446807)  gcos +0.63  gnorm 7.96e-02  gcos@1/2/4/8 +0.63/+0.50/+0.59/+0.61  R +0.789  ent 3.307  blowups 153  | 538.5s (coll 405.4 upd 94.8)
iter  33  team_ep_R -75893.37  sampled_loop 0.878  | critic_loss 0.541  EV +0.99  critB 4199704(raw 4455211)  gcos +0.55  gnorm 7.97e-02  gcos@1/2/4/8 +0.55/+0.57/+0.59/+0.50  R +0.784  ent 3.296  blowups 153  | 537.5s (coll 405.1 upd 95.1)
iter  34  team_ep_R -73533.31  sampled_loop 0.867  | critic_loss 0.602  EV +0.99  critB 4293655(raw 5139212)  gcos +0.54  gnorm 7.54e-02  gcos@1/2/4/8 +0.54/+0.65/+0.48/+0.55  R +0.782  ent 3.287  blowups 136  | 528.8s (coll 396.0 upd 95.0)
iter  35  team_ep_R -79588.44  sampled_loop 0.888  | critic_loss 0.716  EV +0.99  critB 4557453(raw 6931636)  gcos +0.60  gnorm 7.05e-02  gcos@1/2/4/8 +0.60/+0.58/+0.61/+0.63  R +0.781  ent 3.273  blowups 184  | 542.4s (coll 410.7 upd 95.2)
iter  36  team_ep_R -77297.47  sampled_loop 0.874  DET_R -0.677  loop 0.636 [+x+y 0.636]  load 0.092  vmin 0.101  stall% 1.5  swing 0.183  coord 0.206  satL 0.13  satW 0.65  gap +0.238  | critic_loss 0.518  EV +0.99  critB 4515653(raw 4139454)  gcos +0.52  gnorm 8.16e-02  gcos@1/2/4/8 +0.52/+0.39/+0.46/+0.53  R +0.778  ent 3.262  blowups 155  | 535.8s (coll 402.7 upd 95.2)
iter  37  team_ep_R -77821.88  sampled_loop 0.877  | critic_loss 0.452  EV +0.99  critB 4544070(raw 4799823)  gcos +0.46  gnorm 7.10e-02  gcos@1/2/4/8 +0.46/+0.73/+0.56/+0.57  R +0.777  ent 3.253  blowups 161  | 539.0s (coll 407.2 upd 94.4)
iter  38  team_ep_R -78281.87  sampled_loop 0.873  | critic_loss 0.457  EV +0.99  critB 4558676(raw 4690133)  gcos +0.64  gnorm 7.97e-02  gcos@1/2/4/8 +0.64/+0.44/+0.52/+0.62  R +0.776  ent 3.246  blowups 167  | 529.7s (coll 400.8 upd 91.8)
iter  39  team_ep_R -80193.85  sampled_loop 0.878  | critic_loss 0.703  EV +0.99  critB 4864118(raw 7613091)  gcos +0.59  gnorm 7.34e-02  gcos@1/2/4/8 +0.59/+0.60/+0.52/+0.45  R +0.774  ent 3.237  blowups 195  | 534.3s (coll 406.5 upd 90.5)
iter  40  team_ep_R -75962.11  sampled_loop 0.869  DET_R -0.678  loop 0.638 [+x+y 0.638]  load 0.092  vmin 0.074  stall% 1.9  swing 0.187  coord 0.199  satL 0.12  satW 0.65  gap +0.231  | critic_loss 0.405  EV +0.99  critB 4835902(raw 4581962)  gcos +0.58  gnorm 7.68e-02  gcos@1/2/4/8 +0.58/+0.62/+0.54/+0.59  R +0.773  ent 3.227  blowups 152  | 525.3s (coll 400.0 upd 88.6)
iter  41  team_ep_R -79177.04  sampled_loop 0.882  | critic_loss 0.510  EV +0.99  critB 4753328(raw 4010157)  gcos +0.64  gnorm 8.72e-02  gcos@1/2/4/8 +0.64/+0.48/+0.62/+0.56  R +0.773  ent 3.215  blowups 168  | 532.7s (coll 401.8 upd 92.9)
iter  42  team_ep_R -74849.67  sampled_loop 0.875  | critic_loss 0.481  EV +0.99  critB 4602232(raw 3242370)  gcos +0.56  gnorm 8.51e-02  gcos@1/2/4/8 +0.56/+0.62/+0.61/+0.51  R +0.772  ent 3.200  blowups 150  | 528.6s (coll 402.4 upd 89.9)
iter  43  team_ep_R -76035.31  sampled_loop 0.870  | critic_loss 0.549  EV +0.99  critB 4529655(raw 3876458)  gcos +0.67  gnorm 8.39e-02  gcos@1/2/4/8 +0.67/+0.60/+0.52/+0.62  R +0.772  ent 3.192  blowups 165  | 525.0s (coll 398.7 upd 89.8)
iter  44  team_ep_R -72884.23  sampled_loop 0.860  DET_R -0.672  loop 0.635 [+x+y 0.635]  load 0.091  vmin 0.073  stall% 2.2  swing 0.178  coord 0.172  satL 0.13  satW 0.64  gap +0.225  (new best -0.672 -> saved)  | critic_loss 0.419  EV +0.99  critB 4526285(raw 4495963)  gcos +0.62  gnorm 8.47e-02  gcos@1/2/4/8 +0.62/+0.61/+0.57/+0.42  R +0.772  ent 3.184  blowups 147  | 534.7s (coll 405.7 upd 92.3)
iter  45  team_ep_R -74848.07  sampled_loop 0.871  | critic_loss 0.554  EV +0.99  critB 4492038(raw 4183816)  gcos +0.68  gnorm 8.11e-02  gcos@1/2/4/8 +0.68/+0.58/+0.61/+0.54  R +0.771  ent 3.179  blowups 161  | 535.0s (coll 410.7 upd 87.5)
iter  46  team_ep_R -71975.81  sampled_loop 0.861  | critic_loss 0.339  EV +0.99  critB 4483776(raw 4409411)  gcos +0.62  gnorm 8.21e-02  gcos@1/2/4/8 +0.62/+0.64/+0.63/+0.65  R +0.770  ent 3.169  blowups 128  | 528.9s (coll 399.8 upd 92.5)
iter  47  team_ep_R -74878.21  sampled_loop 0.873  | critic_loss 0.304  EV +0.99  critB 4377103(raw 3417048)  gcos +0.64  gnorm 9.38e-02  gcos@1/2/4/8 +0.64/+0.55/+0.61/+0.63  R +0.769  ent 3.156  blowups 158  | 521.0s (coll 393.1 upd 90.9)
iter  48  team_ep_R -73194.56  sampled_loop 0.863  DET_R -0.678  loop 0.638 [+x+y 0.638]  load 0.092  vmin 0.109  stall% 2.1  swing 0.183  coord 0.179  satL 0.14  satW 0.66  gap +0.225  | critic_loss 0.719  EV +0.99  critB 4336359(raw 3969659)  gcos +0.65  gnorm 8.30e-02  gcos@1/2/4/8 +0.65/+0.61/+0.68/+0.61  R +0.770  ent 3.152  blowups 150  | 521.5s (coll 389.5 upd 92.9)
iter  49  team_ep_R -70332.79  sampled_loop 0.855  | critic_loss 0.321  EV +0.99  critB 4235591(raw 3328680)  gcos +0.63  gnorm 9.00e-02  gcos@1/2/4/8 +0.63/+0.60/+0.56/+0.64  R +0.770  ent 3.145  blowups 133  | 538.8s (coll 412.6 upd 89.6)
iter  50  team_ep_R -73190.30  sampled_loop 0.868  | critic_loss 0.458  EV +0.99  critB 4206074(raw 3940428)  gcos +0.60  gnorm 8.66e-02  gcos@1/2/4/8 +0.60/+0.59/+0.57/+0.60  R +0.769  ent 3.131  blowups 160  | 529.6s (coll 401.0 upd 91.0)
iter  51  team_ep_R -72234.57  sampled_loop 0.864  | critic_loss 0.606  EV +0.99  critB 4308017(raw 5225497)  gcos +0.45  gnorm 7.92e-02  gcos@1/2/4/8 +0.45/+0.55/+0.60/+0.47  R +0.767  ent 3.124  blowups 138  | 523.0s (coll 395.2 upd 90.6)
iter  52  team_ep_R -73540.14  sampled_loop 0.859  DET_R -0.677  loop 0.638 [+x+y 0.638]  load 0.091  vmin 0.049  stall% 2.1  swing 0.182  coord 0.182  satL 0.13  satW 0.66  gap +0.222  | critic_loss 0.562  EV +0.99  critB 4176971(raw 2997562)  gcos +0.61  gnorm 9.14e-02  gcos@1/2/4/8 +0.61/+0.66/+0.68/+0.61  R +0.768  ent 3.115  blowups 158  | 525.6s (coll 396.7 upd 91.3)
iter  53  team_ep_R -73368.56  sampled_loop 0.864  | critic_loss 0.268  EV +0.99  critB 4060392(raw 3011174)  gcos +0.69  gnorm 9.10e-02  gcos@1/2/4/8 +0.69/+0.59/+0.63/+0.62  R +0.768  ent 3.103  blowups 156  | 531.5s (coll 404.2 upd 91.0)
iter  54  team_ep_R -72715.58  sampled_loop 0.868  | critic_loss 0.397  EV +0.99  critB 4013624(raw 3592713)  gcos +0.72  gnorm 8.81e-02  gcos@1/2/4/8 +0.72/+0.71/+0.61/+0.62  R +0.769  ent 3.100  blowups 160  | 516.6s (coll 386.3 upd 92.0)
iter  55  team_ep_R -73249.02  sampled_loop 0.865  | critic_loss 0.743  EV +0.99  critB 3981599(raw 3693379)  gcos +0.69  gnorm 8.57e-02  gcos@1/2/4/8 +0.69/+0.69/+0.59/+0.59  R +0.769  ent 3.094  blowups 141  | 532.9s (coll 405.8 upd 89.6)
iter  56  team_ep_R -71910.35  sampled_loop 0.859  DET_R -0.674  loop 0.634 [+x+y 0.634]  load 0.091  vmin 0.063  stall% 2.2  swing 0.177  coord 0.176  satL 0.13  satW 0.65  gap +0.225  | critic_loss 0.879  EV +0.99  critB 3866798(raw 2833591)  gcos +0.61  gnorm 9.08e-02  gcos@1/2/4/8 +0.61/+0.58/+0.60/+0.50  R +0.768  ent 3.084  blowups 131  | 532.5s (coll 401.7 upd 94.3)
iter  57  team_ep_R -72443.67  sampled_loop 0.861  | critic_loss 0.419  EV +0.99  critB 3766839(raw 2867204)  gcos +0.60  gnorm 9.38e-02  gcos@1/2/4/8 +0.60/+0.69/+0.70/+0.66  R +0.769  ent 3.068  blowups 154  | 526.7s (coll 397.7 upd 92.0)
iter  58  team_ep_R -70916.53  sampled_loop 0.856  | critic_loss 0.410  EV +0.99  critB 3877115(raw 4869598)  gcos +0.65  gnorm 7.96e-02  gcos@1/2/4/8 +0.65/+0.57/+0.52/+0.49  R +0.769  ent 3.059  blowups 161  | 525.0s (coll 394.0 upd 92.2)
iter  59  team_ep_R -71639.52  sampled_loop 0.867  | critic_loss 0.681  EV +0.99  critB 3792207(raw 3028039)  gcos +0.55  gnorm 9.03e-02  gcos@1/2/4/8 +0.55/+0.65/+0.68/+0.59  R +0.769  ent 3.048  blowups 154  | 522.5s (coll 393.2 upd 91.3)
iter  60  team_ep_R -71758.09  sampled_loop 0.860  DET_R -0.667  loop 0.634 [+x+y 0.634]  load 0.092  vmin 0.075  stall% 1.6  swing 0.183  coord 0.175  satL 0.14  satW 0.66  gap +0.226  (new best -0.667 -> saved)  | critic_loss 0.550  EV +0.99  critB 3858503(raw 4455159)  gcos +0.63  gnorm 8.52e-02  gcos@1/2/4/8 +0.63/+0.60/+0.46/+0.60  R +0.769  ent 3.040  blowups 158  | 525.1s (coll 397.4 upd 91.4)
best (deploy) -> residual_mappo.pt (BEST DET_R -0.667);  resume -> residual_mappo_last.pt
saved mappo_training_4963702.png
