  built mix dir +x+y+z   |move|= 15.0m (scale 10.0) ramp   29s  dpos (4, 3100, 3)
OVERFIT (feasible curriculum RUNG 3 MIX): warm=residual_mappo_overfit.pt  1 dirs @ per-dir scale/ramp  horizon=31s  (saves -> residual_mappo_overfit*.pt)
eval on 1 trajs ['+x+y+z'] (mean = best-net selection metric)
actor warm-started from residual_mappo_overfit.pt + its obs normalization + critic
warm-start baseline DET_R -0.814 (seeded best; saves only if beaten)
PARALLEL collection: 93 worker processes (~15053 steps each)
main-process torch threads = 32 (SERIAL update; workers pinned to 1)
iter   1  team_ep_R -98005.77  sampled_loop 0.916  DET_R -50.000  loop 5.000 [+x+y 5.000]  load 0.346  vmin 0.084  stall% 0.6  swing 0.777  coord 2.111  satL 0.94  satW 1.23  gap -4.084  DET_BLOWUPS 1  | critic_loss 1.547  EV +0.97  critB 216434(raw 216434)  gcos +nan  gnorm 1.11e+00  gcos@1/2/4/8 +nan/+nan/+nan/+nan  R +1.000  ent 4.048  blowups 41  | 153.3s (coll 108.3 upd 35.9)
iter   2  team_ep_R -229476.69  sampled_loop 1.116  | critic_loss 4.803  EV +0.93  critB 195437(raw 6472)  gcos +0.02  gnorm 3.35e+00  gcos@1/2/4/8 +0.02/+nan/+nan/+nan  R +0.795  ent 3.955  blowups 353  | 146.2s (coll 108.3 upd 29.2)
iter   3  team_ep_R -284800.45  sampled_loop 1.149  | critic_loss 6.643  EV +0.94  critB 176173(raw 2796)  gcos +0.75  gnorm 6.75e+00  gcos@1/2/4/8 +0.75/+0.05/+nan/+nan  R +0.859  ent 3.939  blowups 494  | 136.4s (coll 100.6 upd 26.8)
iter   4  team_ep_R -280236.01  sampled_loop 1.143  DET_R -50.000  loop 5.000 [+x+y 5.000]  load 0.398  vmin 0.176  stall% 0.5  swing 0.730  coord 2.106  satL 1.15  satW 1.38  gap -3.857  DET_BLOWUPS 1  | critic_loss 8.778  EV +0.96  critB 158775(raw 2188)  gcos +0.99  gnorm 4.65e+00  gcos@1/2/4/8 +0.99/+0.74/+nan/+nan  R +0.892  ent 3.924  blowups 485  | 145.6s (coll 108.1 upd 28.7)
iter   5  team_ep_R -276984.04  sampled_loop 1.147  | critic_loss 10.071  EV +0.97  critB 143191(raw 2938)  gcos +1.00  gnorm 3.25e+00  gcos@1/2/4/8 +1.00/+0.98/+0.04/+nan  R +0.906  ent 3.901  blowups 496  | 146.4s (coll 109.5 upd 28.3)
iter   6  team_ep_R -275885.39  sampled_loop 1.150  | critic_loss 7.870  EV +0.97  critB 129661(raw 7890)  gcos +0.99  gnorm 2.24e+00  gcos@1/2/4/8 +0.99/+0.98/+0.75/+nan  R +0.913  ent 3.877  blowups 500  | 140.3s (coll 105.1 upd 26.6)
iter   7  team_ep_R -269537.02  sampled_loop 1.148  | critic_loss 8.282  EV +0.98  critB 117515(raw 8196)  gcos +0.99  gnorm 1.61e+00  gcos@1/2/4/8 +0.99/+0.97/+0.91/+nan  R +0.916  ent 3.853  blowups 497  | 143.7s (coll 106.3 upd 28.6)
iter   8  team_ep_R -270133.53  sampled_loop 1.147  DET_R -50.000  loop 5.000 [+x+y 5.000]  load 0.160  vmin 0.126  stall% 0.4  swing 0.258  coord 0.400  satL 1.19  satW 1.50  gap -3.853  DET_BLOWUPS 1  | critic_loss 7.770  EV +0.98  critB 106861(raw 10983)  gcos +0.99  gnorm 1.27e+00  gcos@1/2/4/8 +0.99/+0.97/+0.90/+nan  R +0.916  ent 3.821  blowups 495  | 140.7s (coll 103.4 upd 28.9)
iter   9  team_ep_R -271735.50  sampled_loop 1.144  | critic_loss 6.489  EV +0.98  critB 97194(raw 10189)  gcos +0.99  gnorm 1.05e+00  gcos@1/2/4/8 +0.99/+0.97/+0.89/+0.01  R +0.915  ent 3.797  blowups 477  | 142.5s (coll 104.3 upd 29.6)
iter  10  team_ep_R -269267.15  sampled_loop 1.158  | critic_loss 9.866  EV +0.98  critB 88713(raw 12386)  gcos +0.97  gnorm 8.72e-01  gcos@1/2/4/8 +0.97/+0.95/+0.86/+0.66  R +0.911  ent 3.772  blowups 489  | 139.8s (coll 102.7 upd 28.4)
iter  11  team_ep_R -256858.89  sampled_loop 1.147  | critic_loss 16.321  EV +0.98  critB 81631(raw 17886)  gcos +0.99  gnorm 7.45e-01  gcos@1/2/4/8 +0.99/+0.95/+0.86/+0.64  R +0.907  ent 3.740  blowups 516  | 147.4s (coll 110.1 upd 28.5)
iter  12  team_ep_R -254126.69  sampled_loop 1.141  DET_R -50.000  loop 5.000 [+x+y 5.000]  load 0.388  vmin 0.129  stall% 1.5  swing 0.818  coord 2.260  satL 1.03  satW 1.30  gap -3.859  DET_BLOWUPS 1  | critic_loss 6.546  EV +0.98  critB 74962(raw 14944)  gcos +0.97  gnorm 6.75e-01  gcos@1/2/4/8 +0.97/+0.96/+0.84/+0.57  R +0.902  ent 3.707  blowups 508  | 163.5s (coll 126.6 upd 27.8)
iter  13  team_ep_R -253698.73  sampled_loop 1.150  | critic_loss 5.189  EV +0.98  critB 69212(raw 17460)  gcos +0.98  gnorm 6.53e-01  gcos@1/2/4/8 +0.98/+0.94/+0.81/+0.50  R +0.895  ent 3.673  blowups 476  | 137.2s (coll 101.1 upd 27.1)
iter  14  team_ep_R -247894.28  sampled_loop 1.145  | critic_loss 6.153  EV +0.98  critB 63940(raw 16494)  gcos +0.98  gnorm 6.38e-01  gcos@1/2/4/8 +0.98/+0.97/+0.91/+0.59  R +0.889  ent 3.643  blowups 480  | 138.8s (coll 102.2 upd 28.1)
iter  15  team_ep_R -243797.75  sampled_loop 1.142  | critic_loss 6.744  EV +0.99  critB 59269(raw 17229)  gcos +0.99  gnorm 6.00e-01  gcos@1/2/4/8 +0.99/+0.98/+0.91/+0.61  R +0.882  ent 3.611  blowups 480  | 139.7s (coll 102.4 upd 28.4)
iter  16  team_ep_R -247537.25  sampled_loop 1.156  DET_R -50.000  loop 5.000 [+x+y 5.000]  load 0.159  vmin 0.209  stall% 0.4  swing 0.253  coord 0.379  satL 1.19  satW 1.58  gap -3.844  DET_BLOWUPS 1  | critic_loss 6.246  EV +0.99  critB 54871(raw 15292)  gcos +0.99  gnorm 6.15e-01  gcos@1/2/4/8 +0.99/+0.98/+0.95/+0.68  R +0.875  ent 3.583  blowups 497  | 137.8s (coll 100.7 upd 28.4)
iter  17  team_ep_R -242944.45  sampled_loop 1.141  | critic_loss 4.116  EV +0.98  critB 50952(raw 15684)  gcos +0.99  gnorm 6.02e-01  gcos@1/2/4/8 +0.99/+0.99/+0.98/+0.74  R +0.870  ent 3.551  blowups 469  | 137.6s (coll 101.9 upd 27.2)
iter  18  team_ep_R -239930.26  sampled_loop 1.145  | critic_loss 3.354  EV +0.99  critB 47459(raw 16019)  gcos +0.99  gnorm 6.03e-01  gcos@1/2/4/8 +0.99/+0.99/+0.98/+0.84  R +0.864  ent 3.521  blowups 484  | 137.4s (coll 100.9 upd 28.1)
iter  19  team_ep_R -237574.88  sampled_loop 1.134  | critic_loss 6.312  EV +0.99  critB 44237(raw 15239)  gcos +0.99  gnorm 6.11e-01  gcos@1/2/4/8 +0.99/+0.99/+0.99/+0.88  R +0.859  ent 3.503  blowups 475  | 138.5s (coll 102.2 upd 27.3)
iter  20  team_ep_R -234795.34  sampled_loop 1.143  DET_R -50.000  loop 5.000 [+x+y 5.000]  load 0.389  vmin 0.127  stall% 0.3  swing 0.802  coord 2.181  satL 0.94  satW 1.37  gap -3.857  DET_BLOWUPS 1  | critic_loss 6.553  EV +0.99  critB 41353(raw 15398)  gcos +0.99  gnorm 6.16e-01  gcos@1/2/4/8 +0.99/+0.99/+0.98/+0.94  R +0.854  ent 3.496  blowups 472  | 137.4s (coll 101.8 upd 26.9)
iter  21  team_ep_R -228707.03  sampled_loop 1.141  | critic_loss 5.404  EV +0.99  critB 38855(raw 16375)  gcos +0.99  gnorm 5.89e-01  gcos@1/2/4/8 +0.99/+0.99/+0.98/+0.97  R +0.850  ent 3.490  blowups 494  | 140.5s (coll 104.2 upd 27.8)
