  built mix dir +x+y+z   |move|= 15.0m (scale 10.0) ramp   29s  dpos (4, 3100, 3)
  built mix dir +x+y-z   |move|= 15.0m (scale 10.0) ramp   29s  dpos (4, 3100, 3)
  built mix dir +.2x-y-z |move|= 25.7m (scale 18.0) ramp   52s  dpos (4, 5400, 3)
OVERFIT (feasible curriculum RUNG 3 MIX): warm=residual_mappo_overfit.pt  3 dirs @ per-dir scale/ramp  horizon=54s  (saves -> residual_mappo_overfit*.pt)
eval on 3 trajs ['+x+y+z', '+x+y-z', '+.2x-y-z'] (mean = best-net selection metric)
actor warm-started from residual_mappo_overfit.pt (+ its obs normalization + critic)
warm-start baseline DET_R -1.207 (seeded best; saves only if beaten)
PARALLEL collection: 93 worker processes (~15053 steps each)
main-process torch threads = 32 (SERIAL update; workers pinned to 1)
iter   1  team_ep_R -106651.36  sampled_loop 0.899  DET_R -1.400  loop 0.736 [+x+y 0.691 +x+y 0.724 +.2x 0.795]  load 0.130  vmin 0.019  stall% 3.1  swing 0.249  coord 0.349  satL 0.10  satW 0.74  gap +0.163  | critic_loss 1.192  EV +0.94  critB n/a(raw nan)  gcos +nan  gnorm 1.15e-01  gcos@1/2/4/8 +nan/+nan/+nan/+nan  R +1.000  ent 4.156  blowups 47  | 152.5s (coll 112.0 upd 30.5)
iter   2  team_ep_R -95178.83  sampled_loop 0.884  | critic_loss 3.169  EV +0.95  critB n/a(raw nan)  gcos +0.22  gnorm 1.21e-01  gcos@1/2/4/8 +0.22/+nan/+nan/+nan  R +0.782  ent 4.112  blowups 40  | 155.4s (coll 117.1 upd 29.2)
iter   3  team_ep_R -101147.22  sampled_loop 0.881  | critic_loss 1.507  EV +0.95  critB 4642839(raw 4642839)  gcos +0.11  gnorm 1.41e-01  gcos@1/2/4/8 +0.11/+0.20/+nan/+nan  R +0.673  ent 4.073  blowups 29  | 156.8s (coll 117.8 upd 29.8)
iter   4  team_ep_R -101712.86  sampled_loop 0.877  DET_R -1.155  loop 0.756 [+x+y 0.700 +x+y 0.800 +.2x 0.767]  load 0.111  vmin 0.026  stall% 1.8  swing 0.215  coord 0.262  satL 0.13  satW 0.74  gap +0.121  (new best -1.155 -> saved)  | critic_loss 2.615  EV +0.96  critB 4642839(raw nan)  gcos +0.18  gnorm 1.07e-01  gcos@1/2/4/8 +0.18/-0.03/+nan/+nan  R +0.598  ent 4.041  blowups 58  | 146.6s (coll 107.4 upd 30.0)
iter   5  team_ep_R -98500.58  sampled_loop 0.869  | critic_loss 1.840  EV +0.96  critB 4642839(raw nan)  gcos +0.26  gnorm 1.25e-01  gcos@1/2/4/8 +0.26/-0.03/+0.20/+nan  R +0.541  ent 4.002  blowups 25  | 150.2s (coll 111.6 upd 29.5)
iter   6  team_ep_R -94548.74  sampled_loop 0.865  | critic_loss 0.799  EV +0.97  critB 5737832(raw 15592772)  gcos +0.11  gnorm 1.29e-01  gcos@1/2/4/8 +0.11/+0.30/+0.09/+nan  R +0.515  ent 3.959  blowups 33  | 155.3s (coll 115.4 upd 30.7)
iter   7  team_ep_R -92949.12  sampled_loop 0.862  | critic_loss 1.678  EV +0.97  critB 5737832(raw nan)  gcos +0.01  gnorm 1.17e-01  gcos@1/2/4/8 +0.01/+0.17/-0.03/+nan  R +0.457  ent 3.925  blowups 26  | 146.3s (coll 107.1 upd 29.5)
iter   8  team_ep_R -93235.80  sampled_loop 0.847  DET_R -1.139  loop 0.745 [+x+y 0.697 +x+y 0.798 +.2x 0.741]  load 0.110  vmin 0.026  stall% 1.9  swing 0.216  coord 0.276  satL 0.13  satW 0.73  gap +0.102  (new best -1.139 -> saved)  | critic_loss 1.303  EV +0.97  critB 7676354(raw 25123052)  gcos -0.17  gnorm 1.45e-01  gcos@1/2/4/8 -0.17/+0.10/+0.03/+nan  R +0.446  ent 3.893  blowups 25  | 149.0s (coll 112.1 upd 27.7)
iter   9  team_ep_R -96498.57  sampled_loop 0.877  | critic_loss 1.636  EV +0.97  critB 7407132(raw 4984135)  gcos -0.02  gnorm 1.50e-01  gcos@1/2/4/8 -0.02/+0.05/+0.01/+0.07  R +0.432  ent 3.858  blowups 37  | 154.4s (coll 115.8 upd 29.6)
iter  10  team_ep_R -93262.20  sampled_loop 0.877  | critic_loss 1.433  EV +0.97  critB 7407132(raw nan)  gcos -0.18  gnorm 1.21e-01  gcos@1/2/4/8 -0.18/+0.18/-0.22/+0.16  R +0.417  ent 3.827  blowups 38  | 145.6s (coll 106.6 upd 29.5)
iter  11  team_ep_R -90992.98  sampled_loop 0.868  | critic_loss 1.369  EV +0.97  critB 20237596(raw 135711769)  gcos +0.04  gnorm 1.32e-01  gcos@1/2/4/8 +0.04/+0.29/+0.03/+0.10  R +0.410  ent 3.797  blowups 32  | 145.7s (coll 108.4 upd 28.0)
iter  12  team_ep_R -86810.51  sampled_loop 0.852  DET_R -1.315  loop 0.771 [+x+y 0.738 +x+y 0.804 +.2x 0.772]  load 0.121  vmin 0.029  stall% 2.2  swing 0.235  coord 0.354  satL 0.14  satW 0.73  gap +0.081  | critic_loss 1.849  EV +0.97  critB 18904611(raw 6907746)  gcos +0.29  gnorm 1.47e-01  gcos@1/2/4/8 +0.29/-0.25/-0.14/+0.07  R +0.394  ent 3.758  blowups 24  | 150.0s (coll 110.9 upd 30.0)
iter  13  team_ep_R -89745.86  sampled_loop 0.863  | critic_loss 1.626  EV +0.97  critB 17424225(raw 4100751)  gcos +0.46  gnorm 1.50e-01  gcos@1/2/4/8 +0.46/+0.36/+0.47/-0.26  R +0.407  ent 3.719  blowups 48  | 153.2s (coll 115.2 upd 28.9)
iter  14  team_ep_R -94286.20  sampled_loop 0.873  | critic_loss 1.620  EV +0.97  critB 16550863(raw 8690607)  gcos -0.05  gnorm 1.27e-01  gcos@1/2/4/8 -0.05/+0.09/-0.01/+0.08  R +0.394  ent 3.688  blowups 46  | 145.3s (coll 107.7 upd 28.5)
iter  15  team_ep_R -87906.25  sampled_loop 0.851  | critic_loss 1.416  EV +0.97  critB 15191460(raw 2956827)  gcos +0.26  gnorm 1.55e-01  gcos@1/2/4/8 +0.26/+0.03/-0.03/-0.01  R +0.391  ent 3.662  blowups 33  | 150.4s (coll 112.4 upd 28.7)
iter  16  team_ep_R -85821.35  sampled_loop 0.855  DET_R -4.056  loop 0.871 [+x+y 1.100 +x+y 0.795 +.2x 0.719]  load 0.226  vmin 0.048  stall% 1.3  swing 0.509  coord 1.139  satL 0.15  satW 0.75  gap -0.016  | critic_loss 1.313  EV +0.98  critB 14083676(raw 4113623)  gcos -0.16  gnorm 1.54e-01  gcos@1/2/4/8 -0.16/-0.08/-0.12/+0.11  R +0.363  ent 3.622  blowups 28  | 144.7s (coll 107.4 upd 28.0)
iter  17  team_ep_R -84554.36  sampled_loop 0.841  | critic_loss 1.695  EV +0.98  critB 14083676(raw nan)  gcos +0.14  gnorm 1.25e-01  gcos@1/2/4/8 +0.14/+0.29/+0.04/+0.27  R +0.362  ent 3.592  blowups 36  | 150.8s (coll 113.3 upd 28.5)
iter  18  team_ep_R -88507.14  sampled_loop 0.864  | critic_loss 1.811  EV +0.97  critB 13227163(raw 5518549)  gcos +0.04  gnorm 1.46e-01  gcos@1/2/4/8 +0.04/-0.21/+0.02/-0.37  R +0.358  ent 3.571  blowups 43  | 157.2s (coll 119.9 upd 28.1)
iter  19  team_ep_R -86004.89  sampled_loop 0.872  | critic_loss 1.860  EV +0.97  critB 13227163(raw nan)  gcos +0.07  gnorm 1.08e-01  gcos@1/2/4/8 +0.07/+0.14/-0.02/+0.27  R +0.355  ent 3.542  blowups 38  | 156.8s (coll 118.2 upd 29.4)
iter  20  team_ep_R -91326.98  sampled_loop 0.894  DET_R -1.278  loop 0.767 [+x+y 0.756 +x+y 0.786 +.2x 0.758]  load 0.114  vmin 0.027  stall% 3.0  swing 0.215  coord 0.319  satL 0.14  satW 0.72  gap +0.127  | critic_loss 1.513  EV +0.97  critB 12204135(raw 2996883)  gcos +0.18  gnorm 1.67e-01  gcos@1/2/4/8 +0.18/+0.55/-0.16/+0.51  R +0.368  ent 3.518  blowups 51  | 156.6s (coll 118.0 upd 29.5)
iter  21  team_ep_R -81893.22  sampled_loop 0.853  | critic_loss 1.388  EV +0.97  critB 12204135(raw nan)  gcos +0.28  gnorm 1.19e-01  gcos@1/2/4/8 +0.28/+0.13/+0.20/+0.06  R +0.369  ent 3.492  blowups 36  | 145.8s (coll 107.6 upd 29.1)
iter  22  team_ep_R -84551.54  sampled_loop 0.873  | critic_loss 1.264  EV +0.97  critB 11625300(raw 6415781)  gcos +0.03  gnorm 1.46e-01  gcos@1/2/4/8 +0.03/+0.19/+0.18/-0.22  R +0.366  ent 3.479  blowups 40  | 152.7s (coll 114.9 upd 28.7)
iter  23  team_ep_R -87303.52  sampled_loop 0.862  | critic_loss 1.094  EV +0.98  critB 11625300(raw nan)  gcos +0.02  gnorm 1.35e-01  gcos@1/2/4/8 +0.02/+0.17/-0.06/+0.27  R +0.358  ent 3.474  blowups 37  | 144.0s (coll 106.8 upd 28.0)
iter  24  team_ep_R -84256.56  sampled_loop 0.863  DET_R -3.963  loop 0.859 [+x+y 1.102 +x+y 0.787 +.2x 0.689]  load 0.229  vmin 0.032  stall% 2.3  swing 0.506  coord 1.138  satL 0.14  satW 0.74  gap +0.003  | critic_loss 1.387  EV +0.98  critB 10707994(raw 2452245)  gcos +0.13  gnorm 1.46e-01  gcos@1/2/4/8 +0.13/+0.31/+0.47/+0.02  R +0.368  ent 3.471  blowups 32  | 149.2s (coll 110.1 upd 29.8)
iter  25  team_ep_R -81458.81  sampled_loop 0.849  | critic_loss 0.905  EV +0.98  critB 11578322(raw 19411268)  gcos +0.25  gnorm 1.31e-01  gcos@1/2/4/8 +0.25/+0.05/+0.30/+0.29  R +0.372  ent 3.473  blowups 37  | 145.7s (coll 107.7 upd 28.5)
iter  26  team_ep_R -87147.19  sampled_loop 0.861  | critic_loss 0.929  EV +0.98  critB 11324263(raw 9037737)  gcos -0.12  gnorm 1.42e-01  gcos@1/2/4/8 -0.12/-0.11/-0.13/-0.07  R +0.358  ent 3.467  blowups 40  | 144.7s (coll 107.7 upd 27.9)
iter  27  team_ep_R -83229.62  sampled_loop 0.844  | critic_loss 1.194  EV +0.98  critB 10483651(raw 2918137)  gcos -0.02  gnorm 1.50e-01  gcos@1/2/4/8 -0.02/+0.27/+0.09/+0.17  R +0.357  ent 3.461  blowups 28  | 149.8s (coll 112.6 upd 27.8)
iter  28  team_ep_R -79401.64  sampled_loop 0.848  DET_R -3.728  loop 0.847 [+x+y 1.092 +x+y 0.792 +.2x 0.656]  load 0.224  vmin 0.043  stall% 1.6  swing 0.486  coord 1.089  satL 0.13  satW 0.74  gap +0.001  | critic_loss 1.011  EV +0.98  critB 10483651(raw nan)  gcos +0.19  gnorm 1.17e-01  gcos@1/2/4/8 +0.19/+0.30/+0.00/-0.06  R +0.350  ent 3.458  blowups 32  | 149.6s (coll 112.5 upd 28.0)
iter  29  team_ep_R -80008.11  sampled_loop 0.838  | critic_loss 0.921  EV +0.98  critB 10483651(raw nan)  gcos +0.16  gnorm 1.31e-01  gcos@1/2/4/8 +0.16/+0.27/-0.01/+0.23  R +0.349  ent 3.449  blowups 30  | 147.6s (coll 110.8 upd 27.3)
iter  30  team_ep_R -85794.02  sampled_loop 0.865  | critic_loss 1.116  EV +0.98  critB 9924387(raw 4891014)  gcos -0.05  gnorm 1.49e-01  gcos@1/2/4/8 -0.05/-0.20/+0.01/-0.17  R +0.344  ent 3.443  blowups 41  | 150.4s (coll 111.9 upd 29.4)
iter  31  team_ep_R -85561.71  sampled_loop 0.851  | critic_loss 0.523  EV +0.98  critB 9924387(raw nan)  gcos -0.15  gnorm 1.27e-01  gcos@1/2/4/8 -0.15/+0.15/+0.32/-0.05  R +0.340  ent 3.441  blowups 34  | 152.6s (coll 113.3 upd 30.2)
iter  32  team_ep_R -87244.24  sampled_loop 0.870  DET_R -3.032  loop 0.710 [+x+y 0.626 +x+y 0.722 +.2x 0.784]  load 0.274  vmin 0.112  stall% 2.5  swing 0.567  coord 1.229  satL 0.16  satW 0.69  gap +0.159  | critic_loss 1.049  EV +0.98  critB 9924387(raw nan)  gcos -0.19  gnorm 1.05e-01  gcos@1/2/4/8 -0.19/+0.23/+0.02/+0.24  R +0.340  ent 3.430  blowups 32  | 145.7s (coll 107.9 upd 28.7)
iter  33  team_ep_R -85029.09  sampled_loop 0.879  | critic_loss 1.169  EV +0.98  critB 9924387(raw nan)  gcos -0.07  gnorm 1.15e-01  gcos@1/2/4/8 -0.07/+0.20/+0.17/+0.28  R +0.341  ent 3.427  blowups 39  | 143.7s (coll 107.0 upd 27.5)
iter  34  team_ep_R -87244.84  sampled_loop 0.859  | critic_loss 0.841  EV +0.98  critB 10716472(raw 17845241)  gcos +0.05  gnorm 1.29e-01  gcos@1/2/4/8 +0.05/+0.02/+0.21/+0.18  R +0.340  ent 3.426  blowups 35  | 149.2s (coll 112.2 upd 27.8)
iter  35  team_ep_R -83426.96  sampled_loop 0.851  | critic_loss 0.772  EV +0.98  critB 10716472(raw nan)  gcos +0.07  gnorm 1.24e-01  gcos@1/2/4/8 +0.07/+0.16/+0.01/+0.32  R +0.341  ent 3.423  blowups 34  | 160.6s (coll 123.1 upd 28.4)
iter  36  team_ep_R -84877.16  sampled_loop 0.846  DET_R -3.522  loop 0.775 [+x+y 0.703 +x+y 0.805 +.2x 0.818]  load 0.178  vmin 0.030  stall% 3.3  swing 0.366  coord 0.760  satL 0.14  satW 0.70  gap +0.070  | critic_loss 1.086  EV +0.98  critB 10716472(raw nan)  gcos +0.30  gnorm 1.20e-01  gcos@1/2/4/8 +0.30/+0.10/-0.01/-0.04  R +0.343  ent 3.415  blowups 37  | 150.2s (coll 113.8 upd 27.3)
iter  37  team_ep_R -84912.44  sampled_loop 0.861  | critic_loss 0.897  EV +0.98  critB 10223175(raw 5783495)  gcos -0.05  gnorm 1.28e-01  gcos@1/2/4/8 -0.05/+0.05/+0.32/-0.00  R +0.340  ent 3.403  blowups 27  | 152.0s (coll 115.0 upd 27.7)
iter  38  team_ep_R -86079.53  sampled_loop 0.834  | critic_loss 0.791  EV +0.98  critB 10309205(raw 11083476)  gcos +0.22  gnorm 1.39e-01  gcos@1/2/4/8 +0.22/+0.05/+0.01/-0.31  R +0.339  ent 3.400  blowups 13  | 149.8s (coll 113.5 upd 27.3)
iter  39  team_ep_R -87927.78  sampled_loop 0.858  | critic_loss 0.685  EV +0.98  critB 9486665(raw 2083810)  gcos +0.01  gnorm 1.60e-01  gcos@1/2/4/8 +0.01/-0.11/+0.27/+0.07  R +0.340  ent 3.398  blowups 30  | 144.6s (coll 107.1 upd 28.3)
iter  40  team_ep_R -95329.83  sampled_loop 0.868  DET_R -3.725  loop 0.870 [+x+y 1.103 +x+y 0.805 +.2x 0.703]  load 0.225  vmin 0.046  stall% 1.8  swing 0.493  coord 1.126  satL 0.14  satW 0.74  gap -0.002  | critic_loss 1.502  EV +0.98  critB 8891266(raw 3532676)  gcos +0.56  gnorm 1.50e-01  gcos@1/2/4/8 +0.56/+0.06/+0.29/-0.08  R +0.342  ent 3.392  blowups 37  | 144.0s (coll 106.8 upd 28.0)
iter  41  team_ep_R -86610.37  sampled_loop 0.855  | critic_loss 0.588  EV +0.98  critB 9349897(raw 13477575)  gcos +0.34  gnorm 1.37e-01  gcos@1/2/4/8 +0.34/+0.24/+0.18/+0.11  R +0.346  ent 3.385  blowups 36  | 149.2s (coll 111.9 upd 28.0)
iter  42  team_ep_R -85885.45  sampled_loop 0.850  | critic_loss 0.810  EV +0.98  critB 9349897(raw nan)  gcos +0.26  gnorm 1.28e-01  gcos@1/2/4/8 +0.26/+0.20/+0.26/+0.02  R +0.347  ent 3.376  blowups 29  | 154.8s (coll 114.0 upd 31.1)
iter  43  team_ep_R -87072.56  sampled_loop 0.857  | critic_loss 0.994  EV +0.98  critB 9349897(raw nan)  gcos +0.37  gnorm 1.17e-01  gcos@1/2/4/8 +0.37/+0.28/+0.18/+0.17  R +0.347  ent 3.369  blowups 36  | 156.5s (coll 116.9 upd 30.4)
iter  44  team_ep_R -90416.12  sampled_loop 0.869  DET_R -2.822  loop 0.735 [+x+y 0.626 +x+y 0.826 +.2x 0.751]  load 0.261  vmin 0.060  stall% 2.1  swing 0.538  coord 1.176  satL 0.14  satW 0.69  gap +0.135  | critic_loss 1.041  EV +0.98  critB 9349897(raw nan)  gcos +0.03  gnorm 1.24e-01  gcos@1/2/4/8 +0.03/+0.29/-0.22/-0.02  R +0.344  ent 3.360  blowups 35  | 152.0s (coll 112.9 upd 29.8)
iter  45  team_ep_R -83388.90  sampled_loop 0.856  | critic_loss 0.659  EV +0.98  critB 8833304(raw 4183967)  gcos +0.29  gnorm 1.39e-01  gcos@1/2/4/8 +0.29/-0.01/+0.06/+0.04  R +0.345  ent 3.351  blowups 28  | 149.5s (coll 107.8 upd 32.4)
iter  46  team_ep_R -89440.66  sampled_loop 0.862  | critic_loss 0.928  EV +0.98  critB 8833304(raw nan)  gcos +0.13  gnorm 1.30e-01  gcos@1/2/4/8 +0.13/+0.03/+0.07/-0.25  R +0.343  ent 3.341  blowups 34  | 144.7s (coll 107.4 upd 27.9)
iter  47  team_ep_R -83936.32  sampled_loop 0.845  | critic_loss 0.946  EV +0.98  critB 8833304(raw nan)  gcos +0.20  gnorm 1.22e-01  gcos@1/2/4/8 +0.20/+0.05/-0.00/+0.23  R +0.345  ent 3.334  blowups 30  | 146.1s (coll 108.7 upd 28.3)
iter  48  team_ep_R -82543.94  sampled_loop 0.845  DET_R -4.518  loop 0.856 [+x+y 1.022 +x+y 0.725 +.2x 0.821]  load 0.230  vmin 0.049  stall% 2.1  swing 0.471  coord 1.246  satL 0.14  satW 0.72  gap -0.012  | critic_loss 0.788  EV +0.98  critB 24786132(raw 168361584)  gcos +0.11  gnorm 1.47e-01  gcos@1/2/4/8 +0.11/+0.11/-0.07/+0.22  R +0.346  ent 3.326  blowups 26  | 145.4s (coll 108.0 upd 28.1)
iter  49  team_ep_R -87315.91  sampled_loop 0.854  | critic_loss 1.069  EV +0.98  critB 22640135(raw 3326157)  gcos +0.12  gnorm 1.52e-01  gcos@1/2/4/8 +0.12/+0.22/-0.08/+0.22  R +0.344  ent 3.317  blowups 31  | 149.6s (coll 113.3 upd 27.1)
iter  50  team_ep_R -90641.63  sampled_loop 0.872  | critic_loss 1.473  EV +0.98  critB 20761807(raw 3856858)  gcos +0.15  gnorm 1.35e-01  gcos@1/2/4/8 +0.15/+0.29/+0.37/+0.07  R +0.346  ent 3.310  blowups 41  | 161.6s (coll 123.3 upd 29.1)
iter  51  team_ep_R -81128.86  sampled_loop 0.831  | critic_loss 0.701  EV +0.98  critB 37618180(raw 189325534)  gcos -0.06  gnorm 1.38e-01  gcos@1/2/4/8 -0.06/+0.08/+0.27/+0.28  R +0.349  ent 3.300  blowups 21  | 151.5s (coll 115.0 upd 27.3)
iter  52  team_ep_R -78985.61  sampled_loop 0.841  DET_R -5.708  loop 0.818 [+x+y 0.622 +x+y 0.801 +.2x 1.032]  load 0.322  vmin 0.073  stall% 2.0  swing 0.695  coord 1.645  satL 0.14  satW 0.70  gap +0.023  | critic_loss 0.594  EV +0.99  critB 3362299686(raw 33284433242)  gcos +0.03  gnorm 1.31e-01  gcos@1/2/4/8 +0.03/+0.00/+0.07/-0.11  R +0.344  ent 3.290  blowups 26  | 141.9s (coll 106.4 upd 26.5)
iter  53  team_ep_R -82493.51  sampled_loop 0.844  | critic_loss 0.647  EV +0.99  critB 3362299686(raw nan)  gcos +0.07  gnorm 1.09e-01  gcos@1/2/4/8 +0.07/+0.07/-0.08/+0.04  R +0.341  ent 3.276  blowups 23  | 153.7s (coll 115.1 upd 29.2)
iter  54  team_ep_R -78311.34  sampled_loop 0.828  | critic_loss 0.664  EV +0.99  critB 3362299686(raw nan)  gcos +0.19  gnorm 1.22e-01  gcos@1/2/4/8 +0.19/+0.18/+0.15/+0.30  R +0.343  ent 3.270  blowups 21  | 144.8s (coll 106.8 upd 28.8)
iter  55  team_ep_R -88523.73  sampled_loop 0.862  | critic_loss 1.219  EV +0.99  critB 3027595841(raw 15261236)  gcos +0.15  gnorm 1.47e-01  gcos@1/2/4/8 +0.15/+0.25/+0.05/+0.17  R +0.345  ent 3.262  blowups 34  | 154.3s (coll 116.3 upd 28.9)
iter  56  team_ep_R -82527.60  sampled_loop 0.840  DET_R -6.084  loop 0.928 [+x+y 1.083 +x+y 0.721 +.2x 0.981]  load 0.296  vmin 0.054  stall% 1.6  swing 0.640  coord 1.614  satL 0.14  satW 0.73  gap -0.088  | critic_loss 0.635  EV +0.99  critB 3027595841(raw nan)  gcos +0.18  gnorm 1.06e-01  gcos@1/2/4/8 +0.18/+0.36/+0.17/-0.16  R +0.344  ent 3.257  blowups 38  | 145.1s (coll 107.4 upd 28.4)
iter  57  team_ep_R -76726.63  sampled_loop 0.828  | critic_loss 0.842  EV +0.99  critB 3027595841(raw nan)  gcos +0.04  gnorm 1.16e-01  gcos@1/2/4/8 +0.04/+0.44/+0.10/+0.34  R +0.346  ent 3.247  blowups 29  | 146.8s (coll 109.9 upd 27.7)
iter  58  team_ep_R -75849.94  sampled_loop 0.831  | critic_loss 0.971  EV +0.99  critB 2726508664(raw 16724076)  gcos -0.11  gnorm 1.46e-01  gcos@1/2/4/8 -0.11/+0.10/-0.14/-0.23  R +0.339  ent 3.248  blowups 29  | 146.9s (coll 110.8 upd 27.0)
iter  59  team_ep_R -89481.98  sampled_loop 0.854  | critic_loss 0.968  EV +0.99  critB 2454821696(raw 9638982)  gcos +0.12  gnorm 1.43e-01  gcos@1/2/4/8 +0.12/-0.11/-0.13/-0.03  R +0.333  ent 3.244  blowups 30  | 143.6s (coll 107.3 upd 27.3)
iter  60  team_ep_R -81404.53  sampled_loop 0.836  DET_R -3.900  loop 0.807 [+x+y 0.672 +x+y 0.795 +.2x 0.954]  load 0.189  vmin 0.064  stall% 3.5  swing 0.410  coord 0.855  satL 0.12  satW 0.70  gap +0.029  | critic_loss 0.692  EV +0.99  critB 2223950309(raw 146107826)  gcos +0.22  gnorm 1.36e-01  gcos@1/2/4/8 +0.22/+0.00/-0.08/+0.05  R +0.331  ent 3.233  blowups 29  | 146.4s (coll 109.2 upd 27.7)
iter  61  team_ep_R -82663.58  sampled_loop 0.851  | critic_loss 0.719  EV +0.99  critB 2002688453(raw 11331747)  gcos -0.10  gnorm 1.38e-01  gcos@1/2/4/8 -0.10/-0.15/+0.21/-0.31  R +0.328  ent 3.226  blowups 40  | 141.9s (coll 106.7 upd 26.2)
iter  62  team_ep_R -85988.63  sampled_loop 0.832  | critic_loss 0.599  EV +0.99  critB 2002688453(raw nan)  gcos +0.22  gnorm 1.28e-01  gcos@1/2/4/8 +0.22/-0.01/-0.30/-0.02  R +0.328  ent 3.221  blowups 31  | 143.2s (coll 106.5 upd 27.3)
iter  63  team_ep_R -85393.29  sampled_loop 0.847  | critic_loss 0.715  EV +0.99  critB 2002688453(raw nan)  gcos -0.04  gnorm 1.19e-01  gcos@1/2/4/8 -0.04/-0.15/+0.14/-0.05  R +0.325  ent 3.217  blowups 36  | 166.7s (coll 131.4 upd 26.3)
iter  64  team_ep_R -83951.51  sampled_loop 0.841  DET_R -19.874  loop 2.294 [+x+y 1.085 +x+y 0.799 +.2x 5.000]  load 0.277  vmin 0.030  stall% 2.0  swing 0.611  coord 1.542  satL 0.13  satW 0.73  gap -1.454  DET_BLOWUPS 1  | critic_loss 0.825  EV +0.99  critB 2002688453(raw nan)  gcos +0.37  gnorm 1.16e-01  gcos@1/2/4/8 +0.37/-0.16/-0.05/+0.12  R +0.322  ent 3.214  blowups 31  | 154.5s (coll 118.1 upd 27.3)
iter  65  team_ep_R -80117.04  sampled_loop 0.850  | critic_loss 0.593  EV +0.99  critB 2002688453(raw nan)  gcos -0.06  gnorm 1.22e-01  gcos@1/2/4/8 -0.06/+0.02/+0.04/+0.01  R +0.318  ent 3.208  blowups 25  | 143.2s (coll 107.0 upd 27.0)
iter  66  team_ep_R -80924.91  sampled_loop 0.844  | critic_loss 0.576  EV +0.99  critB 1803365694(raw 9460861)  gcos -0.05  gnorm 1.33e-01  gcos@1/2/4/8 -0.05/-0.05/+0.15/-0.07  R +0.316  ent 3.202  blowups 28  | 144.2s (coll 108.3 upd 26.7)
iter  67  team_ep_R -89560.99  sampled_loop 0.854  | critic_loss 0.542  EV +0.99  critB 1623911322(raw 8821980)  gcos -0.05  gnorm 1.46e-01  gcos@1/2/4/8 -0.05/-0.10/+0.10/+0.21  R +0.313  ent 3.192  blowups 33  | 153.5s (coll 114.8 upd 29.5)
iter  68  team_ep_R -85441.21  sampled_loop 0.844  DET_R -17.425  loop 2.156 [+x+y 0.665 +x+y 0.804 +.2x 5.000]  load 0.186  vmin 0.067  stall% 3.1  swing 0.388  coord 0.812  satL 0.13  satW 0.70  gap -1.312  DET_BLOWUPS 1  | critic_loss 0.584  EV +0.99  critB 1462062499(raw 5423092)  gcos +0.14  gnorm 1.53e-01  gcos@1/2/4/8 +0.14/+0.15/-0.01/+0.14  R +0.313  ent 3.188  blowups 34  | 144.7s (coll 106.6 upd 28.9)
iter  69  team_ep_R -80498.87  sampled_loop 0.838  | critic_loss 0.641  EV +0.99  critB 1315988449(raw 1321995)  gcos +0.46  gnorm 1.81e-01  gcos@1/2/4/8 +0.46/-0.02/+0.31/+0.04  R +0.316  ent 3.185  blowups 31  | 152.4s (coll 115.0 upd 28.4)
iter  70  team_ep_R -81036.16  sampled_loop 0.833  | critic_loss 1.048  EV +0.98  critB 1315988449(raw nan)  gcos -0.29  gnorm 1.18e-01  gcos@1/2/4/8 -0.29/-0.08/-0.08/-0.09  R +0.313  ent 3.184  blowups 27  | 153.9s (coll 116.5 upd 28.2)
iter  71  team_ep_R -80051.66  sampled_loop 0.846  | critic_loss 0.489  EV +0.99  critB 1193174033(raw 87844287)  gcos +0.09  gnorm 1.29e-01  gcos@1/2/4/8 +0.09/-0.13/-0.17/+0.03  R +0.310  ent 3.173  blowups 30  | 178.5s (coll 142.1 upd 27.2)
iter  72  team_ep_R -77708.60  sampled_loop 0.842  DET_R -3.535  loop 0.821 [+x+y 0.674 +x+y 0.839 +.2x 0.950]  load 0.183  vmin 0.058  stall% 3.1  swing 0.385  coord 0.800  satL 0.13  satW 0.71  gap +0.021  | critic_loss 0.562  EV +0.98  critB 1077618888(raw 37622587)  gcos +0.07  gnorm 1.20e-01  gcos@1/2/4/8 +0.07/+0.01/-0.01/-0.21  R +0.309  ent 3.167  blowups 28  | 143.1s (coll 105.8 upd 28.3)
iter  73  team_ep_R -86025.10  sampled_loop 0.848  | critic_loss 0.684  EV +0.99  critB 971460464(raw 16034646)  gcos +0.16  gnorm 1.29e-01  gcos@1/2/4/8 +0.16/+0.30/-0.26/-0.14  R +0.305  ent 3.163  blowups 37  | 150.6s (coll 113.6 upd 27.9)
iter  74  team_ep_R -77056.44  sampled_loop 0.831  | critic_loss 0.653  EV +0.99  critB 876185689(raw 18712718)  gcos -0.20  gnorm 1.40e-01  gcos@1/2/4/8 -0.20/-0.04/-0.02/-0.01  R +0.305  ent 3.154  blowups 33  | 152.3s (coll 114.5 upd 28.4)
iter  75  team_ep_R -80713.90  sampled_loop 0.816  | critic_loss 0.524  EV +0.99  critB 788977762(raw 4106420)  gcos +0.27  gnorm 1.52e-01  gcos@1/2/4/8 +0.27/+0.06/-0.05/+0.36  R +0.301  ent 3.146  blowups 29  | 147.8s (coll 110.4 upd 28.3)
iter  76  team_ep_R -87812.66  sampled_loop 0.848  DET_R -8.018  loop 0.985 [+x+y 0.702 +x+y 1.288 +.2x 0.964]  load 0.278  vmin 0.104  stall% 2.6  swing 0.619  coord 1.629  satL 0.13  satW 0.71  gap -0.137  | critic_loss 0.756  EV +0.98  critB 713777167(raw 36971812)  gcos +0.33  gnorm 1.28e-01  gcos@1/2/4/8 +0.33/-0.24/-0.02/-0.34  R +0.297  ent 3.141  blowups 34  | 155.8s (coll 118.6 upd 27.9)
iter  77  team_ep_R -90337.72  sampled_loop 0.856  | critic_loss 1.011  EV +0.99  critB 643173337(raw 7738862)  gcos -0.02  gnorm 1.35e-01  gcos@1/2/4/8 -0.02/-0.18/+0.18/+0.28  R +0.297  ent 3.135  blowups 40  | 151.1s (coll 113.5 upd 28.4)
iter  78  team_ep_R -87588.99  sampled_loop 0.865  | critic_loss 0.930  EV +0.98  critB 583883911(raw 50279078)  gcos +0.19  gnorm 1.32e-01  gcos@1/2/4/8 +0.19/+0.05/+0.01/+0.09  R +0.295  ent 3.128  blowups 39  | 143.7s (coll 107.2 upd 27.4)
iter  79  team_ep_R -87099.52  sampled_loop 0.862  | critic_loss 0.939  EV +0.99  critB 525764906(raw 2693861)  gcos -0.26  gnorm 1.60e-01  gcos@1/2/4/8 -0.26/-0.40/+0.05/+0.30  R +0.288  ent 3.120  blowups 47  | 145.9s (coll 106.3 upd 30.5)
iter  80  team_ep_R -91264.70  sampled_loop 0.866  DET_R -1.675  loop 0.799 [+x+y 0.672 +x+y 0.849 +.2x 0.876]  load 0.127  vmin 0.080  stall% 2.8  swing 0.254  coord 0.432  satL 0.13  satW 0.72  gap +0.067  | critic_loss 1.054  EV +0.98  critB 473877036(raw 6886211)  gcos -0.14  gnorm 1.35e-01  gcos@1/2/4/8 -0.14/+0.08/+0.00/+0.20  R +0.287  ent 3.109  blowups 47  | 173.7s (coll 135.0 upd 29.5)
iter  81  team_ep_R -86456.12  sampled_loop 0.862  | critic_loss 1.151  EV +0.98  critB 473877036(raw nan)  gcos +0.15  gnorm 1.16e-01  gcos@1/2/4/8 +0.15/-0.13/+0.10/+0.04  R +0.284  ent 3.102  blowups 52  | 153.3s (coll 114.1 upd 30.1)
iter  82  team_ep_R -81257.60  sampled_loop 0.847  | critic_loss 0.608  EV +0.98  critB 426620392(raw 1310597)  gcos +0.10  gnorm 1.80e-01  gcos@1/2/4/8 +0.10/+0.20/+0.15/+0.28  R +0.284  ent 3.094  blowups 46  | 156.3s (coll 117.1 upd 29.9)
iter  83  team_ep_R -83875.88  sampled_loop 0.862  | critic_loss 0.780  EV +0.98  critB 426620392(raw nan)  gcos +0.09  gnorm 1.21e-01  gcos@1/2/4/8 +0.09/-0.04/+0.07/-0.05  R +0.282  ent 3.092  blowups 46  | 145.6s (coll 106.4 upd 30.1)
iter  84  team_ep_R -90508.11  sampled_loop 0.876  DET_R -1.955  loop 0.810 [+x+y 0.654 +x+y 0.838 +.2x 0.938]  load 0.129  vmin 0.031  stall% 3.1  swing 0.262  coord 0.457  satL 0.13  satW 0.71  gap +0.066  | critic_loss 1.021  EV +0.98  critB 384168368(raw 2100146)  gcos -0.10  gnorm 1.75e-01  gcos@1/2/4/8 -0.10/-0.31/+0.02/+0.51  R +0.275  ent 3.092  blowups 58  | 144.8s (coll 106.4 upd 29.3)
iter  85  team_ep_R -87321.62  sampled_loop 0.869  | critic_loss 0.851  EV +0.98  critB 384168368(raw nan)  gcos +0.08  gnorm 1.14e-01  gcos@1/2/4/8 +0.08/-0.19/+0.21/+0.16  R +0.271  ent 3.085  blowups 49  | 145.9s (coll 107.5 upd 29.3)
iter  86  team_ep_R -90484.05  sampled_loop 0.855  | critic_loss 0.963  EV +0.98  critB 351054887(raw 53033556)  gcos +0.12  gnorm 1.35e-01  gcos@1/2/4/8 +0.12/+0.18/-0.02/+0.10  R +0.269  ent 3.075  blowups 54  | 154.4s (coll 115.5 upd 29.8)
iter  87  team_ep_R -90305.38  sampled_loop 0.886  | critic_loss 0.459  EV +0.98  critB 316610314(raw 6609160)  gcos -0.17  gnorm 1.56e-01  gcos@1/2/4/8 -0.17/-0.30/+0.23/-0.17  R +0.270  ent 3.076  blowups 50  | 143.4s (coll 105.5 upd 28.5)
iter  88  team_ep_R -86839.41  sampled_loop 0.878  DET_R -1.744  loop 0.789 [+x+y 0.669 +x+y 0.763 +.2x 0.937]  load 0.109  vmin 0.046  stall% 2.4  swing 0.211  coord 0.285  satL 0.14  satW 0.72  gap +0.089  | critic_loss 1.583  EV +0.98  critB 287627507(raw 26782244)  gcos -0.11  gnorm 1.33e-01  gcos@1/2/4/8 -0.11/+0.27/+0.12/-0.19  R +0.268  ent 3.080  blowups 51  | 152.6s (coll 114.1 upd 29.0)
iter  89  team_ep_R -88953.61  sampled_loop 0.872  | critic_loss 0.882  EV +0.98  critB 260127091(raw 12623352)  gcos -0.10  gnorm 1.39e-01  gcos@1/2/4/8 -0.10/+0.31/-0.02/+0.29  R +0.267  ent 3.079  blowups 67  | 145.6s (coll 105.9 upd 30.7)
iter  90  team_ep_R -92507.18  sampled_loop 0.909  | critic_loss 1.137  EV +0.98  critB 234674710(raw 5603278)  gcos -0.10  gnorm 1.39e-01  gcos@1/2/4/8 -0.10/+0.12/+0.09/+0.41  R +0.266  ent 3.074  blowups 69  | 144.9s (coll 104.9 upd 30.9)
iter  91  team_ep_R -83727.55  sampled_loop 0.859  | critic_loss 1.423  EV +0.98  critB 211391737(raw 1844976)  gcos -0.17  gnorm 1.62e-01  gcos@1/2/4/8 -0.17/-0.10/-0.35/+0.00  R +0.259  ent 3.065  blowups 73  | 160.2s (coll 121.1 upd 29.6)
iter  92  team_ep_R -87646.67  sampled_loop 0.887  DET_R -4.668  loop 0.835 [+x+y 0.722 +x+y 0.672 +.2x 1.111]  load 0.260  vmin 0.030  stall% 3.2  swing 0.537  coord 1.118  satL 0.17  satW 0.68  gap +0.052  | critic_loss 1.063  EV +0.98  critB 190633960(raw 3813974)  gcos -0.21  gnorm 1.45e-01  gcos@1/2/4/8 -0.21/+0.27/-0.03/-0.33  R +0.261  ent 3.058  blowups 68  | 155.6s (coll 117.4 upd 28.9)
iter  93  team_ep_R -92261.28  sampled_loop 0.888  | critic_loss 1.502  EV +0.98  critB 190633960(raw nan)  gcos +0.24  gnorm 1.24e-01  gcos@1/2/4/8 +0.24/+0.10/+0.29/+0.24  R +0.260  ent 3.051  blowups 68  | 154.0s (coll 116.4 upd 28.5)
iter  94  team_ep_R -93859.78  sampled_loop 0.890  | critic_loss 0.825  EV +0.98  critB 171856262(raw 2856981)  gcos +0.48  gnorm 1.61e-01  gcos@1/2/4/8 +0.48/+0.18/+0.18/+0.43  R +0.257  ent 3.047  blowups 73  | 148.6s (coll 110.0 upd 29.6)
iter  95  team_ep_R -84612.38  sampled_loop 0.872  | critic_loss 1.062  EV +0.98  critB 156532220(raw 18615841)  gcos +0.36  gnorm 1.45e-01  gcos@1/2/4/8 +0.36/+0.29/+0.19/-0.22  R +0.255  ent 3.043  blowups 63  | 144.4s (coll 106.2 upd 29.2)
iter  96  team_ep_R -88215.00  sampled_loop 0.887  DET_R -18.585  loop 2.093 [+x+y 0.669 +x+y 0.610 +.2x 5.000]  load 0.236  vmin 0.084  stall% 2.6  swing 0.504  coord 1.069  satL 0.17  satW 0.68  gap -1.206  DET_BLOWUPS 1  | critic_loss 2.184  EV +0.98  critB 156532220(raw nan)  gcos +0.22  gnorm 1.25e-01  gcos@1/2/4/8 +0.22/+0.21/+0.30/+0.13  R +0.255  ent 3.030  blowups 74  | 152.2s (coll 114.1 upd 28.8)
iter  97  team_ep_R -94797.97  sampled_loop 0.897  | critic_loss 0.853  EV +0.98  critB 156532220(raw nan)  gcos +0.22  gnorm 1.21e-01  gcos@1/2/4/8 +0.22/+0.31/+0.30/+0.21  R +0.255  ent 3.030  blowups 69  | 147.5s (coll 106.3 upd 32.0)
iter  98  team_ep_R -94501.29  sampled_loop 0.895  | critic_loss 0.963  EV +0.98  critB 141272683(raw 3936850)  gcos +0.37  gnorm 1.49e-01  gcos@1/2/4/8 +0.37/+0.28/+0.26/+0.18  R +0.254  ent 3.028  blowups 85  | 146.4s (coll 106.6 upd 30.7)
iter  99  team_ep_R -89764.92  sampled_loop 0.886  | critic_loss 1.216  EV +0.98  critB 143701094(raw 165556786)  gcos -0.02  gnorm 1.35e-01  gcos@1/2/4/8 -0.02/+0.02/-0.01/-0.15  R +0.254  ent 3.025  blowups 70  | 151.9s (coll 112.1 upd 30.6)
iter 100  team_ep_R -91172.37  sampled_loop 0.891  DET_R -17.373  loop 2.130 [+x+y 0.670 +x+y 0.720 +.2x 5.000]  load 0.127  vmin 0.091  stall% 2.2  swing 0.258  coord 0.421  satL 0.17  satW 0.70  gap -1.239  DET_BLOWUPS 1  | critic_loss 1.522  EV +0.98  critB 129530331(raw 1993468)  gcos +0.24  gnorm 1.67e-01  gcos@1/2/4/8 +0.24/+0.33/+0.33/+0.51  R +0.254  ent 3.018  blowups 78  | 145.1s (coll 106.5 upd 29.5)
iter 101  team_ep_R -86434.43  sampled_loop 0.892  | critic_loss 1.176  EV +0.98  critB 129530331(raw nan)  gcos +0.19  gnorm 1.04e-01  gcos@1/2/4/8 +0.19/+0.06/+0.15/+0.19  R +0.254  ent 3.013  blowups 63  | 143.7s (coll 105.2 upd 29.5)
iter 102  team_ep_R -86986.41  sampled_loop 0.884  | critic_loss 0.896  EV +0.98  critB 118051350(raw 14740519)  gcos +0.11  gnorm 1.51e-01  gcos@1/2/4/8 +0.11/+0.36/+0.35/+0.32  R +0.254  ent 3.004  blowups 60  | 148.9s (coll 111.0 upd 28.8)
iter 103  team_ep_R -84844.91  sampled_loop 0.879  | critic_loss 1.773  EV +0.98  critB 109506887(raw 32606725)  gcos +0.16  gnorm 1.31e-01  gcos@1/2/4/8 +0.16/+0.14/+0.03/+0.22  R +0.251  ent 2.995  blowups 66  | 150.5s (coll 112.7 upd 29.0)
iter 104  team_ep_R -81448.09  sampled_loop 0.878  DET_R -17.488  loop 2.138 [+x+y 0.683 +x+y 0.731 +.2x 5.000]  load 0.135  vmin 0.065  stall% 2.5  swing 0.269  coord 0.465  satL 0.18  satW 0.71  gap -1.260  DET_BLOWUPS 1  | critic_loss 0.818  EV +0.98  critB 101775890(raw 32196912)  gcos +0.15  gnorm 1.36e-01  gcos@1/2/4/8 +0.15/+0.23/+0.09/+0.28  R +0.250  ent 2.996  blowups 59  | 143.8s (coll 104.1 upd 30.7)
iter 105  team_ep_R -81392.60  sampled_loop 0.862  | critic_loss 0.907  EV +0.98  critB 92037753(raw 4394523)  gcos +0.16  gnorm 1.59e-01  gcos@1/2/4/8 +0.16/+0.05/+0.18/+0.25  R +0.251  ent 2.983  blowups 54  | 142.4s (coll 104.8 upd 28.6)
iter 106  team_ep_R -84382.60  sampled_loop 0.874  | critic_loss 0.878  EV +0.98  critB 84375185(raw 15412072)  gcos +0.12  gnorm 1.31e-01  gcos@1/2/4/8 +0.12/+0.19/+0.24/+0.32  R +0.250  ent 2.978  blowups 52  | 161.5s (coll 123.4 upd 28.6)
iter 107  team_ep_R -82472.02  sampled_loop 0.861  | critic_loss 0.461  EV +0.98  critB 84375185(raw nan)  gcos +0.21  gnorm 1.29e-01  gcos@1/2/4/8 +0.21/+0.19/+0.02/+0.21  R +0.251  ent 2.973  blowups 49  | 151.6s (coll 107.8 upd 34.4)
iter 108  team_ep_R -73728.64  sampled_loop 0.855  DET_R -17.235  loop 2.128 [+x+y 0.664 +x+y 0.721 +.2x 5.000]  load 0.104  vmin 0.035  stall% 3.9  swing 0.205  coord 0.299  satL 0.18  satW 0.72  gap -1.273  DET_BLOWUPS 1  | critic_loss 0.572  EV +0.98  critB 76304990(raw 3673237)  gcos +0.01  gnorm 1.52e-01  gcos@1/2/4/8 +0.01/-0.09/+0.05/-0.10  R +0.249  ent 2.964  blowups 49  | 144.3s (coll 106.0 upd 28.8)
iter 109  team_ep_R -90793.80  sampled_loop 0.884  | critic_loss 0.735  EV +0.98  critB 69242736(raw 5682446)  gcos -0.15  gnorm 1.54e-01  gcos@1/2/4/8 -0.15/+0.23/+0.41/+0.17  R +0.250  ent 2.961  blowups 63  | 154.1s (coll 113.8 upd 31.2)
iter 110  team_ep_R -77621.92  sampled_loop 0.864  | critic_loss 0.798  EV +0.98  critB 62604765(raw 2863028)  gcos +0.29  gnorm 1.53e-01  gcos@1/2/4/8 +0.29/-0.11/-0.01/+0.15  R +0.253  ent 2.951  blowups 47  | 152.8s (coll 114.1 upd 29.4)
iter 111  team_ep_R -84453.28  sampled_loop 0.873  | critic_loss 1.151  EV +0.98  critB 56552254(raw 2079653)  gcos +0.09  gnorm 1.65e-01  gcos@1/2/4/8 +0.09/-0.19/-0.03/+0.23  R +0.251  ent 2.942  blowups 60  | 143.9s (coll 107.1 upd 27.7)
iter 112  team_ep_R -79788.23  sampled_loop 0.854  DET_R -1.826  loop 0.792 [+x+y 0.678 +x+y 0.736 +.2x 0.961]  load 0.123  vmin 0.055  stall% 3.8  swing 0.246  coord 0.402  satL 0.17  satW 0.72  gap +0.062  | critic_loss 2.132  EV +0.98  critB 51144483(raw 2474546)  gcos +0.47  gnorm 1.65e-01  gcos@1/2/4/8 +0.47/+0.13/+0.30/-0.05  R +0.251  ent 2.934  blowups 52  | 147.2s (coll 110.3 upd 27.7)
iter 113  team_ep_R -78860.22  sampled_loop 0.857  | critic_loss 0.605  EV +0.98  critB 51144483(raw nan)  gcos +0.07  gnorm 1.38e-01  gcos@1/2/4/8 +0.07/-0.01/+0.29/+0.44  R +0.252  ent 2.925  blowups 53  | 148.3s (coll 109.9 upd 29.2)
iter 114  team_ep_R -82949.73  sampled_loop 0.854  | critic_loss 0.852  EV +0.98  critB 49203116(raw 31730809)  gcos +0.32  gnorm 1.39e-01  gcos@1/2/4/8 +0.32/+0.10/+0.28/-0.18  R +0.252  ent 2.913  blowups 55  | 142.2s (coll 105.0 upd 27.7)
iter 115  team_ep_R -80481.05  sampled_loop 0.867  | critic_loss 0.610  EV +0.98  critB 49203116(raw nan)  gcos +0.13  gnorm 1.17e-01  gcos@1/2/4/8 +0.13/-0.00/+0.33/+0.02  R +0.252  ent 2.907  blowups 46  | 146.3s (coll 106.7 upd 30.6)
iter 116  team_ep_R -75242.88  sampled_loop 0.837  DET_R -2.290  loop 0.818 [+x+y 0.674 +x+y 0.781 +.2x 0.999]  load 0.113  vmin 0.091  stall% 3.3  swing 0.223  coord 0.327  satL 0.17  satW 0.73  gap +0.020  | critic_loss 0.029  EV +0.98  critB 49203116(raw nan)  gcos +0.23  gnorm 1.25e-01  gcos@1/2/4/8 +0.23/+0.26/+0.30/+0.15  R +0.252  ent 2.904  blowups 36  | 148.1s (coll 109.2 upd 29.7)
iter 117  team_ep_R -86260.25  sampled_loop 0.861  | critic_loss 0.656  EV +0.98  critB 50634097(raw 63512933)  gcos +0.11  gnorm 1.21e-01  gcos@1/2/4/8 +0.11/+0.33/+0.03/+0.09  R +0.250  ent 2.901  blowups 52  | 152.8s (coll 114.6 upd 29.1)
iter 118  team_ep_R -79653.55  sampled_loop 0.843  | critic_loss 0.329  EV +0.99  critB 46471439(raw 9007510)  gcos +0.14  gnorm 1.42e-01  gcos@1/2/4/8 +0.14/-0.01/-0.22/-0.20  R +0.248  ent 2.901  blowups 44  | 144.3s (coll 105.8 upd 29.4)
iter 119  team_ep_R -89362.36  sampled_loop 0.869  | critic_loss 0.994  EV +0.98  critB 43835763(raw 20114680)  gcos +0.11  gnorm 1.35e-01  gcos@1/2/4/8 +0.11/+0.10/+0.18/-0.17  R +0.248  ent 2.898  blowups 47  | 144.3s (coll 107.6 upd 27.6)
iter 120  team_ep_R -73897.03  sampled_loop 0.834  DET_R -1.403  loop 0.795 [+x+y 0.686 +x+y 0.743 +.2x 0.956]  load 0.102  vmin 0.066  stall% 3.1  swing 0.192  coord 0.240  satL 0.17  satW 0.72  gap +0.039  | critic_loss 0.109  EV +0.99  critB 43835763(raw nan)  gcos +0.05  gnorm 1.19e-01  gcos@1/2/4/8 +0.05/-0.32/+0.27/-0.00  R +0.248  ent 2.900  blowups 32  | 152.1s (coll 114.8 upd 28.2)
iter 121  team_ep_R -77926.27  sampled_loop 0.844  | critic_loss 0.720  EV +0.98  critB 39846509(raw 3943229)  gcos -0.21  gnorm 1.40e-01  gcos@1/2/4/8 -0.21/-0.17/+0.04/-0.25  R +0.244  ent 2.901  blowups 47  | 154.2s (coll 116.1 upd 28.7)
iter 122  team_ep_R -81053.03  sampled_loop 0.871  | critic_loss 0.652  EV +0.98  critB 36291605(raw 4297468)  gcos +0.38  gnorm 1.50e-01  gcos@1/2/4/8 +0.38/-0.28/+0.42/-0.21  R +0.242  ent 2.900  blowups 55  | 145.9s (coll 107.7 upd 29.2)
iter 123  team_ep_R -82932.54  sampled_loop 0.854  | critic_loss 0.894  EV +0.99  critB 36291605(raw nan)  gcos -0.14  gnorm 1.23e-01  gcos@1/2/4/8 -0.14/-0.04/+0.13/+0.30  R +0.244  ent 2.893  blowups 46  | 144.1s (coll 105.3 upd 29.3)
iter 124  team_ep_R -82199.94  sampled_loop 0.844  DET_R -1.643  loop 0.806 [+x+y 0.687 +x+y 0.746 +.2x 0.985]  load 0.118  vmin 0.037  stall% 3.1  swing 0.228  coord 0.314  satL 0.16  satW 0.71  gap +0.038  | critic_loss 0.860  EV +0.99  critB 36291605(raw nan)  gcos +0.11  gnorm 1.12e-01  gcos@1/2/4/8 +0.11/+0.04/+0.07/-0.01  R +0.244  ent 2.882  blowups 35  | 141.4s (coll 104.3 upd 28.0)
iter 125  team_ep_R -80337.32  sampled_loop 0.860  | critic_loss 0.623  EV +0.98  critB 36291605(raw nan)  gcos +0.10  gnorm 1.23e-01  gcos@1/2/4/8 +0.10/+0.22/-0.16/+0.05  R +0.246  ent 2.877  blowups 47  | 157.9s (coll 119.1 upd 29.6)
iter 126  team_ep_R -79514.31  sampled_loop 0.848  | critic_loss 0.572  EV +0.98  critB 32911506(raw 2490611)  gcos -0.25  gnorm 1.57e-01  gcos@1/2/4/8 -0.25/+0.08/+0.17/+0.48  R +0.244  ent 2.870  blowups 36  | 146.1s (coll 106.9 upd 29.9)
iter 127  team_ep_R -80625.32  sampled_loop 0.860  | critic_loss 0.862  EV +0.98  critB 29789944(raw 1695887)  gcos +0.23  gnorm 1.80e-01  gcos@1/2/4/8 +0.23/-0.01/+0.07/+0.13  R +0.242  ent 2.868  blowups 50  | 153.4s (coll 115.0 upd 29.3)
iter 128  team_ep_R -73305.58  sampled_loop 0.833  DET_R -2.071  loop 0.819 [+x+y 0.683 +x+y 0.795 +.2x 0.979]  load 0.125  vmin 0.078  stall% 3.1  swing 0.240  coord 0.385  satL 0.16  satW 0.70  gap +0.014  | critic_loss 0.817  EV +0.98  critB 29789944(raw nan)  gcos +0.08  gnorm 1.20e-01  gcos@1/2/4/8 +0.08/+0.04/+0.17/+0.14  R +0.243  ent 2.862  blowups 39  | 152.0s (coll 112.6 upd 30.2)
iter 129  team_ep_R -76222.09  sampled_loop 0.832  | critic_loss 0.437  EV +0.99  critB 29789944(raw nan)  gcos +0.30  gnorm 1.27e-01  gcos@1/2/4/8 +0.30/-0.14/+0.03/-0.15  R +0.243  ent 2.861  blowups 30  | 147.6s (coll 106.7 upd 31.8)
iter 130  team_ep_R -74551.90  sampled_loop 0.829  | critic_loss 0.630  EV +0.99  critB 27266988(raw 4560382)  gcos +0.48  gnorm 1.54e-01  gcos@1/2/4/8 +0.48/+0.27/+0.41/+0.07  R +0.244  ent 2.863  blowups 37  | 145.6s (coll 106.2 upd 29.8)
iter 131  team_ep_R -75991.74  sampled_loop 0.840  | critic_loss 0.476  EV +0.99  critB 26649387(raw 21090980)  gcos +0.06  gnorm 1.21e-01  gcos@1/2/4/8 +0.06/+0.16/+0.33/+0.00  R +0.242  ent 2.858  blowups 33  | 145.2s (coll 107.2 upd 28.9)
iter 132  team_ep_R -72787.29  sampled_loop 0.832  DET_R -1.725  loop 0.791 [+x+y 0.685 +x+y 0.725 +.2x 0.963]  load 0.138  vmin 0.018  stall% 3.3  swing 0.271  coord 0.462  satL 0.17  satW 0.71  gap +0.041  | critic_loss 0.849  EV +0.99  critB 26649387(raw nan)  gcos +0.11  gnorm 1.17e-01  gcos@1/2/4/8 +0.11/+0.06/+0.05/+0.17  R +0.242  ent 2.858  blowups 31  | 147.9s (coll 109.9 upd 28.9)
iter 133  team_ep_R -83148.08  sampled_loop 0.856  | critic_loss 0.562  EV +0.99  critB 25140143(raw 11556944)  gcos +0.06  gnorm 1.16e-01  gcos@1/2/4/8 +0.06/+0.26/-0.02/+0.20  R +0.242  ent 2.856  blowups 46  | 155.7s (coll 117.9 upd 28.6)
iter 134  team_ep_R -80639.06  sampled_loop 0.842  | critic_loss 0.801  EV +0.99  critB 25140143(raw nan)  gcos +0.08  gnorm 1.24e-01  gcos@1/2/4/8 +0.08/+0.16/+0.37/+0.31  R +0.242  ent 2.856  blowups 33  | 144.4s (coll 107.4 upd 27.8)
iter 135  team_ep_R -75456.39  sampled_loop 0.833  | critic_loss 0.770  EV +0.99  critB 23075236(raw 4491080)  gcos +0.29  gnorm 1.44e-01  gcos@1/2/4/8 +0.29/+0.21/+0.21/+0.24  R +0.243  ent 2.853  blowups 30  | 144.3s (coll 106.6 upd 28.6)
iter 136  team_ep_R -75489.57  sampled_loop 0.835  DET_R -4.089  loop 0.929 [+x+y 0.682 +x+y 1.108 +.2x 0.996]  load 0.227  vmin 0.067  stall% 3.5  swing 0.481  coord 1.195  satL 0.18  satW 0.71  gap -0.093  | critic_loss 0.557  EV +0.99  critB 23075236(raw nan)  gcos +0.19  gnorm 1.23e-01  gcos@1/2/4/8 +0.19/+0.37/-0.03/+0.12  R +0.242  ent 2.845  blowups 36  | 154.0s (coll 116.2 upd 28.6)
iter 137  team_ep_R -78734.76  sampled_loop 0.853  | critic_loss 0.722  EV +0.99  critB 23075236(raw nan)  gcos +0.19  gnorm 1.24e-01  gcos@1/2/4/8 +0.19/+0.32/+0.08/+0.16  R +0.243  ent 2.845  blowups 28  | 142.7s (coll 105.2 upd 28.5)
iter 138  team_ep_R -86842.83  sampled_loop 0.841  | critic_loss 0.515  EV +0.99  critB 21188376(raw 4206630)  gcos +0.51  gnorm 1.71e-01  gcos@1/2/4/8 +0.51/+0.21/+0.31/+0.09  R +0.241  ent 2.838  blowups 40  | 143.4s (coll 105.1 upd 29.1)
iter 139  team_ep_R -73893.17  sampled_loop 0.831  | critic_loss 0.588  EV +0.99  critB 19280470(raw 2109318)  gcos -0.52  gnorm 1.84e-01  gcos@1/2/4/8 -0.52/-0.21/-0.06/-0.26  R +0.242  ent 2.835  blowups 30  | 149.4s (coll 111.3 upd 28.8)
iter 140  team_ep_R -76646.46  sampled_loop 0.845  DET_R -1.527  loop 0.792 [+x+y 0.683 +x+y 0.774 +.2x 0.920]  load 0.130  vmin 0.026  stall% 3.3  swing 0.253  coord 0.435  satL 0.17  satW 0.70  gap +0.053  | critic_loss 0.492  EV +0.99  critB 19280470(raw nan)  gcos +0.21  gnorm 1.13e-01  gcos@1/2/4/8 +0.21/-0.20/-0.11/+0.04  R +0.242  ent 2.832  blowups 33  | 153.9s (coll 115.6 upd 29.2)
iter 141  team_ep_R -79377.11  sampled_loop 0.838  | critic_loss 0.844  EV +0.99  critB 18594457(raw 12420344)  gcos -0.01  gnorm 1.31e-01  gcos@1/2/4/8 -0.01/+0.12/+0.15/+0.19  R +0.244  ent 2.830  blowups 44  | 151.4s (coll 112.7 upd 29.6)
iter 142  team_ep_R -74759.12  sampled_loop 0.828  | critic_loss 0.470  EV +0.99  critB 18594457(raw nan)  gcos -0.01  gnorm 1.10e-01  gcos@1/2/4/8 -0.01/-0.03/+0.23/+0.12  R +0.243  ent 2.831  blowups 31  | 147.2s (coll 108.0 upd 29.4)
iter 143  team_ep_R -78724.33  sampled_loop 0.828  | critic_loss 0.527  EV +0.99  critB 19270738(raw 25357267)  gcos +0.01  gnorm 1.24e-01  gcos@1/2/4/8 +0.01/+0.32/+0.28/+0.15  R +0.245  ent 2.829  blowups 35  | 144.0s (coll 104.6 upd 30.3)
iter 144  team_ep_R -76783.30  sampled_loop 0.828  DET_R -5.451  loop 0.886 [+x+y 0.622 +x+y 1.102 +.2x 0.934]  load 0.374  vmin 0.034  stall% 1.8  swing 0.787  coord 2.027  satL 0.17  satW 0.72  gap -0.058  | critic_loss 0.605  EV +0.99  critB 18229509(raw 8858443)  gcos +0.02  gnorm 1.41e-01  gcos@1/2/4/8 +0.02/-0.11/-0.21/-0.04  R +0.245  ent 2.830  blowups 37  | 153.2s (coll 115.9 upd 28.2)
iter 145  team_ep_R -75277.06  sampled_loop 0.811  | critic_loss 0.810  EV +0.99  critB 18126040(raw 17194826)  gcos +0.04  gnorm 1.41e-01  gcos@1/2/4/8 +0.04/+0.32/+0.30/+0.22  R +0.247  ent 2.825  blowups 29  | 142.8s (coll 104.8 upd 28.7)
iter 146  team_ep_R -78320.77  sampled_loop 0.840  | critic_loss 0.611  EV +0.99  critB 18126040(raw nan)  gcos +0.10  gnorm 1.15e-01  gcos@1/2/4/8 +0.10/+0.18/+0.22/-0.14  R +0.247  ent 2.823  blowups 40  | 144.9s (coll 106.8 upd 28.7)
iter 147  team_ep_R -76949.93  sampled_loop 0.833  | critic_loss 0.498  EV +0.99  critB 18691261(raw 23778250)  gcos +0.24  gnorm 1.43e-01  gcos@1/2/4/8 +0.24/+0.19/-0.06/+0.29  R +0.247  ent 2.823  blowups 38  | 143.9s (coll 106.6 upd 28.0)
iter 148  team_ep_R -81424.18  sampled_loop 0.861  DET_R -3.537  loop 0.896 [+x+y 0.638 +x+y 1.110 +.2x 0.941]  load 0.214  vmin 0.037  stall% 4.1  swing 0.446  coord 1.087  satL 0.18  satW 0.75  gap -0.036  | critic_loss 0.915  EV +0.99  critB 18691261(raw nan)  gcos -0.22  gnorm 1.18e-01  gcos@1/2/4/8 -0.22/+0.04/-0.02/+0.01  R +0.247  ent 2.822  blowups 31  | 142.4s (coll 104.8 upd 28.4)
iter 149  team_ep_R -80464.16  sampled_loop 0.841  | critic_loss 0.675  EV +0.99  critB 17683180(raw 8610443)  gcos +0.27  gnorm 1.31e-01  gcos@1/2/4/8 +0.27/-0.00/+0.39/+0.25  R +0.248  ent 2.819  blowups 36  | 145.7s (coll 107.1 upd 29.4)
iter 150  team_ep_R -78765.10  sampled_loop 0.837  DET_R -4.057  loop 0.752 [+x+y 0.640 +x+y 0.654 +.2x 0.963]  load 0.271  vmin 0.037  stall% 4.6  swing 0.559  coord 1.196  satL 0.18  satW 0.68  gap +0.085  | critic_loss 0.653  EV +0.99  critB 16348375(raw 4335134)  gcos +0.23  gnorm 1.41e-01  gcos@1/2/4/8 +0.23/-0.02/+0.28/-0.22  R +0.248  ent 2.819  blowups 41  | 153.4s (coll 114.4 upd 29.5)
best (deploy) -> residual_mappo.pt (BEST DET_R -1.139);  resume -> residual_mappo_last.pt
saved mappo_training_4963053.png
