  built mix dir +x+y+z   |move|=5.0m ramp 16s  dpos (4, 1800, 3)
  built mix dir +x+y-z   |move|=5.0m ramp 16s  dpos (4, 1800, 3)
OVERFIT (feasible curriculum RUNG 3 MIX): warm=residual_mappo_overfit.pt  2 dirs @ 5.0m  horizon=18s  (saves -> residual_mappo_overfit*.pt)
eval on 2 trajs ['+x+y+z', '+x+y-z'] (mean = best-net selection metric)
actor warm-started from residual_mappo_overfit.pt (+ its obs normalization + critic)
log_std FROZEN at -1.139 (sigma=0.32); gradients are mean-only
warm-start baseline DET_R -0.387 (seeded best; saves only if beaten)
PARALLEL collection: 93 worker processes (~15053 steps each)
main-process torch threads = 32 (SERIAL update; workers pinned to 1)
iter   1  team_ep_R  -5080.91  sampled_loop 0.441  DET_R -0.391  loop 0.440 [+x+y 0.439 +x+y 0.441]  load 0.087  vmin 0.240  stall% 1.3  swing 0.197  coord 0.143  satL 0.08  satW 0.81  gap +0.002  | critic_loss 0.001  EV +1.00  critB 379878(raw 379878)  gcos +nan  gnorm 1.83e-01  gcos@1/2/4/8 +nan/+nan/+nan/+nan  R +1.000  ent 2.795  | 137.0s (coll 102.0 upd 26.1)
iter   2  team_ep_R  -5137.49  sampled_loop 0.443  | critic_loss 0.000  EV +1.00  critB 398362(raw 564721)  gcos +0.66  gnorm 1.63e-01  gcos@1/2/4/8 +0.66/+nan/+nan/+nan  R +0.911  ent 2.795  | 133.1s (coll 100.3 upd 24.2)
iter   3  team_ep_R  -5190.99  sampled_loop 0.444  | critic_loss 0.000  EV +1.00  critB 395920(raw 373947)  gcos +0.67  gnorm 1.85e-01  gcos@1/2/4/8 +0.67/+0.63/+nan/+nan  R +0.877  ent 2.795  | 132.6s (coll 98.5 upd 25.6)
iter   4  team_ep_R  -5120.51  sampled_loop 0.443  DET_R -0.391  loop 0.440 [+x+y 0.439 +x+y 0.441]  load 0.086  vmin 0.244  stall% 1.0  swing 0.196  coord 0.132  satL 0.07  satW 0.81  gap +0.003  | critic_loss 0.000  EV +1.00  critB 405017(raw 486885)  gcos +0.54  gnorm 1.68e-01  gcos@1/2/4/8 +0.54/+0.53/+nan/+nan  R +0.836  ent 2.795  | 134.7s (coll 99.7 upd 26.6)
iter   5  team_ep_R  -5137.67  sampled_loop 0.443  | critic_loss 0.001  EV +1.00  critB 427173(raw 626577)  gcos +0.69  gnorm 1.67e-01  gcos@1/2/4/8 +0.69/+0.59/+0.53/+nan  R +0.820  ent 2.795  | 133.7s (coll 100.5 upd 24.9)
iter   6  team_ep_R  -5112.78  sampled_loop 0.443  | critic_loss 0.000  EV +1.00  critB 422735(raw 382790)  gcos +0.59  gnorm 1.93e-01  gcos@1/2/4/8 +0.59/+0.56/+0.53/+nan  R +0.803  ent 2.795  | 132.1s (coll 98.7 upd 24.9)
iter   7  team_ep_R  -5256.76  sampled_loop 0.445  | critic_loss 0.001  EV +1.00  critB 464091(raw 836295)  gcos +0.65  gnorm 1.48e-01  gcos@1/2/4/8 +0.65/+0.55/+0.42/+nan  R +0.786  ent 2.795  | 132.2s (coll 98.9 upd 24.9)
iter   8  team_ep_R  -5069.13  sampled_loop 0.442  DET_R -0.389  loop 0.438 [+x+y 0.438 +x+y 0.439]  load 0.085  vmin 0.210  stall% 1.3  swing 0.191  coord 0.127  satL 0.07  satW 0.81  gap +0.004  | critic_loss 0.001  EV +1.00  critB 459089(raw 414078)  gcos +0.64  gnorm 1.79e-01  gcos@1/2/4/8 +0.64/+0.63/+0.31/+nan  R +0.762  ent 2.795  | 131.7s (coll 98.8 upd 24.3)
iter   9  team_ep_R  -5164.12  sampled_loop 0.444  | critic_loss 0.001  EV +1.00  critB 517863(raw 1046828)  gcos +0.57  gnorm 1.35e-01  gcos@1/2/4/8 +0.57/+0.49/+0.37/+0.35  R +0.748  ent 2.795  | 133.9s (coll 100.6 upd 24.8)
iter  10  team_ep_R  -5092.63  sampled_loop 0.443  | critic_loss 0.000  EV +1.00  critB 536304(raw 702268)  gcos +0.49  gnorm 1.54e-01  gcos@1/2/4/8 +0.49/+0.58/+0.59/+0.49  R +0.742  ent 2.795  | 132.9s (coll 99.8 upd 24.8)
iter  11  team_ep_R  -5180.37  sampled_loop 0.445  | critic_loss 0.001  EV +1.00  critB 631493(raw 1488198)  gcos +0.38  gnorm 1.25e-01  gcos@1/2/4/8 +0.38/+0.29/+0.40/+0.10  R +0.719  ent 2.795  | 134.7s (coll 100.7 upd 25.5)
iter  12  team_ep_R  -5183.64  sampled_loop 0.445  DET_R -0.393  loop 0.441 [+x+y 0.441 +x+y 0.440]  load 0.085  vmin 0.202  stall% 1.6  swing 0.193  coord 0.127  satL 0.07  satW 0.82  gap +0.004  | critic_loss 0.001  EV +1.00  critB 712918(raw 1445743)  gcos +0.40  gnorm 1.23e-01  gcos@1/2/4/8 +0.40/+0.11/-0.04/+0.17  R +0.681  ent 2.795  | 133.5s (coll 100.1 upd 25.0)
iter  13  team_ep_R  -5106.21  sampled_loop 0.444  | critic_loss 0.001  EV +0.99  critB 723990(raw 823636)  gcos +0.53  gnorm 1.46e-01  gcos@1/2/4/8 +0.53/+0.48/+0.19/+0.47  R +0.664  ent 2.795  | 133.8s (coll 101.0 upd 24.3)
iter  14  team_ep_R  -5122.78  sampled_loop 0.444  | critic_loss 0.001  EV +1.00  critB 705719(raw 541276)  gcos +0.66  gnorm 1.68e-01  gcos@1/2/4/8 +0.66/+0.56/+0.16/+0.15  R +0.640  ent 2.795  | 134.5s (coll 101.2 upd 25.0)
iter  15  team_ep_R  -5170.93  sampled_loop 0.445  | critic_loss 0.001  EV +1.00  critB 662205(raw 270586)  gcos +0.71  gnorm 2.25e-01  gcos@1/2/4/8 +0.71/+0.52/+0.34/+0.05  R +0.609  ent 2.795  | 132.6s (coll 99.2 upd 24.9)
iter  16  team_ep_R  -5161.38  sampled_loop 0.445  DET_R -0.389  loop 0.443 [+x+y 0.442 +x+y 0.444]  load 0.084  vmin 0.256  stall% 0.4  swing 0.192  coord 0.128  satL 0.07  satW 0.81  gap +0.002  | critic_loss 0.000  EV +1.00  critB 624863(raw 288785)  gcos +0.73  gnorm 2.17e-01  gcos@1/2/4/8 +0.73/+0.55/+0.45/-0.27  R +0.577  ent 2.795  | 133.5s (coll 99.3 upd 25.4)
iter  17  team_ep_R  -5098.16  sampled_loop 0.444  | critic_loss 0.000  EV +1.00  critB 593036(raw 306594)  gcos +0.75  gnorm 2.02e-01  gcos@1/2/4/8 +0.75/+0.76/+0.33/-0.14  R +0.569  ent 2.795  | 133.4s (coll 99.7 upd 25.1)
iter  18  team_ep_R  -5215.33  sampled_loop 0.445  | critic_loss 0.001  EV +0.99  critB 578253(raw 445199)  gcos +0.80  gnorm 1.86e-01  gcos@1/2/4/8 +0.80/+0.68/+0.52/+0.10  R +0.563  ent 2.795  | 130.7s (coll 98.8 upd 23.5)
iter  19  team_ep_R  -5136.54  sampled_loop 0.445  | critic_loss 0.000  EV +1.00  critB 597244(raw 768171)  gcos +0.66  gnorm 1.45e-01  gcos@1/2/4/8 +0.66/+0.67/+0.63/+0.12  R +0.560  ent 2.795  | 131.8s (coll 99.4 upd 24.0)
iter  20  team_ep_R  -5146.39  sampled_loop 0.445  DET_R -0.390  loop 0.442 [+x+y 0.442 +x+y 0.442]  load 0.086  vmin 0.275  stall% 0.1  swing 0.194  coord 0.123  satL 0.07  satW 0.81  gap +0.003  | critic_loss 0.000  EV +1.00  critB 596848(raw 593284)  gcos +0.59  gnorm 1.63e-01  gcos@1/2/4/8 +0.59/+0.60/+0.58/+0.22  R +0.556  ent 2.795  | 134.3s (coll 100.5 upd 25.4)
iter  21  team_ep_R  -5267.73  sampled_loop 0.447  | critic_loss 0.001  EV +1.00  critB 618672(raw 815081)  gcos +0.49  gnorm 1.58e-01  gcos@1/2/4/8 +0.49/+0.53/+0.51/+0.12  R +0.548  ent 2.795  | 131.8s (coll 99.6 upd 23.9)
iter  22  team_ep_R  -5230.54  sampled_loop 0.447  | critic_loss 0.001  EV +1.00  critB 643334(raw 865294)  gcos +0.43  gnorm 1.51e-01  gcos@1/2/4/8 +0.43/+0.33/+0.61/+0.50  R +0.541  ent 2.795  | 131.1s (coll 98.0 upd 24.5)
iter  23  team_ep_R  -5151.54  sampled_loop 0.446  | critic_loss 0.000  EV +1.00  critB 646635(raw 676349)  gcos +0.56  gnorm 1.55e-01  gcos@1/2/4/8 +0.56/+0.43/+0.39/+0.39  R +0.533  ent 2.795  | 132.0s (coll 98.6 upd 24.9)
iter  24  team_ep_R  -5090.10  sampled_loop 0.444  DET_R -0.392  loop 0.442 [+x+y 0.443 +x+y 0.441]  load 0.085  vmin 0.242  stall% 1.3  swing 0.195  coord 0.119  satL 0.07  satW 0.81  gap +0.002  | critic_loss 0.001  EV +1.00  critB 603802(raw 218301)  gcos +0.58  gnorm 2.39e-01  gcos@1/2/4/8 +0.58/+0.47/-0.09/+0.04  R +0.516  ent 2.795  | 135.8s (coll 101.8 upd 25.5)
iter  25  team_ep_R  -5173.95  sampled_loop 0.447  | critic_loss 0.000  EV +1.00  critB 578268(raw 348463)  gcos +0.74  gnorm 1.93e-01  gcos@1/2/4/8 +0.74/+0.56/+0.38/+0.23  R +0.510  ent 2.795  | 131.7s (coll 98.7 upd 24.5)
iter  26  team_ep_R  -5174.53  sampled_loop 0.446  | critic_loss 0.001  EV +1.00  critB 590075(raw 696338)  gcos +0.65  gnorm 1.57e-01  gcos@1/2/4/8 +0.65/+0.58/+0.27/+0.04  R +0.502  ent 2.795  | 133.2s (coll 101.0 upd 23.6)
iter  27  team_ep_R  -5185.83  sampled_loop 0.447  | critic_loss 0.000  EV +1.00  critB 568183(raw 371151)  gcos +0.67  gnorm 1.94e-01  gcos@1/2/4/8 +0.67/+0.68/+0.46/+0.12  R +0.496  ent 2.795  | 134.1s (coll 99.2 upd 26.2)
iter  28  team_ep_R  -5172.34  sampled_loop 0.446  DET_R -0.392  loop 0.442 [+x+y 0.442 +x+y 0.441]  load 0.086  vmin 0.259  stall% 1.2  swing 0.194  coord 0.121  satL 0.07  satW 0.80  gap +0.004  | critic_loss 0.001  EV +1.00  critB 566204(raw 548394)  gcos +0.62  gnorm 1.74e-01  gcos@1/2/4/8 +0.62/+0.49/+0.15/-0.14  R +0.486  ent 2.795  | 134.7s (coll 100.7 upd 25.4)
iter  29  team_ep_R  -5092.35  sampled_loop 0.445  | critic_loss 0.001  EV +0.99  critB 533601(raw 240177)  gcos +0.68  gnorm 2.41e-01  gcos@1/2/4/8 +0.68/+0.53/+0.27/-0.00  R +0.478  ent 2.795  | 132.0s (coll 97.7 upd 26.0)
iter  30  team_ep_R  -5088.02  sampled_loop 0.443  | critic_loss 0.000  EV +1.00  critB 517460(raw 372187)  gcos +0.75  gnorm 1.89e-01  gcos@1/2/4/8 +0.75/+0.56/+0.43/+0.02  R +0.480  ent 2.795  | 132.3s (coll 99.0 upd 24.8)
iter  31  team_ep_R  -5114.15  sampled_loop 0.444  | critic_loss 0.001  EV +1.00  critB 535344(raw 696302)  gcos +0.65  gnorm 1.51e-01  gcos@1/2/4/8 +0.65/+0.64/+0.37/+0.03  R +0.480  ent 2.795  | 132.3s (coll 99.7 upd 24.4)
iter  32  team_ep_R  -5134.29  sampled_loop 0.445  DET_R -0.393  loop 0.442 [+x+y 0.442 +x+y 0.442]  load 0.084  vmin 0.228  stall% 1.4  swing 0.195  coord 0.125  satL 0.07  satW 0.80  gap +0.003  | critic_loss 0.001  EV +1.00  critB 558957(raw 771470)  gcos +0.48  gnorm 1.43e-01  gcos@1/2/4/8 +0.48/+0.44/+0.25/-0.20  R +0.481  ent 2.795  | 132.0s (coll 98.8 upd 24.6)
iter  33  team_ep_R  -5128.07  sampled_loop 0.445  | critic_loss 0.001  EV +1.00  critB 562949(raw 598883)  gcos +0.64  gnorm 1.67e-01  gcos@1/2/4/8 +0.64/+0.52/+0.40/+0.02  R +0.482  ent 2.795  | 131.7s (coll 99.2 upd 23.7)
iter  34  team_ep_R  -5164.11  sampled_loop 0.446  | critic_loss 0.001  EV +1.00  critB 573732(raw 670780)  gcos +0.66  gnorm 1.52e-01  gcos@1/2/4/8 +0.66/+0.53/+0.21/-0.05  R +0.481  ent 2.795  | 132.5s (coll 99.6 upd 24.5)
iter  35  team_ep_R  -5111.04  sampled_loop 0.445  | critic_loss 0.000  EV +1.00  critB 590803(raw 744437)  gcos +0.66  gnorm 1.52e-01  gcos@1/2/4/8 +0.66/+0.57/+0.08/-0.23  R +0.477  ent 2.795  | 144.7s (coll 111.9 upd 24.2)
iter  36  team_ep_R  -5081.54  sampled_loop 0.444  DET_R -0.395  loop 0.443 [+x+y 0.441 +x+y 0.446]  load 0.083  vmin 0.167  stall% 1.8  swing 0.195  coord 0.124  satL 0.06  satW 0.80  gap +0.001  | critic_loss 0.000  EV +0.99  critB 579400(raw 476771)  gcos +0.60  gnorm 1.65e-01  gcos@1/2/4/8 +0.60/+0.54/+0.42/-0.01  R +0.477  ent 2.795  | 136.0s (coll 103.3 upd 24.1)
iter  37  team_ep_R  -5129.79  sampled_loop 0.445  | critic_loss 0.001  EV +1.00  critB 656109(raw 1346496)  gcos +0.41  gnorm 1.27e-01  gcos@1/2/4/8 +0.41/+0.27/+0.35/+0.31  R +0.476  ent 2.795  | 135.1s (coll 103.0 upd 23.7)
iter  38  team_ep_R  -5097.96  sampled_loop 0.444  | critic_loss 0.000  EV +1.00  critB 734388(raw 1438893)  gcos +0.25  gnorm 1.21e-01  gcos@1/2/4/8 +0.25/+0.04/+0.16/+0.07  R +0.471  ent 2.795  | 133.4s (coll 98.4 upd 26.5)
iter  39  team_ep_R  -5134.77  sampled_loop 0.445  | critic_loss 0.000  EV +0.99  critB 801658(raw 1407096)  gcos +0.51  gnorm 1.31e-01  gcos@1/2/4/8 +0.51/+0.36/+0.17/+0.22  R +0.468  ent 2.795  | 138.0s (coll 103.5 upd 25.9)
iter  40  team_ep_R  -5050.79  sampled_loop 0.444  DET_R -0.392  loop 0.442 [+x+y 0.439 +x+y 0.444]  load 0.083  vmin 0.191  stall% 1.5  swing 0.190  coord 0.125  satL 0.06  satW 0.80  gap +0.002  | critic_loss 0.001  EV +1.00  critB 771612(raw 501193)  gcos +0.49  gnorm 1.69e-01  gcos@1/2/4/8 +0.49/+0.50/+0.18/+0.35  R +0.467  ent 2.795  | 133.5s (coll 99.2 upd 25.8)
iter  41  team_ep_R  -5058.29  sampled_loop 0.443  | critic_loss 0.000  EV +1.00  critB 745635(raw 511848)  gcos +0.68  gnorm 1.64e-01  gcos@1/2/4/8 +0.68/+0.50/+0.30/+0.13  R +0.461  ent 2.795  | 134.1s (coll 98.2 upd 27.3)
iter  42  team_ep_R  -5236.72  sampled_loop 0.445  | critic_loss 0.001  EV +1.00  critB 774830(raw 1037584)  gcos +0.55  gnorm 1.42e-01  gcos@1/2/4/8 +0.55/+0.31/+0.34/-0.07  R +0.449  ent 2.795  | 132.7s (coll 98.1 upd 26.2)
iter  43  team_ep_R  -5121.06  sampled_loop 0.444  | critic_loss 0.000  EV +1.00  critB 753910(raw 565628)  gcos +0.67  gnorm 1.63e-01  gcos@1/2/4/8 +0.67/+0.55/+0.28/+0.07  R +0.441  ent 2.795  | 129.8s (coll 96.2 upd 25.0)
iter  44  team_ep_R  -5237.43  sampled_loop 0.446  DET_R -0.391  loop 0.442 [+x+y 0.441 +x+y 0.443]  load 0.082  vmin 0.190  stall% 1.2  swing 0.189  coord 0.122  satL 0.06  satW 0.80  gap +0.004  | critic_loss 0.000  EV +1.00  critB 774095(raw 955760)  gcos +0.63  gnorm 1.50e-01  gcos@1/2/4/8 +0.63/+0.52/+0.32/-0.28  R +0.430  ent 2.795  | 131.1s (coll 97.4 upd 25.1)
iter  45  team_ep_R  -5134.29  sampled_loop 0.445  | critic_loss 0.000  EV +1.00  critB 761314(raw 646285)  gcos +0.61  gnorm 1.66e-01  gcos@1/2/4/8 +0.61/+0.72/+0.48/+0.10  R +0.420  ent 2.795  | 133.3s (coll 100.0 upd 25.0)
iter  46  team_ep_R  -5099.70  sampled_loop 0.444  | critic_loss 0.000  EV +1.00  critB 724767(raw 395842)  gcos +0.67  gnorm 1.81e-01  gcos@1/2/4/8 +0.67/+0.57/+0.53/+0.34  R +0.411  ent 2.795  | 131.4s (coll 97.8 upd 25.1)
iter  47  team_ep_R  -5166.09  sampled_loop 0.445  | critic_loss 0.001  EV +1.00  critB 714162(raw 618720)  gcos +0.68  gnorm 1.61e-01  gcos@1/2/4/8 +0.68/+0.52/+0.37/+0.11  R +0.408  ent 2.795  | 132.3s (coll 98.8 upd 25.1)
iter  48  team_ep_R  -5105.61  sampled_loop 0.444  DET_R -0.385  loop 0.440 [+x+y 0.437 +x+y 0.443]  load 0.082  vmin 0.225  stall% 1.3  swing 0.190  coord 0.126  satL 0.07  satW 0.80  gap +0.003  (new best -0.385 -> saved)  | critic_loss 0.000  EV +1.00  critB 700416(raw 576700)  gcos +0.52  gnorm 1.70e-01  gcos@1/2/4/8 +0.52/+0.44/+0.49/+0.18  R +0.401  ent 2.795  | 134.2s (coll 99.9 upd 25.7)
iter  49  team_ep_R  -5091.53  sampled_loop 0.444  | critic_loss 0.000  EV +1.00  critB 688622(raw 582479)  gcos +0.60  gnorm 1.58e-01  gcos@1/2/4/8 +0.60/+0.41/+0.38/+0.24  R +0.398  ent 2.795  | 131.3s (coll 98.4 upd 24.3)
iter  50  team_ep_R  -5123.49  sampled_loop 0.444  | critic_loss 0.001  EV +1.00  critB 746912(raw 1271522)  gcos +0.54  gnorm 1.28e-01  gcos@1/2/4/8 +0.54/+0.50/+0.28/+0.29  R +0.395  ent 2.795  | 134.2s (coll 100.3 upd 25.4)
iter  51  team_ep_R  -5117.21  sampled_loop 0.444  | critic_loss 0.001  EV +1.00  critB 727041(raw 548197)  gcos +0.53  gnorm 1.62e-01  gcos@1/2/4/8 +0.53/+0.44/+0.24/+0.20  R +0.384  ent 2.795  | 132.4s (coll 99.1 upd 24.7)
iter  52  team_ep_R  -5094.48  sampled_loop 0.443  DET_R -0.384  loop 0.438 [+x+y 0.437 +x+y 0.439]  load 0.081  vmin 0.201  stall% 1.3  swing 0.187  coord 0.124  satL 0.06  satW 0.81  gap +0.005  (new best -0.384 -> saved)  | critic_loss 0.001  EV +1.00  critB 736215(raw 818781)  gcos +0.57  gnorm 1.49e-01  gcos@1/2/4/8 +0.57/+0.29/+0.25/+0.27  R +0.371  ent 2.795  | 132.9s (coll 99.6 upd 24.9)
iter  53  team_ep_R  -5152.53  sampled_loop 0.443  | critic_loss 0.000  EV +1.00  critB 747336(raw 847425)  gcos +0.43  gnorm 1.44e-01  gcos@1/2/4/8 +0.43/+0.43/+0.13/+0.29  R +0.364  ent 2.795  | 133.7s (coll 100.2 upd 25.2)
iter  54  team_ep_R  -5037.26  sampled_loop 0.441  | critic_loss 0.000  EV +1.00  critB 818930(raw 1463273)  gcos +0.42  gnorm 1.22e-01  gcos@1/2/4/8 +0.42/+0.55/+0.07/+0.17  R +0.356  ent 2.795  | 131.0s (coll 97.7 upd 24.7)
iter  55  team_ep_R  -5110.10  sampled_loop 0.443  | critic_loss 0.001  EV +1.00  critB 820360(raw 833230)  gcos +0.44  gnorm 1.39e-01  gcos@1/2/4/8 +0.44/+0.38/+0.36/+0.08  R +0.351  ent 2.795  | 133.4s (coll 99.1 upd 25.7)
iter  56  team_ep_R  -5112.21  sampled_loop 0.443  DET_R -0.383  loop 0.438 [+x+y 0.438 +x+y 0.439]  load 0.081  vmin 0.214  stall% 1.1  swing 0.189  coord 0.120  satL 0.06  satW 0.81  gap +0.004  (new best -0.383 -> saved)  | critic_loss 0.001  EV +1.00  critB 813348(raw 750247)  gcos +0.54  gnorm 1.47e-01  gcos@1/2/4/8 +0.54/+0.32/+0.30/+0.21  R +0.351  ent 2.795  | 133.0s (coll 100.1 upd 24.3)
iter  57  team_ep_R  -5086.15  sampled_loop 0.443  | critic_loss 0.000  EV +1.00  critB 796724(raw 647110)  gcos +0.54  gnorm 1.59e-01  gcos@1/2/4/8 +0.54/+0.38/+0.22/+0.54  R +0.352  ent 2.795  | 132.6s (coll 99.3 upd 25.0)
iter  58  team_ep_R  -5151.47  sampled_loop 0.444  | critic_loss 0.001  EV +1.00  critB 774399(raw 573468)  gcos +0.59  gnorm 1.69e-01  gcos@1/2/4/8 +0.59/+0.62/+0.28/+0.32  R +0.351  ent 2.795  | 131.0s (coll 97.6 upd 24.9)
iter  59  team_ep_R  -5076.42  sampled_loop 0.444  | critic_loss 0.000  EV +1.00  critB 759268(raw 623088)  gcos +0.40  gnorm 1.62e-01  gcos@1/2/4/8 +0.40/+0.35/+0.34/+0.51  R +0.345  ent 2.795  | 131.5s (coll 98.5 upd 24.6)
iter  60  team_ep_R  -5087.56  sampled_loop 0.444  DET_R -0.387  loop 0.440 [+x+y 0.437 +x+y 0.442]  load 0.081  vmin 0.186  stall% 1.6  swing 0.189  coord 0.124  satL 0.06  satW 0.81  gap +0.004  | critic_loss 0.000  EV +1.00  critB 814018(raw 1306774)  gcos +0.54  gnorm 1.26e-01  gcos@1/2/4/8 +0.54/+0.22/+0.07/+0.23  R +0.341  ent 2.795  | 130.9s (coll 97.9 upd 24.7)
best (deploy) -> residual_mappo.pt (BEST DET_R -0.383);  resume -> residual_mappo_last.pt
saved mappo_training_4961240.png
