  built mix dir +x+y+z   |move|=5.0m ramp 16s  dpos (4, 1800, 3)
  built mix dir +x+y-z   |move|=5.0m ramp 16s  dpos (4, 1800, 3)
OVERFIT (feasible curriculum RUNG 3 MIX): warm=residual_mappo_overfit.pt  2 dirs @ 5.0m  horizon=18s  (saves -> residual_mappo_overfit*.pt)
eval on 2 trajs ['+x+y+z', '+x+y-z'] (mean = best-net selection metric)
actor warm-started from residual_mappo_overfit.pt (+ its obs normalization + critic)
log_std FROZEN at -1.139 (sigma=0.32); gradients are mean-only
warm-start baseline DET_R -0.387 (seeded best; saves only if beaten)
PARALLEL collection: 93 worker processes (~15053 steps each)
main-process torch threads = 32 (SERIAL update; workers pinned to 1)
iter   1  team_ep_R  -5125.83  sampled_loop 0.442  DET_R -0.397  loop 0.440 [+x+y 0.440 +x+y 0.440]  load 0.087  vmin 0.193  stall% 1.6  swing 0.199  coord 0.143  satL 0.08  satW 0.81  gap +0.002  | critic_loss 0.001  EV +1.00  critB 466291(raw 466291)  gcos +nan  gnorm 1.78e-01  ent 2.795  | 133.0s (coll 99.5 upd 24.6)
iter   2  team_ep_R  -5225.55  sampled_loop 0.445  | critic_loss 0.000  EV +1.00  critB 477280(raw 576176)  gcos +0.70  gnorm 1.77e-01  ent 2.795  | 134.1s (coll 100.3 upd 25.4)
iter   3  team_ep_R  -5205.51  sampled_loop 0.445  | critic_loss 0.001  EV +1.00  critB 483549(raw 539968)  gcos +0.69  gnorm 1.77e-01  ent 2.795  | 131.5s (coll 99.1 upd 24.1)
iter   4  team_ep_R  -5117.47  sampled_loop 0.444  DET_R -0.395  loop 0.439 [+x+y 0.439 +x+y 0.440]  load 0.087  vmin 0.217  stall% 1.7  swing 0.199  coord 0.138  satL 0.08  satW 0.81  gap +0.005  | critic_loss 0.001  EV +1.00  critB 473347(raw 381529)  gcos +0.64  gnorm 1.86e-01  ent 2.795  | 133.0s (coll 98.9 upd 25.5)
iter   5  team_ep_R  -5211.85  sampled_loop 0.445  | critic_loss 0.000  EV +1.00  critB 475824(raw 498119)  gcos +0.70  gnorm 1.78e-01  ent 2.795  | 134.1s (coll 99.2 upd 26.4)
iter   6  team_ep_R  -5136.38  sampled_loop 0.444  | critic_loss 0.001  EV +1.00  critB 463019(raw 347771)  gcos +0.72  gnorm 1.96e-01  ent 2.795  | 133.3s (coll 99.1 upd 26.0)
iter   7  team_ep_R  -5299.15  sampled_loop 0.447  | critic_loss 0.001  EV +1.00  critB 523678(raw 1069611)  gcos +0.65  gnorm 1.45e-01  ent 2.795  | 133.7s (coll 99.5 upd 25.9)
iter   8  team_ep_R  -5172.10  sampled_loop 0.445  DET_R -0.399  loop 0.442 [+x+y 0.441 +x+y 0.443]  load 0.089  vmin 0.228  stall% 1.4  swing 0.204  coord 0.132  satL 0.07  satW 0.80  gap +0.003  | critic_loss 0.000  EV +0.99  critB 522310(raw 510001)  gcos +0.44  gnorm 1.70e-01  ent 2.795  | 137.6s (coll 103.2 upd 26.0)
iter   9  team_ep_R  -5133.37  sampled_loop 0.445  | critic_loss 0.001  EV +1.00  critB 537262(raw 671831)  gcos +0.61  gnorm 1.51e-01  ent 2.795  | 134.2s (coll 100.5 upd 25.4)
iter  10  team_ep_R  -5173.98  sampled_loop 0.445  | critic_loss 0.000  EV +1.00  critB 559021(raw 754852)  gcos +0.64  gnorm 1.46e-01  ent 2.795  | 133.9s (coll 99.7 upd 25.9)
iter  11  team_ep_R  -5153.89  sampled_loop 0.445  | critic_loss 0.000  EV +1.00  critB 577824(raw 747053)  gcos +0.42  gnorm 1.48e-01  ent 2.795  | 133.4s (coll 99.0 upd 26.0)
iter  12  team_ep_R  -5242.79  sampled_loop 0.445  DET_R -0.396  loop 0.441 [+x+y 0.442 +x+y 0.441]  load 0.088  vmin 0.260  stall% 0.6  swing 0.201  coord 0.129  satL 0.07  satW 0.80  gap +0.004  | critic_loss 0.001  EV +1.00  critB 679470(raw 1594281)  gcos +0.37  gnorm 1.20e-01  ent 2.795  | 132.3s (coll 98.1 upd 25.9)
iter  13  team_ep_R  -5157.54  sampled_loop 0.444  | critic_loss 0.000  EV +0.99  critB 679771(raw 682478)  gcos +0.56  gnorm 1.61e-01  ent 2.795  | 132.8s (coll 98.9 upd 25.1)
iter  14  team_ep_R  -5163.04  sampled_loop 0.445  | critic_loss 0.000  EV +1.00  critB 646136(raw 343420)  gcos +0.67  gnorm 1.98e-01  ent 2.795  | 133.7s (coll 99.4 upd 26.1)
iter  15  team_ep_R  -5263.84  sampled_loop 0.447  | critic_loss 0.001  EV +1.00  critB 628432(raw 469103)  gcos +0.76  gnorm 1.75e-01  ent 2.795  | 133.3s (coll 98.5 upd 26.5)
iter  16  team_ep_R  -5122.38  sampled_loop 0.445  DET_R -0.399  loop 0.446 [+x+y 0.448 +x+y 0.444]  load 0.088  vmin 0.284  stall% 0.1  swing 0.200  coord 0.132  satL 0.07  satW 0.81  gap -0.001  | critic_loss 0.001  EV +0.99  critB 612181(raw 465921)  gcos +0.69  gnorm 1.76e-01  ent 2.795  | 133.6s (coll 98.9 upd 26.4)
iter  17  team_ep_R  -5111.59  sampled_loop 0.445  | critic_loss 0.000  EV +1.00  critB 605736(raw 547729)  gcos +0.66  gnorm 1.62e-01  ent 2.795  | 133.8s (coll 98.6 upd 26.6)
iter  18  team_ep_R  -5081.08  sampled_loop 0.444  | critic_loss 0.001  EV +1.00  critB 597571(raw 524090)  gcos +0.49  gnorm 1.69e-01  ent 2.795  | 135.1s (coll 99.3 upd 27.5)
iter  19  team_ep_R  -5133.89  sampled_loop 0.445  | critic_loss 0.001  EV +1.00  critB 659446(raw 1216314)  gcos +0.30  gnorm 1.29e-01  ent 2.795  | 133.3s (coll 99.8 upd 25.2)
iter  20  team_ep_R  -5121.40  sampled_loop 0.445  DET_R -0.395  loop 0.444 [+x+y 0.444 +x+y 0.443]  load 0.087  vmin 0.228  stall% 0.7  swing 0.198  coord 0.132  satL 0.06  satW 0.81  gap +0.001  | critic_loss 0.001  EV +0.99  critB 666883(raw 733819)  gcos +0.43  gnorm 1.54e-01  ent 2.795  | 134.3s (coll 99.5 upd 26.4)
iter  21  team_ep_R  -5293.27  sampled_loop 0.448  | critic_loss 0.001  EV +0.98  critB 803054(raw 2028595)  gcos +0.35  gnorm 1.23e-01  ent 2.795  | 132.2s (coll 98.4 upd 25.4)
iter  22  team_ep_R  -5191.94  sampled_loop 0.446  | critic_loss 0.001  EV +0.99  critB 815210(raw 924612)  gcos +0.40  gnorm 1.49e-01  ent 2.795  | 132.6s (coll 99.5 upd 24.7)
iter  23  team_ep_R  -5188.86  sampled_loop 0.446  | critic_loss 0.001  EV +1.00  critB 811536(raw 778466)  gcos +0.59  gnorm 1.51e-01  ent 2.795  | 132.1s (coll 98.2 upd 25.4)
iter  24  team_ep_R  -5143.20  sampled_loop 0.445  DET_R -0.398  loop 0.445 [+x+y 0.449 +x+y 0.441]  load 0.087  vmin 0.275  stall% 0.1  swing 0.198  coord 0.132  satL 0.07  satW 0.82  gap +0.000  | critic_loss 0.000  EV +0.99  critB 807902(raw 775199)  gcos +0.57  gnorm 1.60e-01  ent 2.795  | 132.6s (coll 98.9 upd 25.1)
iter  25  team_ep_R  -5136.98  sampled_loop 0.446  | critic_loss 0.000  EV +1.00  critB 789773(raw 626612)  gcos +0.61  gnorm 1.53e-01  ent 2.795  | 135.8s (coll 99.1 upd 28.1)
iter  26  team_ep_R  -5161.74  sampled_loop 0.446  | critic_loss 0.000  EV +1.00  critB 754048(raw 432521)  gcos +0.65  gnorm 1.84e-01  ent 2.795  | 133.5s (coll 98.3 upd 26.8)
iter  27  team_ep_R  -5232.70  sampled_loop 0.447  | critic_loss 0.001  EV +1.00  critB 757051(raw 784077)  gcos +0.66  gnorm 1.50e-01  ent 2.795  | 134.1s (coll 99.0 upd 26.5)
iter  28  team_ep_R  -5171.96  sampled_loop 0.445  DET_R -0.392  loop 0.444 [+x+y 0.445 +x+y 0.444]  load 0.085  vmin 0.312  stall% 0.0  swing 0.194  coord 0.133  satL 0.07  satW 0.81  gap +0.001  | critic_loss 0.000  EV +1.00  critB 724931(raw 435848)  gcos +0.71  gnorm 1.85e-01  ent 2.795  | 133.2s (coll 99.1 upd 25.5)
iter  29  team_ep_R  -5137.29  sampled_loop 0.445  | critic_loss 0.000  EV +0.99  critB 679254(raw 268164)  gcos +0.70  gnorm 2.33e-01  ent 2.795  | 135.7s (coll 100.2 upd 27.2)
iter  30  team_ep_R  -5196.49  sampled_loop 0.446  | critic_loss 0.001  EV +0.96  critB 729103(raw 1177743)  gcos +0.62  gnorm 1.52e-01  ent 2.795  | 135.5s (coll 99.9 upd 27.3)
iter  31  team_ep_R  -5142.24  sampled_loop 0.446  | critic_loss 0.001  EV +0.99  critB 681878(raw 256853)  gcos +0.64  gnorm 2.17e-01  ent 2.795  | 133.1s (coll 99.1 upd 25.8)
iter  32  team_ep_R  -5130.14  sampled_loop 0.445  DET_R -0.397  loop 0.445 [+x+y 0.449 +x+y 0.441]  load 0.086  vmin 0.291  stall% 0.1  swing 0.193  coord 0.129  satL 0.06  satW 0.81  gap +0.000  | critic_loss 0.000  EV +1.00  critB 647432(raw 337418)  gcos +0.73  gnorm 1.97e-01  ent 2.795  | 134.6s (coll 99.2 upd 26.8)
iter  33  team_ep_R  -5133.93  sampled_loop 0.446  | critic_loss 0.001  EV +1.00  critB 647458(raw 647697)  gcos +0.65  gnorm 1.56e-01  ent 2.795  | 135.9s (coll 100.1 upd 27.1)
iter  34  team_ep_R  -5188.79  sampled_loop 0.447  | critic_loss 0.000  EV +1.00  critB 750916(raw 1682039)  gcos +0.59  gnorm 1.18e-01  ent 2.795  | 133.7s (coll 99.4 upd 25.9)
