  built mix dir +x+y+z   |move|=5.0m ramp 16s  dpos (4, 1800, 3)
  built mix dir +x+y-z   |move|=5.0m ramp 16s  dpos (4, 1800, 3)
  built mix dir +.2x-y-z |move|=5.0m ramp 16s  dpos (4, 1800, 3)
OVERFIT (feasible curriculum RUNG 3 MIX): warm=residual_mappo_overfit.pt  3 dirs @ 5.0m  horizon=18s  (saves -> residual_mappo_overfit*.pt)
eval on 3 trajs ['+x+y+z', '+x+y-z', '+.2x-y-z'] (mean = best-net selection metric)
actor warm-started from residual_mappo_overfit.pt (+ its obs normalization + critic)
warm-start baseline DET_R -0.426 (seeded best; saves only if beaten)
PARALLEL collection: 93 worker processes (~15053 steps each)
main-process torch threads = 32 (SERIAL update; workers pinned to 1)
iter   1  team_ep_R -11352.07  sampled_loop 0.445  DET_R -0.421  loop 0.443 [+x+y 0.432 +x+y 0.442 +.2x 0.456]  load 0.089  vmin 0.238  stall% 1.3  swing 0.189  coord 0.121  satL 0.09  satW 0.81  gap +0.002  (new best -0.421 -> saved)  | critic_loss 0.004  EV +1.00  critB 107202(raw 107202)  gcos +nan  gnorm 3.24e-01  gcos@1/2/4/8 +nan/+nan/+nan/+nan  R +1.000  ent 4.008  | 135.5s (coll 99.5 upd 27.1)
iter   2  team_ep_R -10451.99  sampled_loop 0.450  | critic_loss 0.005  EV +1.00  critB 112438(raw 159561)  gcos +0.90  gnorm 2.64e-01  gcos@1/2/4/8 +0.90/+nan/+nan/+nan  R +0.976  ent 3.841  | 135.3s (coll 100.0 upd 26.6)
iter   3  team_ep_R  -9688.69  sampled_loop 0.454  | critic_loss 0.005  EV +1.00  critB 123483(raw 222891)  gcos +0.89  gnorm 2.12e-01  gcos@1/2/4/8 +0.89/+0.83/+nan/+nan  R +0.958  ent 3.689  | 133.9s (coll 98.8 upd 26.5)
iter   4  team_ep_R  -8662.82  sampled_loop 0.449  DET_R -0.428  loop 0.450 [+x+y 0.432 +x+y 0.442 +.2x 0.476]  load 0.089  vmin 0.258  stall% 0.6  swing 0.189  coord 0.132  satL 0.09  satW 0.81  gap -0.001  | critic_loss 0.002  EV +1.00  critB 143572(raw 324378)  gcos +0.82  gnorm 2.02e-01  gcos@1/2/4/8 +0.82/+0.83/+nan/+nan  R +0.941  ent 3.565  | 134.1s (coll 99.2 upd 26.2)
iter   5  team_ep_R  -8450.68  sampled_loop 0.448  | critic_loss 0.003  EV +1.00  critB 158172(raw 289568)  gcos +0.79  gnorm 2.01e-01  gcos@1/2/4/8 +0.79/+0.75/+0.80/+nan  R +0.928  ent 3.553  | 135.4s (coll 100.1 upd 26.9)
iter   6  team_ep_R  -8050.97  sampled_loop 0.443  | critic_loss 0.002  EV +1.00  critB 170867(raw 285125)  gcos +0.87  gnorm 2.08e-01  gcos@1/2/4/8 +0.87/+0.74/+0.78/+nan  R +0.918  ent 3.543  | 137.1s (coll 101.7 upd 26.8)
iter   7  team_ep_R  -7919.11  sampled_loop 0.447  | critic_loss 0.003  EV +1.00  critB 192837(raw 390566)  gcos +0.79  gnorm 1.78e-01  gcos@1/2/4/8 +0.79/+0.82/+0.83/+nan  R +0.917  ent 3.531  | 134.6s (coll 99.6 upd 26.5)
iter   8  team_ep_R  -8574.72  sampled_loop 0.445  DET_R -0.433  loop 0.450 [+x+y 0.430 +x+y 0.443 +.2x 0.475]  load 0.089  vmin 0.223  stall% 0.8  swing 0.191  coord 0.126  satL 0.09  satW 0.81  gap -0.004  | critic_loss 0.003  EV +1.00  critB 213186(raw 396325)  gcos +0.83  gnorm 1.86e-01  gcos@1/2/4/8 +0.83/+0.77/+0.77/+nan  R +0.912  ent 3.521  blowups 1  | 136.5s (coll 99.8 upd 28.1)
iter   9  team_ep_R  -7994.70  sampled_loop 0.447  | critic_loss 0.003  EV +1.00  critB 221571(raw 297040)  gcos +0.87  gnorm 2.06e-01  gcos@1/2/4/8 +0.87/+0.79/+0.82/+0.73  R +0.906  ent 3.513  blowups 1  | 135.9s (coll 99.0 upd 28.5)
iter  10  team_ep_R  -8270.38  sampled_loop 0.449  | critic_loss 0.003  EV +1.00  critB 248284(raw 488702)  gcos +0.77  gnorm 1.66e-01  gcos@1/2/4/8 +0.77/+0.74/+0.74/+0.71  R +0.898  ent 3.508  | 135.1s (coll 99.4 upd 26.9)
iter  11  team_ep_R  -8593.45  sampled_loop 0.449  | critic_loss 0.003  EV +1.00  critB 251757(raw 283014)  gcos +0.78  gnorm 2.13e-01  gcos@1/2/4/8 +0.78/+0.80/+0.76/+0.72  R +0.894  ent 3.498  | 135.0s (coll 99.0 upd 27.4)
iter  12  team_ep_R  -7789.69  sampled_loop 0.440  DET_R -0.433  loop 0.448 [+x+y 0.436 +x+y 0.441 +.2x 0.467]  load 0.090  vmin 0.173  stall% 1.6  swing 0.186  coord 0.127  satL 0.09  satW 0.81  gap -0.008  | critic_loss 0.007  EV +1.00  critB 265621(raw 390393)  gcos +0.85  gnorm 2.03e-01  gcos@1/2/4/8 +0.85/+0.73/+0.77/+0.69  R +0.889  ent 3.487  | 133.8s (coll 98.0 upd 27.2)
iter  13  team_ep_R  -8646.02  sampled_loop 0.457  | critic_loss 0.004  EV +1.00  critB 300254(raw 611954)  gcos +0.73  gnorm 1.52e-01  gcos@1/2/4/8 +0.73/+0.75/+0.72/+0.61  R +0.882  ent 3.477  | 137.1s (coll 100.9 upd 27.6)
iter  14  team_ep_R  -8111.67  sampled_loop 0.450  | critic_loss 0.003  EV +1.00  critB 295543(raw 253144)  gcos +0.74  gnorm 2.12e-01  gcos@1/2/4/8 +0.74/+0.75/+0.66/+0.44  R +0.869  ent 3.463  | 133.7s (coll 97.8 upd 27.3)
iter  15  team_ep_R  -7877.51  sampled_loop 0.444  | critic_loss 0.003  EV +1.00  critB 287875(raw 218867)  gcos +0.82  gnorm 2.43e-01  gcos@1/2/4/8 +0.82/+0.78/+0.70/+0.54  R +0.854  ent 3.447  | 138.3s (coll 99.0 upd 30.7)
iter  16  team_ep_R  -8239.52  sampled_loop 0.451  DET_R -0.483  loop 0.473 [+x+y 0.435 +x+y 0.440 +.2x 0.543]  load 0.093  vmin 0.066  stall% 1.1  swing 0.191  coord 0.115  satL 0.08  satW 0.81  gap -0.022  | critic_loss 0.003  EV +1.00  critB 307776(raw 486885)  gcos +0.79  gnorm 1.80e-01  gcos@1/2/4/8 +0.79/+0.74/+0.71/+0.53  R +0.845  ent 3.437  | 141.1s (coll 102.8 upd 29.8)
iter  17  team_ep_R  -8324.66  sampled_loop 0.453  | critic_loss 0.004  EV +1.00  critB 343561(raw 665621)  gcos +0.62  gnorm 1.59e-01  gcos@1/2/4/8 +0.62/+0.77/+0.72/+0.66  R +0.840  ent 3.428  | 138.5s (coll 99.6 upd 30.4)
iter  18  team_ep_R  -8496.82  sampled_loop 0.447  | critic_loss 0.004  EV +1.00  critB 384286(raw 750811)  gcos +0.69  gnorm 1.51e-01  gcos@1/2/4/8 +0.69/+0.59/+0.69/+0.63  R +0.837  ent 3.420  | 137.9s (coll 99.6 upd 29.5)
iter  19  team_ep_R  -8476.56  sampled_loop 0.451  | critic_loss 0.003  EV +1.00  critB 418307(raw 724495)  gcos +0.62  gnorm 1.45e-01  gcos@1/2/4/8 +0.62/+0.48/+0.33/+0.49  R +0.830  ent 3.411  | 137.0s (coll 99.3 upd 29.2)
iter  20  team_ep_R  -8509.43  sampled_loop 0.452  DET_R -0.437  loop 0.450 [+x+y 0.439 +x+y 0.441 +.2x 0.469]  load 0.092  vmin 0.148  stall% 1.8  swing 0.193  coord 0.129  satL 0.08  satW 0.80  gap +0.003  | critic_loss 0.002  EV +1.00  critB 445152(raw 686760)  gcos +0.56  gnorm 1.47e-01  gcos@1/2/4/8 +0.56/+0.67/+0.56/+0.65  R +0.826  ent 3.405  | 135.8s (coll 99.3 upd 27.9)
iter  21  team_ep_R  -7749.31  sampled_loop 0.443  | critic_loss 0.002  EV +1.00  critB 476476(raw 758386)  gcos +0.51  gnorm 1.45e-01  gcos@1/2/4/8 +0.51/+0.55/+0.47/+0.49  R +0.817  ent 3.399  | 137.9s (coll 100.0 upd 29.2)
iter  22  team_ep_R  -7935.73  sampled_loop 0.445  | critic_loss 0.004  EV +1.00  critB 587820(raw 1589916)  gcos +0.64  gnorm 1.27e-01  gcos@1/2/4/8 +0.64/+0.63/+0.52/+0.43  R +0.810  ent 3.396  | 141.4s (coll 102.0 upd 30.8)
iter  23  team_ep_R  -8118.50  sampled_loop 0.445  | critic_loss 0.004  EV +1.00  critB 632790(raw 1037524)  gcos +0.59  gnorm 1.32e-01  gcos@1/2/4/8 +0.59/+0.56/+0.55/+0.52  R +0.806  ent 3.389  | 136.6s (coll 100.7 upd 27.4)
iter  24  team_ep_R  -8064.09  sampled_loop 0.448  DET_R -0.462  loop 0.467 [+x+y 0.440 +x+y 0.439 +.2x 0.522]  load 0.094  vmin 0.149  stall% 1.6  swing 0.187  coord 0.118  satL 0.08  satW 0.81  gap -0.019  | critic_loss 0.003  EV +1.00  critB 649914(raw 804028)  gcos +0.69  gnorm 1.38e-01  gcos@1/2/4/8 +0.69/+0.53/+0.55/+0.45  R +0.802  ent 3.381  | 139.3s (coll 101.7 upd 28.8)
iter  25  team_ep_R  -8102.31  sampled_loop 0.448  | critic_loss 0.005  EV +1.00  critB 677655(raw 927322)  gcos +0.60  gnorm 1.39e-01  gcos@1/2/4/8 +0.60/+0.61/+0.60/+0.49  R +0.798  ent 3.376  | 137.8s (coll 99.9 upd 29.1)
iter  26  team_ep_R  -8053.98  sampled_loop 0.442  | critic_loss 0.003  EV +1.00  critB 746327(raw 1364383)  gcos +0.54  gnorm 1.22e-01  gcos@1/2/4/8 +0.54/+0.48/+0.54/+0.40  R +0.793  ent 3.363  | 137.0s (coll 99.9 upd 28.5)
iter  27  team_ep_R  -7933.96  sampled_loop 0.442  | critic_loss 0.002  EV +1.00  critB 732865(raw 611700)  gcos +0.66  gnorm 1.45e-01  gcos@1/2/4/8 +0.66/+0.53/+0.59/+0.36  R +0.790  ent 3.356  | 137.0s (coll 99.0 upd 29.5)
iter  28  team_ep_R  -8249.65  sampled_loop 0.447  DET_R -0.433  loop 0.450 [+x+y 0.434 +x+y 0.439 +.2x 0.477]  load 0.090  vmin 0.228  stall% 1.0  swing 0.187  coord 0.122  satL 0.07  satW 0.81  gap -0.003  | critic_loss 0.003  EV +1.00  critB 782196(raw 1226174)  gcos +0.54  gnorm 1.35e-01  gcos@1/2/4/8 +0.54/+0.59/+0.47/+0.61  R +0.787  ent 3.350  | 140.1s (coll 101.4 upd 30.0)
iter  29  team_ep_R  -7564.00  sampled_loop 0.433  | critic_loss 0.005  EV +1.00  critB 851969(raw 1479930)  gcos +0.59  gnorm 1.30e-01  gcos@1/2/4/8 +0.59/+0.48/+0.43/+0.48  R +0.783  ent 3.342  | 137.5s (coll 98.9 upd 30.0)
iter  30  team_ep_R  -7951.00  sampled_loop 0.442  | critic_loss 0.004  EV +1.00  critB 866561(raw 997889)  gcos +0.55  gnorm 1.31e-01  gcos@1/2/4/8 +0.55/+0.59/+0.58/+0.42  R +0.778  ent 3.334  | 135.2s (coll 97.6 upd 28.9)
iter  31  team_ep_R  -8022.27  sampled_loop 0.448  | critic_loss 0.003  EV +1.00  critB 840948(raw 610433)  gcos +0.53  gnorm 1.62e-01  gcos@1/2/4/8 +0.53/+0.20/+0.45/+0.29  R +0.771  ent 3.321  blowups 1  | 135.6s (coll 100.1 upd 27.0)
iter  32  team_ep_R  -8250.84  sampled_loop 0.447  DET_R -0.468  loop 0.467 [+x+y 0.434 +x+y 0.434 +.2x 0.533]  load 0.094  vmin 0.222  stall% 0.5  swing 0.189  coord 0.113  satL 0.08  satW 0.81  gap -0.020  | critic_loss 0.003  EV +1.00  critB 814771(raw 579178)  gcos +0.60  gnorm 1.70e-01  gcos@1/2/4/8 +0.60/+0.57/+0.62/+0.31  R +0.768  ent 3.315  | 137.0s (coll 98.9 upd 29.5)
iter  33  team_ep_R  -7688.23  sampled_loop 0.441  | critic_loss 0.003  EV +1.00  critB 778573(raw 452795)  gcos +0.60  gnorm 1.73e-01  gcos@1/2/4/8 +0.60/+0.44/+0.45/+0.47  R +0.767  ent 3.305  | 140.0s (coll 102.1 upd 29.4)
iter  34  team_ep_R  -8110.53  sampled_loop 0.443  | critic_loss 0.004  EV +1.00  critB 764086(raw 633695)  gcos +0.72  gnorm 1.51e-01  gcos@1/2/4/8 +0.72/+0.62/+0.58/+0.63  R +0.767  ent 3.294  | 135.4s (coll 97.8 upd 29.1)
iter  35  team_ep_R  -8042.17  sampled_loop 0.438  | critic_loss 0.003  EV +1.00  critB 781153(raw 934759)  gcos +0.61  gnorm 1.31e-01  gcos@1/2/4/8 +0.61/+0.45/+0.21/+0.52  R +0.762  ent 3.284  | 137.1s (coll 100.1 upd 28.3)
iter  36  team_ep_R  -8082.33  sampled_loop 0.446  DET_R -0.467  loop 0.467 [+x+y 0.432 +x+y 0.439 +.2x 0.528]  load 0.094  vmin 0.211  stall% 0.2  swing 0.187  coord 0.115  satL 0.08  satW 0.81  gap -0.020  | critic_loss 0.002  EV +1.00  critB 782374(raw 793363)  gcos +0.48  gnorm 1.46e-01  gcos@1/2/4/8 +0.48/+0.66/+0.67/+0.55  R +0.760  ent 3.267  | 137.0s (coll 99.1 upd 29.0)
iter  37  team_ep_R  -8270.74  sampled_loop 0.450  | critic_loss 0.003  EV +1.00  critB 751550(raw 474136)  gcos +0.54  gnorm 1.77e-01  gcos@1/2/4/8 +0.54/+0.51/+0.54/+0.64  R +0.758  ent 3.257  | 135.6s (coll 100.1 upd 26.9)
iter  38  team_ep_R  -8205.15  sampled_loop 0.447  | critic_loss 0.003  EV +1.00  critB 739800(raw 634052)  gcos +0.69  gnorm 1.60e-01  gcos@1/2/4/8 +0.69/+0.61/+0.79/+0.61  R +0.759  ent 3.252  | 135.5s (coll 100.3 upd 26.6)
iter  39  team_ep_R  -8125.99  sampled_loop 0.446  | critic_loss 0.003  EV +1.00  critB 723358(raw 575380)  gcos +0.73  gnorm 1.79e-01  gcos@1/2/4/8 +0.73/+0.56/+0.56/+0.33  R +0.756  ent 3.247  | 133.1s (coll 97.7 upd 26.4)
iter  40  team_ep_R  -7828.59  sampled_loop 0.442  DET_R -0.466  loop 0.466 [+x+y 0.430 +x+y 0.439 +.2x 0.528]  load 0.095  vmin 0.245  stall% 0.1  swing 0.188  coord 0.130  satL 0.07  satW 0.81  gap -0.024  | critic_loss 0.003  EV +1.00  critB 710808(raw 597852)  gcos +0.72  gnorm 1.50e-01  gcos@1/2/4/8 +0.72/+0.69/+0.62/+0.66  R +0.754  ent 3.236  | 137.1s (coll 100.3 upd 27.9)
iter  41  team_ep_R  -8140.29  sampled_loop 0.449  | critic_loss 0.002  EV +1.00  critB 732229(raw 925024)  gcos +0.51  gnorm 1.41e-01  gcos@1/2/4/8 +0.51/+0.48/+0.42/+0.23  R +0.745  ent 3.229  | 136.3s (coll 99.0 upd 28.6)
iter  42  team_ep_R  -8012.52  sampled_loop 0.444  | critic_loss 0.003  EV +1.00  critB 723389(raw 643830)  gcos +0.68  gnorm 1.51e-01  gcos@1/2/4/8 +0.68/+0.47/+0.36/+0.41  R +0.737  ent 3.223  | 135.1s (coll 97.9 upd 28.6)
iter  43  team_ep_R  -7711.35  sampled_loop 0.437  | critic_loss 0.002  EV +1.00  critB 695219(raw 441688)  gcos +0.58  gnorm 1.67e-01  gcos@1/2/4/8 +0.58/+0.62/+0.57/+0.44  R +0.733  ent 3.215  | 143.3s (coll 105.5 upd 29.3)
iter  44  team_ep_R  -7998.06  sampled_loop 0.439  DET_R -0.467  loop 0.467 [+x+y 0.431 +x+y 0.440 +.2x 0.532]  load 0.094  vmin 0.239  stall% 0.6  swing 0.186  coord 0.125  satL 0.08  satW 0.82  gap -0.028  | critic_loss 0.003  EV +1.00  critB 704150(raw 784531)  gcos +0.74  gnorm 1.51e-01  gcos@1/2/4/8 +0.74/+0.62/+0.57/+0.28  R +0.728  ent 3.207  | 136.1s (coll 99.8 upd 27.7)
iter  45  team_ep_R  -8194.50  sampled_loop 0.439  | critic_loss 0.003  EV +1.00  critB 671497(raw 377619)  gcos +0.61  gnorm 1.87e-01  gcos@1/2/4/8 +0.61/+0.59/+0.69/+0.26  R +0.717  ent 3.200  | 141.0s (coll 103.7 upd 28.4)
iter  46  team_ep_R  -7819.71  sampled_loop 0.434  | critic_loss 0.003  EV +1.00  critB 641237(raw 368896)  gcos +0.74  gnorm 1.89e-01  gcos@1/2/4/8 +0.74/+0.68/+0.77/+0.46  R +0.712  ent 3.197  | 135.7s (coll 97.5 upd 29.4)
iter  47  team_ep_R  -8039.60  sampled_loop 0.441  | critic_loss 0.002  EV +1.00  critB 616778(raw 396643)  gcos +0.71  gnorm 1.83e-01  gcos@1/2/4/8 +0.71/+0.59/+0.63/+0.70  R +0.709  ent 3.185  | 136.3s (coll 99.0 upd 28.6)
iter  48  team_ep_R  -7717.48  sampled_loop 0.438  DET_R -0.486  loop 0.478 [+x+y 0.434 +x+y 0.441 +.2x 0.560]  load 0.094  vmin 0.248  stall% 0.2  swing 0.190  coord 0.121  satL 0.08  satW 0.82  gap -0.041  | critic_loss 0.002  EV +1.00  critB 618803(raw 637027)  gcos +0.69  gnorm 1.57e-01  gcos@1/2/4/8 +0.69/+0.71/+0.65/+0.64  R +0.708  ent 3.169  | 137.7s (coll 100.4 upd 28.7)
iter  49  team_ep_R  -8350.34  sampled_loop 0.444  | critic_loss 0.003  EV +1.00  critB 630018(raw 730958)  gcos +0.75  gnorm 1.53e-01  gcos@1/2/4/8 +0.75/+0.66/+0.40/+0.51  R +0.707  ent 3.162  | 137.4s (coll 100.5 upd 28.0)
iter  50  team_ep_R  -8388.78  sampled_loop 0.444  | critic_loss 0.004  EV +1.00  critB 626245(raw 592282)  gcos +0.73  gnorm 1.68e-01  gcos@1/2/4/8 +0.73/+0.76/+0.62/+0.49  R +0.708  ent 3.149  | 133.8s (coll 97.7 upd 27.4)
iter  51  team_ep_R  -8516.47  sampled_loop 0.447  | critic_loss 0.002  EV +1.00  critB 645151(raw 815312)  gcos +0.66  gnorm 1.57e-01  gcos@1/2/4/8 +0.66/+0.66/+0.65/+0.50  R +0.706  ent 3.140  | 134.4s (coll 98.4 upd 27.4)
iter  52  team_ep_R  -8248.05  sampled_loop 0.448  DET_R -0.468  loop 0.471 [+x+y 0.433 +x+y 0.440 +.2x 0.538]  load 0.093  vmin 0.191  stall% 0.2  swing 0.183  coord 0.122  satL 0.08  satW 0.82  gap -0.022  | critic_loss 0.004  EV +1.00  critB 651661(raw 710252)  gcos +0.62  gnorm 1.55e-01  gcos@1/2/4/8 +0.62/+0.73/+0.74/+0.63  R +0.705  ent 3.134  | 135.2s (coll 97.5 upd 29.1)
iter  53  team_ep_R  -8290.49  sampled_loop 0.450  | critic_loss 0.003  EV +1.00  critB 628651(raw 421557)  gcos +0.71  gnorm 1.71e-01  gcos@1/2/4/8 +0.71/+0.69/+0.68/+0.43  R +0.706  ent 3.130  | 136.4s (coll 100.2 upd 27.6)
iter  54  team_ep_R  -7917.18  sampled_loop 0.448  | critic_loss 0.002  EV +1.00  critB 606405(raw 406190)  gcos +0.66  gnorm 1.85e-01  gcos@1/2/4/8 +0.66/+0.70/+0.70/+0.35  R +0.704  ent 3.120  | 135.4s (coll 99.6 upd 27.1)
iter  55  team_ep_R  -8094.88  sampled_loop 0.448  | critic_loss 0.003  EV +1.00  critB 598270(raw 525060)  gcos +0.62  gnorm 1.80e-01  gcos@1/2/4/8 +0.62/+0.69/+0.61/+0.61  R +0.704  ent 3.112  | 134.4s (coll 98.8 upd 27.1)
iter  56  team_ep_R  -7853.67  sampled_loop 0.442  DET_R -0.444  loop 0.453 [+x+y 0.431 +x+y 0.439 +.2x 0.489]  load 0.093  vmin 0.208  stall% 0.2  swing 0.187  coord 0.114  satL 0.08  satW 0.82  gap -0.011  | critic_loss 0.002  EV +1.00  critB 583070(raw 446271)  gcos +0.68  gnorm 1.78e-01  gcos@1/2/4/8 +0.68/+0.77/+0.64/+0.60  R +0.704  ent 3.101  | 144.8s (coll 108.2 upd 28.1)
iter  57  team_ep_R  -8234.08  sampled_loop 0.446  | critic_loss 0.003  EV +1.00  critB 577731(raw 529675)  gcos +0.66  gnorm 1.68e-01  gcos@1/2/4/8 +0.66/+0.51/+0.64/+0.50  R +0.701  ent 3.098  | 136.5s (coll 99.3 upd 28.6)
iter  58  team_ep_R  -8095.85  sampled_loop 0.444  | critic_loss 0.003  EV +1.00  critB 585817(raw 658597)  gcos +0.77  gnorm 1.61e-01  gcos@1/2/4/8 +0.77/+0.64/+0.63/+0.56  R +0.698  ent 3.088  | 136.7s (coll 99.3 upd 28.7)
iter  59  team_ep_R  -7720.75  sampled_loop 0.441  | critic_loss 0.003  EV +1.00  critB 592994(raw 657584)  gcos +0.59  gnorm 1.53e-01  gcos@1/2/4/8 +0.59/+0.45/+0.52/+0.53  R +0.694  ent 3.083  | 133.3s (coll 98.7 upd 25.7)
iter  60  team_ep_R  -8037.88  sampled_loop 0.445  DET_R -0.457  loop 0.463 [+x+y 0.429 +x+y 0.440 +.2x 0.520]  load 0.093  vmin 0.205  stall% 0.2  swing 0.194  coord 0.130  satL 0.08  satW 0.83  gap -0.018  | critic_loss 0.003  EV +1.00  critB 607073(raw 733778)  gcos +0.54  gnorm 1.53e-01  gcos@1/2/4/8 +0.54/+0.63/+0.61/+0.53  R +0.692  ent 3.073  | 137.8s (coll 103.5 upd 25.8)
iter  61  team_ep_R  -7635.62  sampled_loop 0.444  | critic_loss 0.003  EV +1.00  critB 661279(raw 1149136)  gcos +0.61  gnorm 1.34e-01  gcos@1/2/4/8 +0.61/+0.48/+0.62/+0.56  R +0.692  ent 3.064  | 134.0s (coll 98.0 upd 27.4)
iter  62  team_ep_R  -8138.39  sampled_loop 0.448  | critic_loss 0.003  EV +1.00  critB 652680(raw 575295)  gcos +0.56  gnorm 1.66e-01  gcos@1/2/4/8 +0.56/+0.58/+0.75/+0.61  R +0.689  ent 3.056  | 133.8s (coll 98.5 upd 26.8)
iter  63  team_ep_R  -8568.11  sampled_loop 0.452  | critic_loss 0.003  EV +1.00  critB 699759(raw 1123467)  gcos +0.60  gnorm 1.38e-01  gcos@1/2/4/8 +0.60/+0.59/+0.56/+0.51  R +0.687  ent 3.047  | 134.4s (coll 97.7 upd 28.1)
iter  64  team_ep_R  -7829.55  sampled_loop 0.446  DET_R -0.457  loop 0.464 [+x+y 0.430 +x+y 0.439 +.2x 0.522]  load 0.093  vmin 0.167  stall% 0.7  swing 0.190  coord 0.137  satL 0.09  satW 0.83  gap -0.017  | critic_loss 0.003  EV +1.00  critB 672755(raw 429719)  gcos +0.65  gnorm 1.92e-01  gcos@1/2/4/8 +0.65/+0.73/+0.56/+0.60  R +0.685  ent 3.044  | 137.6s (coll 100.2 upd 28.7)
iter  65  team_ep_R  -8529.26  sampled_loop 0.453  | critic_loss 0.003  EV +1.00  critB 638277(raw 327970)  gcos +0.79  gnorm 2.00e-01  gcos@1/2/4/8 +0.79/+0.59/+0.50/+0.67  R +0.682  ent 3.031  | 136.7s (coll 99.5 upd 28.8)
iter  66  team_ep_R  -8686.98  sampled_loop 0.454  | critic_loss 0.003  EV +1.00  critB 665389(raw 909397)  gcos +0.79  gnorm 1.52e-01  gcos@1/2/4/8 +0.79/+0.80/+0.72/+0.69  R +0.679  ent 3.031  | 135.6s (coll 98.5 upd 28.5)
iter  67  team_ep_R  -8565.55  sampled_loop 0.452  | critic_loss 0.004  EV +1.00  critB 655810(raw 569598)  gcos +0.72  gnorm 1.75e-01  gcos@1/2/4/8 +0.72/+0.72/+0.62/+0.62  R +0.677  ent 3.022  | 134.9s (coll 97.5 upd 29.0)
iter  68  team_ep_R  -8036.27  sampled_loop 0.448  DET_R -0.463  loop 0.467 [+x+y 0.428 +x+y 0.441 +.2x 0.532]  load 0.092  vmin 0.109  stall% 0.6  swing 0.191  coord 0.116  satL 0.08  satW 0.83  gap -0.019  | critic_loss 0.003  EV +1.00  critB 682946(raw 927173)  gcos +0.59  gnorm 1.53e-01  gcos@1/2/4/8 +0.59/+0.68/+0.74/+0.52  R +0.674  ent 3.018  | 134.9s (coll 98.8 upd 27.6)
iter  69  team_ep_R  -8151.30  sampled_loop 0.440  | critic_loss 0.005  EV +1.00  critB 678662(raw 640102)  gcos +0.74  gnorm 1.64e-01  gcos@1/2/4/8 +0.74/+0.66/+0.67/+0.57  R +0.671  ent 3.014  | 137.5s (coll 100.2 upd 28.8)
iter  70  team_ep_R  -8613.27  sampled_loop 0.443  | critic_loss 0.003  EV +1.00  critB 694123(raw 833281)  gcos +0.78  gnorm 1.46e-01  gcos@1/2/4/8 +0.78/+0.72/+0.75/+0.71  R +0.669  ent 3.010  | 136.4s (coll 99.1 upd 28.5)
iter  71  team_ep_R  -8284.51  sampled_loop 0.444  | critic_loss 0.003  EV +1.00  critB 721342(raw 966313)  gcos +0.70  gnorm 1.47e-01  gcos@1/2/4/8 +0.70/+0.70/+0.73/+0.59  R +0.666  ent 2.997  | 140.3s (coll 102.4 upd 29.5)
iter  72  team_ep_R  -8027.45  sampled_loop 0.445  DET_R -0.457  loop 0.463 [+x+y 0.428 +x+y 0.441 +.2x 0.521]  load 0.094  vmin 0.208  stall% 0.7  swing 0.191  coord 0.138  satL 0.08  satW 0.83  gap -0.018  | critic_loss 0.004  EV +1.00  critB 714655(raw 654469)  gcos +0.75  gnorm 1.52e-01  gcos@1/2/4/8 +0.75/+0.71/+0.68/+0.73  R +0.664  ent 2.985  | 137.0s (coll 99.7 upd 28.9)
iter  73  team_ep_R  -7663.37  sampled_loop 0.437  | critic_loss 0.002  EV +1.00  critB 684916(raw 417260)  gcos +0.78  gnorm 1.90e-01  gcos@1/2/4/8 +0.78/+0.72/+0.72/+0.68  R +0.660  ent 2.977  | 134.7s (coll 98.2 upd 27.9)
iter  74  team_ep_R  -7906.32  sampled_loop 0.440  | critic_loss 0.003  EV +1.00  critB 647268(raw 308439)  gcos +0.74  gnorm 2.17e-01  gcos@1/2/4/8 +0.74/+0.64/+0.69/+0.66  R +0.655  ent 2.971  | 137.2s (coll 99.5 upd 29.1)
iter  75  team_ep_R  -8200.17  sampled_loop 0.448  | critic_loss 0.003  EV +1.00  critB 634003(raw 514621)  gcos +0.68  gnorm 1.66e-01  gcos@1/2/4/8 +0.68/+0.69/+0.60/+0.44  R +0.650  ent 2.965  | 133.8s (coll 97.9 upd 27.3)
iter  76  team_ep_R  -8137.86  sampled_loop 0.446  DET_R -0.455  loop 0.461 [+x+y 0.426 +x+y 0.443 +.2x 0.515]  load 0.094  vmin 0.218  stall% 0.2  swing 0.193  coord 0.132  satL 0.08  satW 0.83  gap -0.015  | critic_loss 0.004  EV +1.00  critB 624859(raw 542557)  gcos +0.65  gnorm 1.74e-01  gcos@1/2/4/8 +0.65/+0.83/+0.68/+0.60  R +0.647  ent 2.956  | 142.8s (coll 107.2 upd 27.1)
iter  77  team_ep_R  -8072.32  sampled_loop 0.443  | critic_loss 0.003  EV +1.00  critB 612729(raw 503563)  gcos +0.83  gnorm 1.76e-01  gcos@1/2/4/8 +0.83/+0.69/+0.80/+0.70  R +0.644  ent 2.947  | 134.7s (coll 98.4 upd 27.9)
iter  78  team_ep_R  -8174.48  sampled_loop 0.444  | critic_loss 0.003  EV +1.00  critB 603814(raw 523575)  gcos +0.80  gnorm 1.80e-01  gcos@1/2/4/8 +0.80/+0.77/+0.84/+0.63  R +0.642  ent 2.949  | 137.7s (coll 100.3 upd 28.5)
iter  79  team_ep_R  -8021.36  sampled_loop 0.438  | critic_loss 0.002  EV +1.00  critB 597030(raw 535982)  gcos +0.75  gnorm 1.69e-01  gcos@1/2/4/8 +0.75/+0.77/+0.58/+0.50  R +0.642  ent 2.941  | 136.0s (coll 99.2 upd 28.3)
iter  80  team_ep_R  -7912.42  sampled_loop 0.441  DET_R -0.485  loop 0.478 [+x+y 0.427 +x+y 0.440 +.2x 0.566]  load 0.094  vmin 0.248  stall% 0.4  swing 0.191  coord 0.122  satL 0.09  satW 0.83  gap -0.036  | critic_loss 0.002  EV +1.00  critB 603702(raw 663745)  gcos +0.59  gnorm 1.54e-01  gcos@1/2/4/8 +0.59/+0.65/+0.61/+0.46  R +0.640  ent 2.940  | 135.5s (coll 98.3 upd 28.6)
iter  81  team_ep_R  -8394.66  sampled_loop 0.441  | critic_loss 0.003  EV +1.00  critB 602382(raw 590503)  gcos +0.61  gnorm 1.69e-01  gcos@1/2/4/8 +0.61/+0.70/+0.77/+0.69  R +0.640  ent 2.928  | 135.1s (coll 100.4 upd 26.1)
iter  82  team_ep_R  -8131.44  sampled_loop 0.442  | critic_loss 0.003  EV +1.00  critB 623630(raw 814860)  gcos +0.62  gnorm 1.51e-01  gcos@1/2/4/8 +0.62/+0.65/+0.74/+0.70  R +0.639  ent 2.920  | 134.1s (coll 97.5 upd 28.1)
iter  83  team_ep_R  -8055.10  sampled_loop 0.445  | critic_loss 0.004  EV +1.00  critB 597781(raw 365145)  gcos +0.68  gnorm 1.80e-01  gcos@1/2/4/8 +0.68/+0.66/+0.71/+0.59  R +0.637  ent 2.915  | 134.3s (coll 97.7 upd 28.0)
iter  84  team_ep_R  -8418.95  sampled_loop 0.440  DET_R -0.452  loop 0.461 [+x+y 0.427 +x+y 0.442 +.2x 0.513]  load 0.094  vmin 0.171  stall% 0.7  swing 0.191  coord 0.146  satL 0.08  satW 0.82  gap -0.020  | critic_loss 0.003  EV +1.00  critB 588384(raw 503813)  gcos +0.67  gnorm 1.77e-01  gcos@1/2/4/8 +0.67/+0.68/+0.56/+0.74  R +0.635  ent 2.908  | 135.8s (coll 99.2 upd 28.2)
iter  85  team_ep_R  -7725.25  sampled_loop 0.433  | critic_loss 0.003  EV +1.00  critB 582174(raw 526277)  gcos +0.66  gnorm 1.72e-01  gcos@1/2/4/8 +0.66/+0.73/+0.81/+0.77  R +0.635  ent 2.903  | 134.8s (coll 97.8 upd 28.5)
iter  86  team_ep_R  -8061.76  sampled_loop 0.437  | critic_loss 0.002  EV +1.00  critB 568809(raw 448530)  gcos +0.68  gnorm 1.76e-01  gcos@1/2/4/8 +0.68/+0.58/+0.63/+0.76  R +0.633  ent 2.898  | 136.1s (coll 98.8 upd 28.6)
iter  87  team_ep_R  -7683.33  sampled_loop 0.438  | critic_loss 0.003  EV +1.00  critB 572632(raw 607042)  gcos +0.72  gnorm 1.58e-01  gcos@1/2/4/8 +0.72/+0.59/+0.53/+0.69  R +0.633  ent 2.893  | 136.2s (coll 99.2 upd 28.4)
iter  88  team_ep_R  -7924.48  sampled_loop 0.436  DET_R -0.449  loop 0.457 [+x+y 0.428 +x+y 0.440 +.2x 0.502]  load 0.094  vmin 0.278  stall% 0.1  swing 0.189  coord 0.119  satL 0.08  satW 0.82  gap -0.021  | critic_loss 0.002  EV +1.00  critB 604331(raw 889620)  gcos +0.63  gnorm 1.57e-01  gcos@1/2/4/8 +0.63/+0.71/+0.48/+0.52  R +0.633  ent 2.888  | 135.1s (coll 99.9 upd 26.6)
iter  89  team_ep_R  -7587.40  sampled_loop 0.436  | critic_loss 0.002  EV +1.00  critB 616395(raw 724966)  gcos +0.71  gnorm 1.53e-01  gcos@1/2/4/8 +0.71/+0.68/+0.43/+0.39  R +0.633  ent 2.877  | 134.8s (coll 99.0 upd 27.4)
iter  90  team_ep_R  -7974.33  sampled_loop 0.436  | critic_loss 0.002  EV +1.00  critB 612688(raw 579326)  gcos +0.64  gnorm 1.77e-01  gcos@1/2/4/8 +0.64/+0.64/+0.68/+0.51  R +0.635  ent 2.871  | 135.1s (coll 99.2 upd 27.3)
iter  91  team_ep_R  -8005.25  sampled_loop 0.438  | critic_loss 0.003  EV +1.00  critB 612262(raw 608431)  gcos +0.79  gnorm 1.63e-01  gcos@1/2/4/8 +0.79/+0.63/+0.60/+0.47  R +0.636  ent 2.864  | 133.4s (coll 98.1 upd 26.9)
iter  92  team_ep_R  -8200.54  sampled_loop 0.444  DET_R -0.463  loop 0.469 [+x+y 0.428 +x+y 0.440 +.2x 0.538]  load 0.092  vmin 0.120  stall% 0.5  swing 0.183  coord 0.119  satL 0.07  satW 0.82  gap -0.025  | critic_loss 0.003  EV +1.00  critB 623999(raw 729629)  gcos +0.66  gnorm 1.53e-01  gcos@1/2/4/8 +0.66/+0.63/+0.61/+0.21  R +0.636  ent 2.861  | 133.8s (coll 97.4 upd 27.5)
iter  93  team_ep_R  -7748.38  sampled_loop 0.441  | critic_loss 0.003  EV +1.00  critB 650678(raw 890793)  gcos +0.60  gnorm 1.53e-01  gcos@1/2/4/8 +0.60/+0.59/+0.66/+0.33  R +0.636  ent 2.855  | 135.4s (coll 99.0 upd 28.0)
iter  94  team_ep_R  -7917.41  sampled_loop 0.436  | critic_loss 0.003  EV +1.00  critB 644706(raw 590956)  gcos +0.51  gnorm 1.71e-01  gcos@1/2/4/8 +0.51/+0.45/+0.30/+0.24  R +0.633  ent 2.856  | 137.7s (coll 99.6 upd 29.2)
iter  95  team_ep_R  -7677.44  sampled_loop 0.437  | critic_loss 0.002  EV +1.00  critB 644438(raw 642022)  gcos +0.70  gnorm 1.70e-01  gcos@1/2/4/8 +0.70/+0.39/+0.44/+0.30  R +0.632  ent 2.850  | 135.9s (coll 98.5 upd 29.0)
iter  96  team_ep_R  -7962.45  sampled_loop 0.432  DET_R -0.459  loop 0.466 [+x+y 0.430 +x+y 0.438 +.2x 0.529]  load 0.093  vmin 0.122  stall% 1.0  swing 0.184  coord 0.117  satL 0.08  satW 0.82  gap -0.033  | critic_loss 0.002  EV +1.00  critB 655786(raw 757922)  gcos +0.74  gnorm 1.61e-01  gcos@1/2/4/8 +0.74/+0.71/+0.51/+0.23  R +0.630  ent 2.843  | 135.4s (coll 98.0 upd 29.0)
iter  97  team_ep_R  -8172.75  sampled_loop 0.441  | critic_loss 0.003  EV +1.00  critB 657273(raw 670651)  gcos +0.70  gnorm 1.67e-01  gcos@1/2/4/8 +0.70/+0.73/+0.54/+0.48  R +0.629  ent 2.839  | 134.9s (coll 98.0 upd 28.3)
iter  98  team_ep_R  -7886.95  sampled_loop 0.441  | critic_loss 0.003  EV +1.00  critB 677544(raw 859986)  gcos +0.59  gnorm 1.50e-01  gcos@1/2/4/8 +0.59/+0.51/+0.55/+0.39  R +0.629  ent 2.833  | 142.8s (coll 105.2 upd 29.0)
iter  99  team_ep_R  -7810.30  sampled_loop 0.437  | critic_loss 0.002  EV +1.00  critB 791831(raw 1820415)  gcos +0.58  gnorm 1.27e-01  gcos@1/2/4/8 +0.58/+0.49/+0.52/+0.39  R +0.629  ent 2.833  | 137.8s (coll 100.2 upd 29.1)
iter 100  team_ep_R  -7931.90  sampled_loop 0.441  DET_R -0.470  loop 0.472 [+x+y 0.429 +x+y 0.438 +.2x 0.548]  load 0.093  vmin 0.180  stall% 0.7  swing 0.186  coord 0.119  satL 0.07  satW 0.82  gap -0.031  | critic_loss 0.003  EV +1.00  critB 769330(raw 566816)  gcos +0.66  gnorm 1.58e-01  gcos@1/2/4/8 +0.66/+0.43/+0.51/+0.13  R +0.627  ent 2.831  | 136.1s (coll 99.4 upd 28.1)
iter 101  team_ep_R  -7984.80  sampled_loop 0.438  | critic_loss 0.002  EV +1.00  critB 789660(raw 972634)  gcos +0.62  gnorm 1.42e-01  gcos@1/2/4/8 +0.62/+0.64/+0.39/+0.29  R +0.626  ent 2.830  | 136.4s (coll 98.6 upd 29.2)
iter 102  team_ep_R  -7873.25  sampled_loop 0.442  | critic_loss 0.002  EV +1.00  critB 780367(raw 696727)  gcos +0.63  gnorm 1.60e-01  gcos@1/2/4/8 +0.63/+0.66/+0.40/+0.40  R +0.625  ent 2.827  | 141.2s (coll 104.5 upd 28.1)
iter 103  team_ep_R  -8084.32  sampled_loop 0.441  | critic_loss 0.002  EV +1.00  critB 768879(raw 665490)  gcos +0.64  gnorm 1.68e-01  gcos@1/2/4/8 +0.64/+0.46/+0.54/+0.34  R +0.624  ent 2.828  | 136.5s (coll 99.1 upd 28.9)
iter 104  team_ep_R  -7971.52  sampled_loop 0.439  DET_R -0.448  loop 0.459 [+x+y 0.434 +x+y 0.438 +.2x 0.504]  load 0.094  vmin 0.182  stall% 0.6  swing 0.186  coord 0.123  satL 0.08  satW 0.82  gap -0.020  | critic_loss 0.002  EV +1.00  critB 757856(raw 658649)  gcos +0.76  gnorm 1.63e-01  gcos@1/2/4/8 +0.76/+0.57/+0.55/+0.52  R +0.623  ent 2.827  | 135.2s (coll 97.8 upd 28.7)
iter 105  team_ep_R  -8094.66  sampled_loop 0.440  | critic_loss 0.003  EV +1.00  critB 725210(raw 431399)  gcos +0.62  gnorm 1.99e-01  gcos@1/2/4/8 +0.62/+0.67/+0.43/+0.10  R +0.618  ent 2.822  | 134.2s (coll 97.1 upd 28.6)
iter 106  team_ep_R  -7843.13  sampled_loop 0.439  | critic_loss 0.002  EV +1.00  critB 703816(raw 511271)  gcos +0.74  gnorm 1.82e-01  gcos@1/2/4/8 +0.74/+0.65/+0.66/+0.44  R +0.615  ent 2.819  | 141.3s (coll 104.3 upd 28.6)
iter 107  team_ep_R  -8155.02  sampled_loop 0.436  | critic_loss 0.002  EV +1.00  critB 682335(raw 489002)  gcos +0.75  gnorm 1.91e-01  gcos@1/2/4/8 +0.75/+0.74/+0.67/+0.40  R +0.611  ent 2.812  | 135.8s (coll 99.4 upd 27.9)
iter 108  team_ep_R  -8229.68  sampled_loop 0.443  DET_R -0.872  loop 0.509 [+x+y 0.432 +x+y 0.443 +.2x 0.653]  load 0.123  vmin 0.140  stall% 2.5  swing 0.255  coord 0.448  satL 0.09  satW 0.84  gap -0.066  | critic_loss 0.002  EV +1.00  critB 668566(raw 544642)  gcos +0.64  gnorm 1.82e-01  gcos@1/2/4/8 +0.64/+0.73/+0.56/+0.45  R +0.608  ent 2.812  | 135.7s (coll 99.5 upd 27.5)
iter 109  team_ep_R  -7623.72  sampled_loop 0.432  | critic_loss 0.003  EV +1.00  critB 641823(raw 401136)  gcos +0.70  gnorm 2.00e-01  gcos@1/2/4/8 +0.70/+0.64/+0.79/+0.40  R +0.604  ent 2.813  | 137.4s (coll 101.7 upd 26.8)
iter 110  team_ep_R  -8093.32  sampled_loop 0.438  | critic_loss 0.003  EV +1.00  critB 608902(raw 312615)  gcos +0.73  gnorm 2.16e-01  gcos@1/2/4/8 +0.73/+0.70/+0.70/+0.43  R +0.598  ent 2.814  | 133.6s (coll 99.1 upd 25.6)
iter 111  team_ep_R  -8058.45  sampled_loop 0.441  | critic_loss 0.003  EV +1.00  critB 583109(raw 350974)  gcos +0.75  gnorm 1.97e-01  gcos@1/2/4/8 +0.75/+0.61/+0.67/+0.49  R +0.594  ent 2.811  | 132.8s (coll 97.5 upd 26.9)
iter 112  team_ep_R  -7669.29  sampled_loop 0.435  DET_R -0.476  loop 0.474 [+x+y 0.430 +x+y 0.439 +.2x 0.554]  load 0.093  vmin 0.248  stall% 0.2  swing 0.184  coord 0.122  satL 0.08  satW 0.83  gap -0.040  | critic_loss 0.002  EV +1.00  critB 569678(raw 448800)  gcos +0.68  gnorm 1.75e-01  gcos@1/2/4/8 +0.68/+0.69/+0.60/+0.65  R +0.592  ent 2.809  | 137.1s (coll 102.3 upd 26.3)
iter 113  team_ep_R  -8143.60  sampled_loop 0.438  | critic_loss 0.002  EV +1.00  critB 570221(raw 575111)  gcos +0.69  gnorm 1.71e-01  gcos@1/2/4/8 +0.69/+0.73/+0.67/+0.72  R +0.590  ent 2.808  | 136.1s (coll 101.0 upd 26.5)
iter 114  team_ep_R  -7753.57  sampled_loop 0.433  | critic_loss 0.002  EV +1.00  critB 578748(raw 655492)  gcos +0.72  gnorm 1.69e-01  gcos@1/2/4/8 +0.72/+0.73/+0.67/+0.73  R +0.589  ent 2.808  | 132.2s (coll 97.2 upd 26.5)
iter 115  team_ep_R  -7606.07  sampled_loop 0.427  | critic_loss 0.002  EV +1.00  critB 588898(raw 680241)  gcos +0.70  gnorm 1.64e-01  gcos@1/2/4/8 +0.70/+0.63/+0.64/+0.70  R +0.588  ent 2.806  | 133.6s (coll 98.6 upd 26.5)
iter 116  team_ep_R  -7797.34  sampled_loop 0.437  DET_R -0.486  loop 0.479 [+x+y 0.432 +x+y 0.438 +.2x 0.569]  load 0.093  vmin 0.237  stall% 0.2  swing 0.184  coord 0.122  satL 0.09  satW 0.83  gap -0.042  | critic_loss 0.002  EV +1.00  critB 566207(raw 361995)  gcos +0.68  gnorm 1.95e-01  gcos@1/2/4/8 +0.68/+0.67/+0.71/+0.69  R +0.586  ent 2.807  | 133.0s (coll 97.9 upd 26.6)
iter 117  team_ep_R  -7933.28  sampled_loop 0.438  | critic_loss 0.002  EV +1.00  critB 552061(raw 424746)  gcos +0.70  gnorm 1.98e-01  gcos@1/2/4/8 +0.70/+0.58/+0.71/+0.58  R +0.582  ent 2.805  blowups 1  | 135.8s (coll 100.7 upd 26.3)
iter 118  team_ep_R  -8001.66  sampled_loop 0.440  | critic_loss 0.003  EV +1.00  critB 535483(raw 386277)  gcos +0.78  gnorm 1.98e-01  gcos@1/2/4/8 +0.78/+0.81/+0.61/+0.61  R +0.579  ent 2.806  | 141.1s (coll 105.2 upd 27.3)
iter 119  team_ep_R  -7732.22  sampled_loop 0.438  | critic_loss 0.003  EV +1.00  critB 551828(raw 698933)  gcos +0.73  gnorm 1.72e-01  gcos@1/2/4/8 +0.73/+0.78/+0.60/+0.62  R +0.577  ent 2.803  | 131.0s (coll 97.5 upd 25.2)
iter 120  team_ep_R  -7767.27  sampled_loop 0.435  DET_R -0.498  loop 0.484 [+x+y 0.429 +x+y 0.437 +.2x 0.586]  load 0.093  vmin 0.259  stall% 0.1  swing 0.187  coord 0.123  satL 0.09  satW 0.84  gap -0.049  | critic_loss 0.002  EV +1.00  critB 556985(raw 603402)  gcos +0.74  gnorm 1.76e-01  gcos@1/2/4/8 +0.74/+0.76/+0.69/+0.52  R +0.575  ent 2.803  | 135.7s (coll 101.2 upd 25.9)
iter 121  team_ep_R  -8079.01  sampled_loop 0.435  | critic_loss 0.002  EV +1.00  critB 541180(raw 398929)  gcos +0.70  gnorm 1.94e-01  gcos@1/2/4/8 +0.70/+0.65/+0.77/+0.64  R +0.573  ent 2.801  | 131.8s (coll 97.5 upd 25.8)
iter 122  team_ep_R  -7881.67  sampled_loop 0.439  | critic_loss 0.002  EV +1.00  critB 519229(raw 321669)  gcos +0.81  gnorm 2.38e-01  gcos@1/2/4/8 +0.81/+0.67/+0.72/+0.55  R +0.570  ent 2.798  | 135.0s (coll 99.7 upd 26.6)
iter 123  team_ep_R  -7791.11  sampled_loop 0.438  | critic_loss 0.002  EV +1.00  critB 506647(raw 393408)  gcos +0.81  gnorm 2.12e-01  gcos@1/2/4/8 +0.81/+0.77/+0.76/+0.59  R +0.568  ent 2.799  | 131.8s (coll 96.9 upd 26.4)
iter 124  team_ep_R  -7860.48  sampled_loop 0.435  DET_R -0.476  loop 0.474 [+x+y 0.430 +x+y 0.440 +.2x 0.552]  load 0.094  vmin 0.253  stall% 0.2  swing 0.186  coord 0.127  satL 0.09  satW 0.84  gap -0.039  | critic_loss 0.002  EV +1.00  critB 491579(raw 355974)  gcos +0.85  gnorm 2.16e-01  gcos@1/2/4/8 +0.85/+0.81/+0.80/+0.79  R +0.566  ent 2.798  | 131.9s (coll 97.0 upd 26.3)
iter 125  team_ep_R  -7527.05  sampled_loop 0.432  | critic_loss 0.003  EV +1.00  critB 479084(raw 366624)  gcos +0.79  gnorm 2.01e-01  gcos@1/2/4/8 +0.79/+0.71/+0.65/+0.63  R +0.566  ent 2.795  | 136.6s (coll 101.8 upd 26.3)
iter 126  team_ep_R  -8231.06  sampled_loop 0.439  | critic_loss 0.002  EV +1.00  critB 465883(raw 347076)  gcos +0.68  gnorm 2.07e-01  gcos@1/2/4/8 +0.68/+0.70/+0.74/+0.66  R +0.564  ent 2.796  | 135.5s (coll 100.3 upd 26.5)
iter 127  team_ep_R  -7801.35  sampled_loop 0.439  | critic_loss 0.002  EV +1.00  critB 463721(raw 444265)  gcos +0.76  gnorm 1.97e-01  gcos@1/2/4/8 +0.76/+0.66/+0.68/+0.68  R +0.563  ent 2.795  | 135.3s (coll 100.6 upd 26.3)
iter 128  team_ep_R  -7712.56  sampled_loop 0.433  DET_R -0.869  loop 0.508 [+x+y 0.431 +x+y 0.439 +.2x 0.656]  load 0.120  vmin 0.048  stall% 1.5  swing 0.247  coord 0.444  satL 0.09  satW 0.86  gap -0.075  | critic_loss 0.002  EV +1.00  critB 458857(raw 415078)  gcos +0.68  gnorm 2.01e-01  gcos@1/2/4/8 +0.68/+0.72/+0.67/+0.59  R +0.563  ent 2.799  | 131.8s (coll 96.6 upd 26.6)
iter 129  team_ep_R  -8170.98  sampled_loop 0.442  | critic_loss 0.004  EV +1.00  critB 456577(raw 436057)  gcos +0.73  gnorm 2.10e-01  gcos@1/2/4/8 +0.73/+0.70/+0.73/+0.65  R +0.563  ent 2.798  | 133.3s (coll 97.9 upd 26.8)
iter 130  team_ep_R  -7944.84  sampled_loop 0.435  | critic_loss 0.003  EV +1.00  critB 458467(raw 475481)  gcos +0.77  gnorm 1.84e-01  gcos@1/2/4/8 +0.77/+0.81/+0.73/+0.76  R +0.563  ent 2.797  | 132.3s (coll 97.7 upd 26.1)
iter 131  team_ep_R  -7667.93  sampled_loop 0.433  | critic_loss 0.002  EV +1.00  critB 450822(raw 382012)  gcos +0.74  gnorm 2.13e-01  gcos@1/2/4/8 +0.74/+0.74/+0.62/+0.77  R +0.563  ent 2.797  | 134.4s (coll 98.6 upd 27.3)
iter 132  team_ep_R  -7596.86  sampled_loop 0.431  DET_R -0.474  loop 0.475 [+x+y 0.438 +x+y 0.440 +.2x 0.547]  load 0.092  vmin 0.130  stall% 0.8  swing 0.183  coord 0.121  satL 0.08  satW 0.85  gap -0.044  | critic_loss 0.002  EV +1.00  critB 480254(raw 745147)  gcos +0.74  gnorm 1.76e-01  gcos@1/2/4/8 +0.74/+0.75/+0.77/+0.73  R +0.563  ent 2.796  | 132.5s (coll 97.0 upd 27.1)
iter 133  team_ep_R  -7629.72  sampled_loop 0.432  | critic_loss 0.002  EV +1.00  critB 513681(raw 814518)  gcos +0.72  gnorm 1.60e-01  gcos@1/2/4/8 +0.72/+0.73/+0.68/+0.68  R +0.564  ent 2.797  | 134.8s (coll 99.9 upd 26.4)
iter 134  team_ep_R  -7912.02  sampled_loop 0.436  | critic_loss 0.002  EV +1.00  critB 505585(raw 432719)  gcos +0.66  gnorm 1.86e-01  gcos@1/2/4/8 +0.66/+0.79/+0.66/+0.67  R +0.564  ent 2.797  | 132.0s (coll 97.4 upd 26.2)
iter 135  team_ep_R  -7872.24  sampled_loop 0.435  | critic_loss 0.003  EV +1.00  critB 506438(raw 514117)  gcos +0.68  gnorm 1.89e-01  gcos@1/2/4/8 +0.68/+0.61/+0.50/+0.51  R +0.563  ent 2.796  | 133.8s (coll 99.3 upd 26.1)
iter 136  team_ep_R  -7610.83  sampled_loop 0.436  DET_R -0.480  loop 0.471 [+x+y 0.430 +x+y 0.440 +.2x 0.543]  load 0.091  vmin 0.100  stall% 2.1  swing 0.187  coord 0.153  satL 0.08  satW 0.85  gap -0.035  | critic_loss 0.002  EV +1.00  critB 534142(raw 783484)  gcos +0.73  gnorm 1.54e-01  gcos@1/2/4/8 +0.73/+0.67/+0.65/+0.56  R +0.563  ent 2.795  | 132.2s (coll 97.2 upd 26.6)
iter 137  team_ep_R  -7737.93  sampled_loop 0.432  | critic_loss 0.002  EV +1.00  critB 573358(raw 926296)  gcos +0.72  gnorm 1.48e-01  gcos@1/2/4/8 +0.72/+0.68/+0.56/+0.53  R +0.563  ent 2.797  | 132.4s (coll 97.6 upd 26.4)
iter 138  team_ep_R  -7597.05  sampled_loop 0.430  | critic_loss 0.002  EV +1.00  critB 570781(raw 547589)  gcos +0.70  gnorm 1.70e-01  gcos@1/2/4/8 +0.70/+0.66/+0.48/+0.26  R +0.562  ent 2.797  | 133.1s (coll 98.2 upd 26.4)
iter 139  team_ep_R  -7584.47  sampled_loop 0.433  | critic_loss 0.003  EV +1.00  critB 578929(raw 652264)  gcos +0.50  gnorm 1.68e-01  gcos@1/2/4/8 +0.50/+0.69/+0.63/+0.67  R +0.562  ent 2.797  | 134.6s (coll 98.5 upd 27.8)
iter 140  team_ep_R  -7917.67  sampled_loop 0.436  DET_R -0.464  loop 0.465 [+x+y 0.432 +x+y 0.437 +.2x 0.527]  load 0.090  vmin 0.053  stall% 1.3  swing 0.180  coord 0.137  satL 0.08  satW 0.85  gap -0.029  | critic_loss 0.002  EV +1.00  critB 568379(raw 473428)  gcos +0.73  gnorm 1.86e-01  gcos@1/2/4/8 +0.73/+0.48/+0.61/+0.72  R +0.562  ent 2.798  | 150.9s (coll 115.0 upd 27.4)
iter 141  team_ep_R  -7815.39  sampled_loop 0.436  | critic_loss 0.002  EV +1.00  critB 585286(raw 737450)  gcos +0.69  gnorm 1.71e-01  gcos@1/2/4/8 +0.69/+0.66/+0.64/+0.67  R +0.562  ent 2.800  | 133.1s (coll 97.2 upd 27.4)
iter 142  team_ep_R  -7958.93  sampled_loop 0.437  | critic_loss 0.002  EV +1.00  critB 641001(raw 1142430)  gcos +0.65  gnorm 1.35e-01  gcos@1/2/4/8 +0.65/+0.71/+0.49/+0.70  R +0.563  ent 2.796  | 134.2s (coll 98.0 upd 27.4)
iter 143  team_ep_R  -7617.26  sampled_loop 0.433  | critic_loss 0.002  EV +1.00  critB 643009(raw 661089)  gcos +0.61  gnorm 1.57e-01  gcos@1/2/4/8 +0.61/+0.61/+0.63/+0.55  R +0.563  ent 2.797  | 138.6s (coll 103.7 upd 26.5)
iter 144  team_ep_R  -7799.98  sampled_loop 0.436  DET_R -0.433  loop 0.453 [+x+y 0.435 +x+y 0.438 +.2x 0.485]  load 0.090  vmin 0.278  stall% 0.1  swing 0.178  coord 0.138  satL 0.07  satW 0.85  gap -0.016  | critic_loss 0.003  EV +1.00  critB 637612(raw 589033)  gcos +0.68  gnorm 1.64e-01  gcos@1/2/4/8 +0.68/+0.65/+0.69/+0.68  R +0.563  ent 2.796  | 134.8s (coll 99.2 upd 27.1)
iter 145  team_ep_R  -7183.24  sampled_loop 0.428  | critic_loss 0.002  EV +1.00  critB 654352(raw 805016)  gcos +0.52  gnorm 1.55e-01  gcos@1/2/4/8 +0.52/+0.66/+0.38/+0.57  R +0.564  ent 2.796  | 132.8s (coll 97.7 upd 26.6)
iter 146  team_ep_R  -7388.89  sampled_loop 0.426  | critic_loss 0.003  EV +1.00  critB 645196(raw 562790)  gcos +0.62  gnorm 1.80e-01  gcos@1/2/4/8 +0.62/+0.62/+0.63/+0.40  R +0.564  ent 2.798  | 132.7s (coll 97.3 upd 26.8)
iter 147  team_ep_R  -7868.65  sampled_loop 0.432  | critic_loss 0.002  EV +1.00  critB 656690(raw 760138)  gcos +0.74  gnorm 1.46e-01  gcos@1/2/4/8 +0.74/+0.69/+0.58/+0.54  R +0.565  ent 2.796  | 138.5s (coll 103.9 upd 26.2)
iter 148  team_ep_R  -7355.85  sampled_loop 0.423  DET_R -0.434  loop 0.448 [+x+y 0.432 +x+y 0.439 +.2x 0.474]  load 0.091  vmin 0.281  stall% 0.1  swing 0.181  coord 0.141  satL 0.08  satW 0.85  gap -0.025  | critic_loss 0.002  EV +1.00  critB 643433(raw 524117)  gcos +0.67  gnorm 1.82e-01  gcos@1/2/4/8 +0.67/+0.75/+0.59/+0.64  R +0.564  ent 2.795  | 133.9s (coll 98.9 upd 26.5)
iter 149  team_ep_R  -7543.93  sampled_loop 0.425  | critic_loss 0.002  EV +1.00  critB 654078(raw 749888)  gcos +0.70  gnorm 1.57e-01  gcos@1/2/4/8 +0.70/+0.66/+0.54/+0.42  R +0.564  ent 2.797  | 141.8s (coll 106.9 upd 26.5)
iter 150  team_ep_R  -7193.42  sampled_loop 0.425  DET_R -0.435  loop 0.450 [+x+y 0.434 +x+y 0.439 +.2x 0.477]  load 0.091  vmin 0.254  stall% 0.2  swing 0.179  coord 0.145  satL 0.08  satW 0.85  gap -0.025  | critic_loss 0.002  EV +1.00  critB 709410(raw 1207398)  gcos +0.68  gnorm 1.32e-01  gcos@1/2/4/8 +0.68/+0.60/+0.64/+0.57  R +0.565  ent 2.796  | 133.7s (coll 98.4 upd 26.8)
best (deploy) -> residual_mappo.pt (BEST DET_R -0.421);  resume -> residual_mappo_last.pt
saved mappo_training_4961990.png
